#
# There is insufficient memory for the Java Runtime Environment to continue.
# Native memory allocation (malloc) failed to allocate 4420568 bytes. Error detail: Chunk::new
# Possible reasons:
#   The system is out of physical RAM or swap space
#   This process is running with CompressedOops enabled, and the Java Heap may be blocking the growth of the native heap
# Possible solutions:
#   Reduce memory load on the system
#   Increase physical memory or swap space
#   Check if swap backing store is full
#   Decrease Java heap size (-Xmx/-Xms)
#   Decrease number of Java threads
#   Decrease Java thread stack sizes (-Xss)
#   Set larger code cache with -XX:ReservedCodeCacheSize=
#   JVM is running with Unscaled Compressed Oops mode in which the Java heap is
#     placed in the first 4GB address space. The Java Heap base address is the
#     maximum limit for the native heap growth. Please use -XX:HeapBaseMinAddress
#     to set the Java Heap base and to place the Java Heap above 4GB virtual address.
# This output file may be truncated or incomplete.
#
#  Out of Memory Error (arena.cpp:193), pid=2132, tid=6072
#
# JRE version: OpenJDK Runtime Environment Temurin-26.0.2+10 (26.0.2+10) (build 26.0.2+10)
# Java VM: OpenJDK 64-Bit Server VM Temurin-26.0.2+10 (26.0.2+10, mixed mode, sharing, tiered, compressed oops, compressed class ptrs, g1 gc, windows-amd64)
# No core dump will be written. Minidumps are not enabled by default on client versions of Windows
#

---------------  S U M M A R Y ------------

Command Line: com.gabicake.api.ApiApplication

Host: 12th Gen Intel(R) Core(TM) i3-1215U, 8 cores, 3G,  Windows 11 , 64 bit Build 26100 (10.0.26100.9549)
Time: Sat Oct  3 02:40:58 2026 Hora oficial do Brasil elapsed time: 924.440182 seconds (0d 0h 15m 24s)

---------------  T H R E A D  ---------------

Current thread (0x000001d0dfaf68e0):  JavaThread "C2 CompilerThread0" daemon [_thread_in_native, id=6072, stack(0x000000a541200000,0x000000a541300000) (1024K)]


Current CompileTask:
C2:924440 6449 % !   4       com.sun.crypto.provider.PBKDF2KeyImpl::deriveKey @ 176 (302 bytes)

Stack: [0x000000a541200000,0x000000a541300000]
Native frames: (J=compiled Java code, j=interpreted, Vv=VM code, C=native code)
V  [jvm.dll+0x7dcd79]  (no source info available)
V  [jvm.dll+0x7a98ad]  (no source info available)
V  [jvm.dll+0xa461e0]  (no source info available)
V  [jvm.dll+0xa48631]  (no source info available)
V  [jvm.dll+0xa48d43]  (no source info available)
V  [jvm.dll+0x312fe6]  (no source info available)
V  [jvm.dll+0x120836]  (no source info available)
V  [jvm.dll+0x120b5e]  (no source info available)
V  [jvm.dll+0x1b2d56]  (no source info available)
V  [jvm.dll+0x3d0232]  (no source info available)
V  [jvm.dll+0x7e594f]  (no source info available)
V  [jvm.dll+0x2d5897]  (no source info available)
V  [jvm.dll+0x2d480f]  (no source info available)
V  [jvm.dll+0x249b90]  (no source info available)
V  [jvm.dll+0x2e493c]  (no source info available)
V  [jvm.dll+0x2e2b1d]  (no source info available)
V  [jvm.dll+0x4a9d0e]  (no source info available)
V  [jvm.dll+0x9e4749]  (no source info available)
V  [jvm.dll+0x7de858]  (no source info available)
C  [ucrtbase.dll+0x2cd30]  (no source info available)
C  [KERNEL32.DLL+0x2cdf7]  (no source info available)
C  [ntdll.dll+0x7ee4c]  (no source info available)

Lock stack of current Java thread (top to bottom):


---------------  P R O C E S S  ---------------

Threads class SMR info:
_java_thread_list=0x000001d0e6fcb250, length=30, elements={
0x000001d0dfad2c50, 0x000001d0dfad40c0, 0x000001d0dfad8230, 0x000001d0dfadbce0,
0x000001d0dfade310, 0x000001d0dfae01d0, 0x000001d0dfaf68e0, 0x000001d0dfafa440,
0x000001d0dfbbe050, 0x000001d0dfbc2880, 0x000001d0e5d37f10, 0x000001d0e5d89c90,
0x000001d0e5822d40, 0x000001d0e4e1bde0, 0x000001d0e827cb40, 0x000001d0e82809c0,
0x000001d0e8281190, 0x000001d0e827ea80, 0x000001d0e8281960, 0x000001d0e827f250,
0x000001d0e827fa20, 0x000001d0e82801f0, 0x000001d0dfec2b80, 0x000001d0dfec23b0,
0x000001d0dfec0c40, 0x000001d0dfec5290, 0x000001d0dfec6230, 0x000001d0e7b307d0,
0x000001d0e7b32ee0, 0x000001d0e7b336b0
}

Java Threads: ( => current thread )
  0x000001d0dfad2c50 JavaThread "Reference Handler"          daemon [_thread_blocked, id=17104, stack(0x000000a540c00000,0x000000a540d00000) (1024K)]
  0x000001d0dfad40c0 JavaThread "Finalizer"                  daemon [_thread_blocked, id=8600, stack(0x000000a540d00000,0x000000a540e00000) (1024K)]
  0x000001d0dfad8230 JavaThread "Signal Dispatcher"          daemon [_thread_blocked, id=8044, stack(0x000000a540e00000,0x000000a540f00000) (1024K)]
  0x000001d0dfadbce0 JavaThread "Attach Listener"            daemon [_thread_blocked, id=12936, stack(0x000000a540f00000,0x000000a541000000) (1024K)]
  0x000001d0dfade310 JavaThread "Service Thread"             daemon [_thread_blocked, id=8844, stack(0x000000a541000000,0x000000a541100000) (1024K)]
  0x000001d0dfae01d0 JavaThread "Monitor Deflation Thread"   daemon [_thread_blocked, id=16048, stack(0x000000a541100000,0x000000a541200000) (1024K)]
=>0x000001d0dfaf68e0 JavaThread "C2 CompilerThread0"         daemon [_thread_in_native, id=6072, stack(0x000000a541200000,0x000000a541300000) (1024K)]
  0x000001d0dfafa440 JavaThread "C1 CompilerThread0"         daemon [_thread_blocked, id=18400, stack(0x000000a541300000,0x000000a541400000) (1024K)]
  0x000001d0dfbbe050 JavaThread "Notification Thread"        daemon [_thread_blocked, id=8652, stack(0x000000a541400000,0x000000a541500000) (1024K)]
  0x000001d0dfbc2880 JavaThread "Common-Cleaner"             daemon [_thread_blocked, id=18044, stack(0x000000a541500000,0x000000a541600000) (1024K)]
  0x000001d0e5d37f10 JavaThread "Catalina-utility-1"                [_thread_blocked, id=20416, stack(0x000000a541d00000,0x000000a541e00000) (1024K)]
  0x000001d0e5d89c90 JavaThread "Catalina-utility-2"                [_thread_blocked, id=17492, stack(0x000000a542000000,0x000000a542100000) (1024K)]
  0x000001d0e5822d40 JavaThread "container-0"                       [_thread_blocked, id=12004, stack(0x000000a542100000,0x000000a542200000) (1024K)]
  0x000001d0e4e1bde0 JavaThread "Cleaner-0"                  daemon [_thread_blocked, id=8584, stack(0x000000a542300000,0x000000a542400000) (1024K)]
  0x000001d0e827cb40 JavaThread "HikariPool-1:housekeeper"   daemon [_thread_blocked, id=12156, stack(0x000000a542400000,0x000000a542500000) (1024K)]
  0x000001d0e82809c0 JavaThread "http-nio-8080-exec-1"       daemon [_thread_blocked, id=17664, stack(0x000000a542600000,0x000000a542700000) (1024K)]
  0x000001d0e8281190 JavaThread "http-nio-8080-exec-2"       daemon [_thread_blocked, id=18012, stack(0x000000a542700000,0x000000a542800000) (1024K)]
  0x000001d0e827ea80 JavaThread "http-nio-8080-exec-3"       daemon [_thread_blocked, id=1348, stack(0x000000a542800000,0x000000a542900000) (1024K)]
  0x000001d0e8281960 JavaThread "http-nio-8080-exec-4"       daemon [_thread_blocked, id=19672, stack(0x000000a542900000,0x000000a542a00000) (1024K)]
  0x000001d0e827f250 JavaThread "http-nio-8080-exec-5"       daemon [_thread_blocked, id=17552, stack(0x000000a542a00000,0x000000a542b00000) (1024K)]
  0x000001d0e827fa20 JavaThread "http-nio-8080-exec-6"       daemon [_thread_blocked, id=12080, stack(0x000000a542b00000,0x000000a542c00000) (1024K)]
  0x000001d0e82801f0 JavaThread "http-nio-8080-exec-7"       daemon [_thread_blocked, id=16512, stack(0x000000a542c00000,0x000000a542d00000) (1024K)]
  0x000001d0dfec2b80 JavaThread "http-nio-8080-exec-8"       daemon [_thread_blocked, id=17876, stack(0x000000a542d00000,0x000000a542e00000) (1024K)]
  0x000001d0dfec23b0 JavaThread "http-nio-8080-exec-9"       daemon [_thread_blocked, id=20472, stack(0x000000a542e00000,0x000000a542f00000) (1024K)]
  0x000001d0dfec0c40 JavaThread "http-nio-8080-exec-10"      daemon [_thread_blocked, id=13448, stack(0x000000a542f00000,0x000000a543000000) (1024K)]
  0x000001d0dfec5290 JavaThread "http-nio-8080-Poller"       daemon [_thread_in_native, id=5788, stack(0x000000a543000000,0x000000a543100000) (1024K)]
  0x000001d0dfec6230 JavaThread "http-nio-8080-Acceptor"     daemon [_thread_in_native, id=9316, stack(0x000000a543100000,0x000000a543200000) (1024K)]
  0x000001d0e7b307d0 JavaThread "DestroyJavaVM"                     [_thread_blocked, id=10640, stack(0x000000a540300000,0x000000a540400000) (1024K)]
  0x000001d0e7b32ee0 JavaThread "HikariPool-1:connection-closer" daemon [_thread_blocked, id=19580, stack(0x000000a540000000,0x000000a540100000) (1024K)]
  0x000001d0e7b336b0 JavaThread "HikariPool-1:connection-adder" daemon [_thread_blocked, id=6232, stack(0x000000a540100000,0x000000a540200000) (1024K)]
Total: 30

Other Threads:
  0x000001d0c3ae3d60 VMThread "VM Thread"                           [id=17656, stack(0x000000a540b00000,0x000000a540c00000) (1024K)]
  0x000001d0c3ad2f70 WatcherThread "VM Periodic Task Thread"        [id=6292, stack(0x000000a540a00000,0x000000a540b00000) (1024K)]
  0x000001d0c3a6c8e0 WorkerThread "GC Thread#0"                     [id=1856, stack(0x000000a540400000,0x000000a540500000) (1024K)]
  0x000001d0dfe0e130 WorkerThread "GC Thread#1"                     [id=2676, stack(0x000000a541600000,0x000000a541700000) (1024K)]
  0x000001d0e4b59a40 WorkerThread "GC Thread#2"                     [id=9704, stack(0x000000a541900000,0x000000a541a00000) (1024K)]
  0x000001d0e4c196f0 WorkerThread "GC Thread#3"                     [id=19472, stack(0x000000a541800000,0x000000a541900000) (1024K)]
  0x000001d0e4f056b0 WorkerThread "GC Thread#4"                     [id=8544, stack(0x000000a541a00000,0x000000a541b00000) (1024K)]
  0x000001d0e4edf750 WorkerThread "GC Thread#5"                     [id=17856, stack(0x000000a541c00000,0x000000a541d00000) (1024K)]
  0x000001d0e54ca660 WorkerThread "GC Thread#6"                     [id=20288, stack(0x000000a541e00000,0x000000a541f00000) (1024K)]
  0x000001d0e554f310 WorkerThread "GC Thread#7"                     [id=7552, stack(0x000000a541f00000,0x000000a542000000) (1024K)]
  0x000001d0c3a78ce0 ConcurrentGCThread "G1 Main Marker"            [id=10244, stack(0x000000a540500000,0x000000a540600000) (1024K)]
  0x000001d0c3a79860 WorkerThread "G1 Conc#0"                       [id=8532, stack(0x000000a540600000,0x000000a540700000) (1024K)]
  0x000001d0dffa3670 WorkerThread "G1 Conc#1"                       [id=13512, stack(0x000000a541700000,0x000000a541800000) (1024K)]
  0x000001d0c3ab14a0 WorkerThread "G1 Refinement Workers#0"         [id=17688, stack(0x000000a540800000,0x000000a540900000) (1024K)]
  0x000001d0c3ab08e0 ConcurrentGCThread "G1 Refine Control"         [id=17792, stack(0x000000a540700000,0x000000a540800000) (1024K)]
  0x000001d0c3ab4d70 ConcurrentGCThread "G1 Service"                [id=2864, stack(0x000000a540900000,0x000000a540a00000) (1024K)]
Total: 16

Threads with active compile tasks:
C2 CompilerThread0  925023 6449 % !   4       com.sun.crypto.provider.PBKDF2KeyImpl::deriveKey @ 176 (302 bytes)
Total: 1

VM state: not at safepoint (normal execution)

VM Mutex/Monitor currently owned by a thread: None

Heap address: 0x00000000c4400000, size: 956 MB, Compressed Oops mode: 32-bit

CDS archive(s) mapped at: [0x0000000082000000-0x0000000082de0000-0x0000000082de0000), size 14548992, SharedBaseAddress: 0x0000000082000000, ArchiveRelocationMode: 1.
Compressed class space mapped at: 0x0000000083000000-0x00000000c3000000, reserved size: 1073741824
UseCompressedClassPointers 1, UseCompactObjectHeaders 0
Narrow klass pointer bits 32, Max shift 3
Narrow klass base: 0x0000000082000000, Narrow klass shift: 0
Encoding Range: [0x0000000082000000 - 0x0000000182000000), (4294967296 bytes)
Klass Range:    [0x0000000082000000 - 0x00000000c3000000), (1090519040 bytes)
Klass ID Range:  [8 - 1090519033) (1090519025)
Protection zone: [0x0000000082000000 - 0x0000000082010000), (65536 bytes)

GC Precious Log:
 CardTable entry size: 512
 Card Set container configuration: InlinePtr #cards 5 size 8 Array Of Cards #cards 10 size 36 Howl #buckets 4 coarsen threshold 1843 Howl Bitmap #cards 512 size 80 coarsen threshold 460 Card regions per heap region 1 cards per card region 2048
 CPUs: 8 total, 8 available
 Memory: 3820M
 Large Page Support: Disabled
 NUMA Support: Disabled
 Compressed Oops: Enabled (32-bit)
 Heap Region Size: 1M
 Heap Min Capacity: 8M
 Heap Initial Capacity: 8M
 Heap Max Capacity: 956M
 Pre-touch: Disabled
 Parallel Workers: 8
 Concurrent Workers: 2
 Concurrent Refinement Workers: 8
 Periodic GC: Disabled

Heap:
 garbage-first heap   total reserved 978944K, committed 82944K, used 31176K [0x00000000c4400000, 0x0000000100000000)
  region size 1M, 1 eden (1M), 3 survivor (3M), 27 old (27M), 1 humongous (1M), 49 free (49M)

Heap Regions: E=young(eden), S=young(survivor), O=old, HS=humongous(starts), HC=humongous(continues), CS=collection set, F=free, TAMS=top-at-mark-start, PB=parsable bottom
|    0|0x00000000c4400000, 0x00000000c4500000, 0x00000000c4500000|100%|HS|  |TAMS 0x00000000c4400000| PB 0x00000000c4400000| Complete  |  0
|    1|0x00000000c4500000, 0x00000000c4600000, 0x00000000c4600000|100%| O|  |TAMS 0x00000000c4500000| PB 0x00000000c4500000| Untracked |  0
|    2|0x00000000c4600000, 0x00000000c4700000, 0x00000000c4700000|100%| O|  |TAMS 0x00000000c4600000| PB 0x00000000c4600000| Untracked |  0
|    3|0x00000000c4700000, 0x00000000c4800000, 0x00000000c4800000|100%| O|  |TAMS 0x00000000c4700000| PB 0x00000000c4700000| Untracked |  0
|    4|0x00000000c4800000, 0x00000000c4900000, 0x00000000c4900000|100%| O|  |TAMS 0x00000000c4800000| PB 0x00000000c4800000| Untracked |  0
|    5|0x00000000c4900000, 0x00000000c4a00000, 0x00000000c4a00000|100%| O|  |TAMS 0x00000000c4900000| PB 0x00000000c4900000| Untracked |  0
|    6|0x00000000c4a00000, 0x00000000c4b00000, 0x00000000c4b00000|100%| O|  |TAMS 0x00000000c4a00000| PB 0x00000000c4a00000| Untracked |  0
|    7|0x00000000c4b00000, 0x00000000c4c00000, 0x00000000c4c00000|100%| O|  |TAMS 0x00000000c4b00000| PB 0x00000000c4b00000| Untracked |  0
|    8|0x00000000c4c00000, 0x00000000c4d00000, 0x00000000c4d00000|100%| O|  |TAMS 0x00000000c4c00000| PB 0x00000000c4c00000| Untracked |  0
|    9|0x00000000c4d00000, 0x00000000c4e00000, 0x00000000c4e00000|100%| O|  |TAMS 0x00000000c4d00000| PB 0x00000000c4d00000| Untracked |  0
|   10|0x00000000c4e00000, 0x00000000c4f00000, 0x00000000c4f00000|100%| O|  |TAMS 0x00000000c4e00000| PB 0x00000000c4e00000| Untracked |  0
|   11|0x00000000c4f00000, 0x00000000c5000000, 0x00000000c5000000|100%| O|  |TAMS 0x00000000c4f00000| PB 0x00000000c4f00000| Untracked |  0
|   12|0x00000000c5000000, 0x00000000c5100000, 0x00000000c5100000|100%| O|  |TAMS 0x00000000c5000000| PB 0x00000000c5000000| Untracked |  0
|   13|0x00000000c5100000, 0x00000000c5200000, 0x00000000c5200000|100%| O|  |TAMS 0x00000000c5100000| PB 0x00000000c5100000| Untracked |  0
|   14|0x00000000c5200000, 0x00000000c5300000, 0x00000000c5300000|100%| O|  |TAMS 0x00000000c5200000| PB 0x00000000c5200000| Untracked |  0
|   15|0x00000000c5300000, 0x00000000c5400000, 0x00000000c5400000|100%| O|  |TAMS 0x00000000c5300000| PB 0x00000000c5300000| Untracked |  0
|   16|0x00000000c5400000, 0x00000000c5500000, 0x00000000c5500000|100%| O|  |TAMS 0x00000000c5400000| PB 0x00000000c5400000| Untracked |  0
|   17|0x00000000c5500000, 0x00000000c5600000, 0x00000000c5600000|100%| O|Cm|TAMS 0x00000000c5500000| PB 0x00000000c5500000| Complete  |  0
|   18|0x00000000c5600000, 0x00000000c5700000, 0x00000000c5700000|100%| O|  |TAMS 0x00000000c5600000| PB 0x00000000c5600000| Untracked |  0
|   19|0x00000000c5700000, 0x00000000c5800000, 0x00000000c5800000|100%| O|  |TAMS 0x00000000c5700000| PB 0x00000000c5700000| Untracked |  0
|   20|0x00000000c5800000, 0x00000000c5900000, 0x00000000c5900000|100%| O|  |TAMS 0x00000000c5800000| PB 0x00000000c5800000| Untracked |  0
|   21|0x00000000c5900000, 0x00000000c5a00000, 0x00000000c5a00000|100%| O|  |TAMS 0x00000000c5900000| PB 0x00000000c5900000| Untracked |  0
|   22|0x00000000c5a00000, 0x00000000c5b00000, 0x00000000c5b00000|100%| O|  |TAMS 0x00000000c5a00000| PB 0x00000000c5a00000| Untracked |  0
|   23|0x00000000c5b00000, 0x00000000c5c00000, 0x00000000c5c00000|100%| O|  |TAMS 0x00000000c5b00000| PB 0x00000000c5b00000| Untracked |  0
|   24|0x00000000c5c00000, 0x00000000c5d00000, 0x00000000c5d00000|100%| O|  |TAMS 0x00000000c5c00000| PB 0x00000000c5c00000| Untracked |  0
|   25|0x00000000c5d00000, 0x00000000c5e00000, 0x00000000c5e00000|100%| O|  |TAMS 0x00000000c5d00000| PB 0x00000000c5d00000| Untracked |  0
|   26|0x00000000c5e00000, 0x00000000c5e7b200, 0x00000000c5f00000| 48%| O|  |TAMS 0x00000000c5e00000| PB 0x00000000c5e00000| Untracked |  0
|   27|0x00000000c5f00000, 0x00000000c5f00000, 0x00000000c6000000|  0%| F|  |TAMS 0x00000000c5f00000| PB 0x00000000c5f00000| Untracked |  0
|   28|0x00000000c6000000, 0x00000000c6000000, 0x00000000c6100000|  0%| F|  |TAMS 0x00000000c6000000| PB 0x00000000c6000000| Untracked |  0
|   29|0x00000000c6100000, 0x00000000c6100000, 0x00000000c6200000|  0%| F|  |TAMS 0x00000000c6100000| PB 0x00000000c6100000| Untracked |  0
|   30|0x00000000c6200000, 0x00000000c6200000, 0x00000000c6300000|  0%| F|  |TAMS 0x00000000c6200000| PB 0x00000000c6200000| Untracked |  0
|   31|0x00000000c6300000, 0x00000000c6300000, 0x00000000c6400000|  0%| F|  |TAMS 0x00000000c6300000| PB 0x00000000c6300000| Untracked |  0
|   32|0x00000000c6400000, 0x00000000c6400000, 0x00000000c6500000|  0%| F|  |TAMS 0x00000000c6400000| PB 0x00000000c6400000| Untracked |  0
|   33|0x00000000c6500000, 0x00000000c6500000, 0x00000000c6600000|  0%| F|  |TAMS 0x00000000c6500000| PB 0x00000000c6500000| Untracked |  0
|   34|0x00000000c6600000, 0x00000000c6600000, 0x00000000c6700000|  0%| F|  |TAMS 0x00000000c6600000| PB 0x00000000c6600000| Untracked |  0
|   35|0x00000000c6700000, 0x00000000c6700000, 0x00000000c6800000|  0%| F|  |TAMS 0x00000000c6700000| PB 0x00000000c6700000| Untracked |  0
|   36|0x00000000c6800000, 0x00000000c6800000, 0x00000000c6900000|  0%| F|  |TAMS 0x00000000c6800000| PB 0x00000000c6800000| Untracked |  0
|   37|0x00000000c6900000, 0x00000000c6900000, 0x00000000c6a00000|  0%| F|  |TAMS 0x00000000c6900000| PB 0x00000000c6900000| Untracked |  0
|   38|0x00000000c6a00000, 0x00000000c6a00000, 0x00000000c6b00000|  0%| F|  |TAMS 0x00000000c6a00000| PB 0x00000000c6a00000| Untracked |  0
|   39|0x00000000c6b00000, 0x00000000c6b00000, 0x00000000c6c00000|  0%| F|  |TAMS 0x00000000c6b00000| PB 0x00000000c6b00000| Untracked |  0
|   40|0x00000000c6c00000, 0x00000000c6c00000, 0x00000000c6d00000|  0%| F|  |TAMS 0x00000000c6c00000| PB 0x00000000c6c00000| Untracked |  0
|   41|0x00000000c6d00000, 0x00000000c6d00000, 0x00000000c6e00000|  0%| F|  |TAMS 0x00000000c6d00000| PB 0x00000000c6d00000| Untracked |  0
|   42|0x00000000c6e00000, 0x00000000c6e00000, 0x00000000c6f00000|  0%| F|  |TAMS 0x00000000c6e00000| PB 0x00000000c6e00000| Untracked |  0
|   43|0x00000000c6f00000, 0x00000000c6f00000, 0x00000000c7000000|  0%| F|  |TAMS 0x00000000c6f00000| PB 0x00000000c6f00000| Untracked |  0
|   44|0x00000000c7000000, 0x00000000c7000000, 0x00000000c7100000|  0%| F|  |TAMS 0x00000000c7000000| PB 0x00000000c7000000| Untracked |  0
|   45|0x00000000c7100000, 0x00000000c7100000, 0x00000000c7200000|  0%| F|  |TAMS 0x00000000c7100000| PB 0x00000000c7100000| Untracked |  0
|   46|0x00000000c7200000, 0x00000000c7200000, 0x00000000c7300000|  0%| F|  |TAMS 0x00000000c7200000| PB 0x00000000c7200000| Untracked |  0
|   47|0x00000000c7300000, 0x00000000c7300000, 0x00000000c7400000|  0%| F|  |TAMS 0x00000000c7300000| PB 0x00000000c7300000| Untracked |  0
|   48|0x00000000c7400000, 0x00000000c7400000, 0x00000000c7500000|  0%| F|  |TAMS 0x00000000c7400000| PB 0x00000000c7400000| Untracked |  0
|   49|0x00000000c7500000, 0x00000000c7500000, 0x00000000c7600000|  0%| F|  |TAMS 0x00000000c7500000| PB 0x00000000c7500000| Untracked |  0
|   50|0x00000000c7600000, 0x00000000c7600000, 0x00000000c7700000|  0%| F|  |TAMS 0x00000000c7600000| PB 0x00000000c7600000| Untracked |  0
|   51|0x00000000c7700000, 0x00000000c7700000, 0x00000000c7800000|  0%| F|  |TAMS 0x00000000c7700000| PB 0x00000000c7700000| Untracked |  0
|   52|0x00000000c7800000, 0x00000000c7800000, 0x00000000c7900000|  0%| F|  |TAMS 0x00000000c7800000| PB 0x00000000c7800000| Untracked |  0
|   53|0x00000000c7900000, 0x00000000c79f7008, 0x00000000c7a00000| 96%| S|CS|TAMS 0x00000000c7900000| PB 0x00000000c7900000| Complete  |  0
|   54|0x00000000c7a00000, 0x00000000c7b00000, 0x00000000c7b00000|100%| S|CS|TAMS 0x00000000c7a00000| PB 0x00000000c7a00000| Complete  |  0
|   55|0x00000000c7b00000, 0x00000000c7c00000, 0x00000000c7c00000|100%| S|CS|TAMS 0x00000000c7b00000| PB 0x00000000c7b00000| Complete  |  0
|   56|0x00000000c7c00000, 0x00000000c7c00000, 0x00000000c7d00000|  0%| F|  |TAMS 0x00000000c7c00000| PB 0x00000000c7c00000| Untracked |  0
|   57|0x00000000c7d00000, 0x00000000c7d00000, 0x00000000c7e00000|  0%| F|  |TAMS 0x00000000c7d00000| PB 0x00000000c7d00000| Untracked |  0
|   58|0x00000000c7e00000, 0x00000000c7e00000, 0x00000000c7f00000|  0%| F|  |TAMS 0x00000000c7e00000| PB 0x00000000c7e00000| Untracked |  0
|   59|0x00000000c7f00000, 0x00000000c7f00000, 0x00000000c8000000|  0%| F|  |TAMS 0x00000000c7f00000| PB 0x00000000c7f00000| Untracked |  0
|   60|0x00000000c8000000, 0x00000000c8000000, 0x00000000c8100000|  0%| F|  |TAMS 0x00000000c8000000| PB 0x00000000c8000000| Untracked |  0
|   61|0x00000000c8100000, 0x00000000c8100000, 0x00000000c8200000|  0%| F|  |TAMS 0x00000000c8100000| PB 0x00000000c8100000| Untracked |  0
|   62|0x00000000c8200000, 0x00000000c8200000, 0x00000000c8300000|  0%| F|  |TAMS 0x00000000c8200000| PB 0x00000000c8200000| Untracked |  0
|   63|0x00000000c8300000, 0x00000000c8300000, 0x00000000c8400000|  0%| F|  |TAMS 0x00000000c8300000| PB 0x00000000c8300000| Untracked |  0
|   64|0x00000000c8400000, 0x00000000c8400000, 0x00000000c8500000|  0%| F|  |TAMS 0x00000000c8400000| PB 0x00000000c8400000| Untracked |  0
|   65|0x00000000c8500000, 0x00000000c8500000, 0x00000000c8600000|  0%| F|  |TAMS 0x00000000c8500000| PB 0x00000000c8500000| Untracked |  0
|   66|0x00000000c8600000, 0x00000000c8600000, 0x00000000c8700000|  0%| F|  |TAMS 0x00000000c8600000| PB 0x00000000c8600000| Untracked |  0
|   67|0x00000000c8700000, 0x00000000c8700000, 0x00000000c8800000|  0%| F|  |TAMS 0x00000000c8700000| PB 0x00000000c8700000| Untracked |  0
|   68|0x00000000c8800000, 0x00000000c8800000, 0x00000000c8900000|  0%| F|  |TAMS 0x00000000c8800000| PB 0x00000000c8800000| Untracked |  0
|   69|0x00000000c8900000, 0x00000000c8900000, 0x00000000c8a00000|  0%| F|  |TAMS 0x00000000c8900000| PB 0x00000000c8900000| Untracked |  0
|   70|0x00000000c8a00000, 0x00000000c8a00000, 0x00000000c8b00000|  0%| F|  |TAMS 0x00000000c8a00000| PB 0x00000000c8a00000| Untracked |  0
|   71|0x00000000c8b00000, 0x00000000c8b00000, 0x00000000c8c00000|  0%| F|  |TAMS 0x00000000c8b00000| PB 0x00000000c8b00000| Untracked |  0
|   72|0x00000000c8c00000, 0x00000000c8c00000, 0x00000000c8d00000|  0%| F|  |TAMS 0x00000000c8c00000| PB 0x00000000c8c00000| Untracked |  0
|   73|0x00000000c8d00000, 0x00000000c8d00000, 0x00000000c8e00000|  0%| F|  |TAMS 0x00000000c8d00000| PB 0x00000000c8d00000| Untracked |  0
|   74|0x00000000c8e00000, 0x00000000c8e00000, 0x00000000c8f00000|  0%| F|  |TAMS 0x00000000c8e00000| PB 0x00000000c8e00000| Untracked |  0
|   75|0x00000000c8f00000, 0x00000000c8f00000, 0x00000000c9000000|  0%| F|  |TAMS 0x00000000c8f00000| PB 0x00000000c8f00000| Untracked |  0
|   76|0x00000000c9000000, 0x00000000c9000000, 0x00000000c9100000|  0%| F|  |TAMS 0x00000000c9000000| PB 0x00000000c9000000| Untracked |  0
|   77|0x00000000c9100000, 0x00000000c9100000, 0x00000000c9200000|  0%| F|  |TAMS 0x00000000c9100000| PB 0x00000000c9100000| Untracked |  0
|   78|0x00000000c9200000, 0x00000000c9200000, 0x00000000c9300000|  0%| F|  |TAMS 0x00000000c9200000| PB 0x00000000c9200000| Untracked |  0
|  954|0x00000000ffe00000, 0x00000000fff00000, 0x00000000fff00000|100%| O|  |TAMS 0x00000000ffe00000| PB 0x00000000ffe00000| Untracked |  0
|  955|0x00000000fff00000, 0x00000000ffff1300, 0x0000000100000000| 94%| E|CS|TAMS 0x00000000fff00000| PB 0x00000000fff00000| Complete  |  0

Card table byte_map: [0x000001d0dbe70000,0x000001d0dc050000] _byte_map_base: 0x000001d0db84e000
Refinement table byte_map: [0x000001d0dc050000,0x000001d0dc230000] _byte_map_base: 0x000001d0dba2e000

Marking Bits: (CMBitMap*) 0x000001d0c3a6d060
 Bits: [0x000001d0dc230000, 0x000001d0dd120000)

Polling page: 0x000001d0c3200000

Metaspace:
Metaspace        used 63398K, committed 64000K, reserved 1114112K
 class space     used 9022K, committed 9280K, reserved 1048576K

Usage:
  Non-class:     53.10 MB used.
      Class:      8.81 MB used.
       Both:     61.91 MB used.

Virtual space:
  Non-class space:       64.00 MB reserved,      53.44 MB ( 83%) committed,  1 nodes.
      Class space:        1.00 GB reserved,       9.06 MB ( <1%) committed,  1 nodes.
             Both:        1.06 GB reserved,      62.50 MB (  6%) committed. 

Chunk freelists:
   Non-Class:  10.19 MB
       Class:  6.75 MB
        Both:  16.94 MB

MaxMetaspaceSize: unlimited
CompressedClassSpaceSize: 1.00 GB
Initial GC threshold: 21.00 MB
Current GC threshold: 95.56 MB
CDS: on
 - commit_granule_bytes: 65536.
 - commit_granule_words: 8192.
 - virtual_space_node_default_size: 8388608.
 - enlarge_chunks_in_place: 1.
UseCompressedClassPointers 1, UseCompactObjectHeaders 0
Narrow klass pointer bits 32, Max shift 3
Narrow klass base: 0x0000000082000000, Narrow klass shift: 0
Encoding Range: [0x0000000082000000 - 0x0000000182000000), (4294967296 bytes)
Klass Range:    [0x0000000082000000 - 0x00000000c3000000), (1090519040 bytes)
Klass ID Range:  [8 - 1090519033) (1090519025)
Protection zone: [0x0000000082000000 - 0x0000000082010000), (65536 bytes)


Internal statistics:

num_allocs_failed_limit: 9.
num_arena_births: 786.
num_arena_deaths: 0.
num_vsnodes_births: 2.
num_vsnodes_deaths: 0.
num_space_committed: 1000.
num_space_uncommitted: 0.
num_chunks_returned_to_freelist: 9.
num_chunks_taken_from_freelist: 3023.
num_chunk_merges: 9.
num_chunk_splits: 2196.
num_chunks_enlarged: 1763.
num_inconsistent_stats: 0.

CodeHeap 'non-profiled nmethods': size=120064Kb used=2921Kb max_used=2921Kb free=117142Kb
 bounds [0x000001d0d4420000, 0x000001d0d4700000, 0x000001d0db960000]
CodeHeap 'profiled nmethods': size=120064Kb used=8420Kb max_used=8622Kb free=111643Kb
 bounds [0x000001d0cc940000, 0x000001d0cd1b0000, 0x000001d0d3e80000]
CodeHeap 'non-nmethods': size=5760Kb used=1569Kb max_used=1680Kb free=4190Kb
 bounds [0x000001d0d3e80000, 0x000001d0d40f0000, 0x000001d0d4420000]
CodeCache: size=245888Kb, used=12910Kb, max_used=13223Kb, free=232975Kb
 total_blobs=6344, nmethods=5666, adapters=581, full_count=0
Compilation: enabled, stopped_count=0, restarted_count=0

Compilation events (20 events):
Event: 924.163 Thread 0x000001d0dfafa440 nmethod 6444 0x000001d0d46fa108 code [0x000001d0d46fa200, 0x000001d0d46fa2b8]
Event: 924.185 Thread 0x000001d0dfafa440 6445   !   3       jdk.internal.misc.ScopedMemoryAccess::copyMemory (27 bytes)
Event: 924.189 Thread 0x000001d0dfafa440 nmethod 6445 0x000001d0cd0bb908 code [0x000001d0cd0bba00, 0x000001d0cd0bc080]
Event: 924.190 Thread 0x000001d0dfafa440 6446   !   3       jdk.internal.misc.ScopedMemoryAccess::copyMemoryInternal (56 bytes)
Event: 924.190 Thread 0x000001d0dfafa440 nmethod 6446 0x000001d0cd0bb208 code [0x000001d0cd0bb300, 0x000001d0cd0bb890]
Event: 924.259 Thread 0x000001d0dfafa440 6447       3       java.util.Random::nextInt (74 bytes)
Event: 924.260 Thread 0x000001d0dfafa440 nmethod 6447 0x000001d0cd002108 code [0x000001d0cd002200, 0x000001d0cd0026d8]
Event: 924.260 Thread 0x000001d0dfafa440 6448       3       java.security.SecureRandom::next (61 bytes)
Event: 924.260 Thread 0x000001d0dfafa440 nmethod 6448 0x000001d0cd0bae08 code [0x000001d0cd0baf00, 0x000001d0cd0bb200]
Event: 924.304 Thread 0x000001d0dfaf68e0 6449 % !   4       com.sun.crypto.provider.PBKDF2KeyImpl::deriveKey @ 176 (302 bytes)
Event: 924.322 Thread 0x000001d0dfafa440 6454       3       org.postgresql.shaded.com.ongres.scram.common.util.Preconditions::castNonNull (22 bytes)
Event: 924.325 Thread 0x000001d0dfafa440 nmethod 6454 0x000001d0cd0bab08 code [0x000001d0cd0bac00, 0x000001d0cd0bace8]
Event: 924.325 Thread 0x000001d0dfafa440 6455       1       javax.crypto.JceSecurity$WeakIdentityWrapper::hashCode (5 bytes)
Event: 924.326 Thread 0x000001d0dfafa440 nmethod 6455 0x000001d0d46fa408 code [0x000001d0d46fa500, 0x000001d0d46fa5b8]
Event: 924.349 Thread 0x000001d0dfafa440 6456       3       java.util.Properties::getProperty (50 bytes)
Event: 924.352 Thread 0x000001d0dfafa440 nmethod 6456 0x000001d0cd0ba508 code [0x000001d0cd0ba600, 0x000001d0cd0baaf0]
Event: 924.372 Thread 0x000001d0dfafa440 6457       3       java.lang.StringBuilder::append (6 bytes)
Event: 924.373 Thread 0x000001d0dfafa440 nmethod 6457 0x000001d0cd0ba188 code [0x000001d0cd0ba280, 0x000001d0cd0ba4a0]
Event: 924.388 Thread 0x000001d0dfafa440 6458       3       sun.nio.ch.IOStatus::okayToRetry (22 bytes)
Event: 924.388 Thread 0x000001d0dfafa440 nmethod 6458 0x000001d0cd0b9e88 code [0x000001d0cd0b9f80, 0x000001d0cd0ba0e8]

GC Heap Usage History (20 events):
Event: 6.427 {heap Before GC invocations=11 (full 0):
 garbage-first heap   total reserved 978944K, committed 27648K, used 21234K [0x00000000c4400000, 0x0000000100000000)
  region size 1M, 11 eden (11M), 1 survivor (1M), 9 old (9M), 1 humongous (1M), 5 free (5M)
}
Event: 6.436 {heap After GC invocations=12 (full 0):
 garbage-first heap   total reserved 978944K, committed 27648K, used 12539K [0x00000000c4400000, 0x0000000100000000)
  region size 1M, 0 eden (0M), 2 survivor (2M), 10 old (10M), 1 humongous (1M), 14 free (14M)
}
Event: 7.293 {heap Before GC invocations=12 (full 0):
 garbage-first heap   total reserved 978944K, committed 27648K, used 21755K [0x00000000c4400000, 0x0000000100000000)
  region size 1M, 9 eden (9M), 2 survivor (2M), 10 old (10M), 1 humongous (1M), 5 free (5M)
}
Event: 7.306 {heap After GC invocations=13 (full 0):
 garbage-first heap   total reserved 978944K, committed 27648K, used 13748K [0x00000000c4400000, 0x0000000100000000)
  region size 1M, 0 eden (0M), 1 survivor (1M), 12 old (12M), 1 humongous (1M), 13 free (13M)
}
Event: 8.190 {heap Before GC invocations=13 (full 0):
 garbage-first heap   total reserved 978944K, committed 27648K, used 21940K [0x00000000c4400000, 0x0000000100000000)
  region size 1M, 9 eden (9M), 1 survivor (1M), 12 old (12M), 1 humongous (1M), 4 free (4M)
}
Event: 8.199 {heap After GC invocations=14 (full 0):
 garbage-first heap   total reserved 978944K, committed 27648K, used 14282K [0x00000000c4400000, 0x0000000100000000)
  region size 1M, 0 eden (0M), 2 survivor (2M), 12 old (12M), 1 humongous (1M), 12 free (12M)
}
Event: 8.734 {heap Before GC invocations=15 (full 0):
 garbage-first heap   total reserved 978944K, committed 27648K, used 22474K [0x00000000c4400000, 0x0000000100000000)
  region size 1M, 8 eden (8M), 2 survivor (2M), 12 old (12M), 1 humongous (1M), 4 free (4M)
}
Event: 8.748 {heap After GC invocations=16 (full 0):
 garbage-first heap   total reserved 978944K, committed 82944K, used 15056K [0x00000000c4400000, 0x0000000100000000)
  region size 1M, 0 eden (0M), 2 survivor (2M), 13 old (13M), 1 humongous (1M), 65 free (65M)
}
Event: 12.375 {heap Before GC invocations=16 (full 0):
 garbage-first heap   total reserved 978944K, committed 82944K, used 62160K [0x00000000c4400000, 0x0000000100000000)
  region size 1M, 46 eden (46M), 2 survivor (2M), 13 old (13M), 1 humongous (1M), 19 free (19M)
}
Event: 12.408 {heap After GC invocations=17 (full 0):
 garbage-first heap   total reserved 978944K, committed 82944K, used 19172K [0x00000000c4400000, 0x0000000100000000)
  region size 1M, 0 eden (0M), 6 survivor (6M), 13 old (13M), 1 humongous (1M), 61 free (61M)
}
Event: 15.366 {heap Before GC invocations=17 (full 0):
 garbage-first heap   total reserved 978944K, committed 82944K, used 52964K [0x00000000c4400000, 0x0000000100000000)
  region size 1M, 34 eden (34M), 6 survivor (6M), 13 old (13M), 1 humongous (1M), 27 free (27M)
}
Event: 15.379 {heap After GC invocations=18 (full 0):
 garbage-first heap   total reserved 978944K, committed 82944K, used 22172K [0x00000000c4400000, 0x0000000100000000)
  region size 1M, 0 eden (0M), 3 survivor (3M), 18 old (18M), 1 humongous (1M), 59 free (59M)
}
Event: 19.658 {heap Before GC invocations=19 (full 0):
 garbage-first heap   total reserved 978944K, committed 82944K, used 68252K [0x00000000c4400000, 0x0000000100000000)
  region size 1M, 45 eden (45M), 3 survivor (3M), 18 old (18M), 1 humongous (1M), 14 free (14M)
}
Event: 19.670 {heap After GC invocations=20 (full 0):
 garbage-first heap   total reserved 978944K, committed 82944K, used 25468K [0x00000000c4400000, 0x0000000100000000)
  region size 1M, 0 eden (0M), 6 survivor (6M), 18 old (18M), 1 humongous (1M), 56 free (56M)
}
Event: 22.998 {heap Before GC invocations=20 (full 0):
 garbage-first heap   total reserved 978944K, committed 82944K, used 68476K [0x00000000c4400000, 0x0000000100000000)
  region size 1M, 42 eden (42M), 6 survivor (6M), 18 old (18M), 1 humongous (1M), 14 free (14M)
}
Event: 23.020 {heap After GC invocations=21 (full 0):
 garbage-first heap   total reserved 978944K, committed 82944K, used 28398K [0x00000000c4400000, 0x0000000100000000)
  region size 1M, 0 eden (0M), 4 survivor (4M), 24 old (24M), 1 humongous (1M), 52 free (52M)
}
Event: 23.754 {heap Before GC invocations=21 (full 0):
 garbage-first heap   total reserved 978944K, committed 82944K, used 41710K [0x00000000c4400000, 0x0000000100000000)
  region size 1M, 14 eden (14M), 4 survivor (4M), 24 old (24M), 1 humongous (1M), 38 free (38M)
}
Event: 23.764 {heap After GC invocations=22 (full 0):
 garbage-first heap   total reserved 978944K, committed 82944K, used 29694K [0x00000000c4400000, 0x0000000100000000)
  region size 1M, 0 eden (0M), 2 survivor (2M), 27 old (27M), 1 humongous (1M), 51 free (51M)
}
Event: 923.707 {heap Before GC invocations=23 (full 0):
 garbage-first heap   total reserved 978944K, committed 82944K, used 51198K [0x00000000c4400000, 0x0000000100000000)
  region size 1M, 22 eden (22M), 2 survivor (2M), 27 old (27M), 1 humongous (1M), 29 free (29M)
}
Event: 923.912 {heap After GC invocations=24 (full 0):
 garbage-first heap   total reserved 978944K, committed 82944K, used 31176K [0x00000000c4400000, 0x0000000100000000)
  region size 1M, 0 eden (0M), 3 survivor (3M), 27 old (27M), 1 humongous (1M), 50 free (50M)
}

Metaspace Usage History (20 events):
Event: 6.428 {metaspace Before GC invocations=11 (full 0):
 Metaspace       used 18961K, committed 19200K, reserved 1114112K
  class space    used 2397K, committed 2496K, reserved 1048576K
}
Event: 6.436 {metaspace After GC invocations=12 (full 0):
 Metaspace       used 18961K, committed 19200K, reserved 1114112K
  class space    used 2397K, committed 2496K, reserved 1048576K
}
Event: 7.293 {metaspace Before GC invocations=12 (full 0):
 Metaspace       used 19716K, committed 19968K, reserved 1114112K
  class space    used 2506K, committed 2624K, reserved 1048576K
}
Event: 7.306 {metaspace After GC invocations=13 (full 0):
 Metaspace       used 19716K, committed 19968K, reserved 1114112K
  class space    used 2506K, committed 2624K, reserved 1048576K
}
Event: 8.190 {metaspace Before GC invocations=13 (full 0):
 Metaspace       used 20488K, committed 20800K, reserved 1114112K
  class space    used 2588K, committed 2752K, reserved 1048576K
}
Event: 8.199 {metaspace After GC invocations=14 (full 0):
 Metaspace       used 20488K, committed 20800K, reserved 1114112K
  class space    used 2588K, committed 2752K, reserved 1048576K
}
Event: 8.734 {metaspace Before GC invocations=15 (full 0):
 Metaspace       used 20610K, committed 20928K, reserved 1114112K
  class space    used 2615K, committed 2752K, reserved 1048576K
}
Event: 8.749 {metaspace After GC invocations=16 (full 0):
 Metaspace       used 20610K, committed 20928K, reserved 1114112K
  class space    used 2615K, committed 2752K, reserved 1048576K
}
Event: 12.375 {metaspace Before GC invocations=16 (full 0):
 Metaspace       used 26885K, committed 27264K, reserved 1114112K
  class space    used 3576K, committed 3712K, reserved 1048576K
}
Event: 12.408 {metaspace After GC invocations=17 (full 0):
 Metaspace       used 26885K, committed 27264K, reserved 1114112K
  class space    used 3576K, committed 3712K, reserved 1048576K
}
Event: 15.366 {metaspace Before GC invocations=17 (full 0):
 Metaspace       used 34408K, committed 34816K, reserved 1114112K
  class space    used 4556K, committed 4736K, reserved 1048576K
}
Event: 15.379 {metaspace After GC invocations=18 (full 0):
 Metaspace       used 34408K, committed 34816K, reserved 1114112K
  class space    used 4556K, committed 4736K, reserved 1048576K
}
Event: 19.658 {metaspace Before GC invocations=19 (full 0):
 Metaspace       used 46727K, committed 47232K, reserved 1114112K
  class space    used 6556K, committed 6784K, reserved 1048576K
}
Event: 19.670 {metaspace After GC invocations=20 (full 0):
 Metaspace       used 46727K, committed 47232K, reserved 1114112K
  class space    used 6556K, committed 6784K, reserved 1048576K
}
Event: 22.998 {metaspace Before GC invocations=20 (full 0):
 Metaspace       used 56030K, committed 56576K, reserved 1114112K
  class space    used 8036K, committed 8256K, reserved 1048576K
}
Event: 23.020 {metaspace After GC invocations=21 (full 0):
 Metaspace       used 56030K, committed 56576K, reserved 1114112K
  class space    used 8036K, committed 8256K, reserved 1048576K
}
Event: 23.754 {metaspace Before GC invocations=21 (full 0):
 Metaspace       used 57662K, committed 58240K, reserved 1114112K
  class space    used 8304K, committed 8576K, reserved 1048576K
}
Event: 23.764 {metaspace After GC invocations=22 (full 0):
 Metaspace       used 57662K, committed 58240K, reserved 1114112K
  class space    used 8304K, committed 8576K, reserved 1048576K
}
Event: 923.708 {metaspace Before GC invocations=23 (full 0):
 Metaspace       used 63383K, committed 63936K, reserved 1114112K
  class space    used 9021K, committed 9280K, reserved 1048576K
}
Event: 923.912 {metaspace After GC invocations=24 (full 0):
 Metaspace       used 63383K, committed 63936K, reserved 1114112K
  class space    used 9021K, committed 9280K, reserved 1048576K
}

Dll operation events (18 events):
Event: 0.039 Attempting to load shared library C:\Program Files\Apache NetBeans\jdk\bin\java.dll
Event: 0.048 Loaded shared library C:\Program Files\Apache NetBeans\jdk\bin\java.dll
Event: 0.456 Attempting to load shared library C:\Program Files\Apache NetBeans\jdk\bin\net.dll
Event: 0.461 Loaded shared library C:\Program Files\Apache NetBeans\jdk\bin\net.dll
Event: 0.467 Attempting to load shared library C:\Program Files\Apache NetBeans\jdk\bin\nio.dll
Event: 0.470 Loaded shared library C:\Program Files\Apache NetBeans\jdk\bin\nio.dll
Event: 0.480 Attempting to load shared library C:\Program Files\Apache NetBeans\jdk\bin\zip.dll
Event: 0.483 Loaded shared library C:\Program Files\Apache NetBeans\jdk\bin\zip.dll
Event: 0.744 Attempting to load shared library C:\Program Files\Apache NetBeans\jdk\bin\jimage.dll
Event: 0.745 Loaded shared library C:\Program Files\Apache NetBeans\jdk\bin\jimage.dll
Event: 5.570 Attempting to load shared library C:\Program Files\Apache NetBeans\jdk\bin\sunmscapi.dll
Event: 5.581 Loaded shared library C:\Program Files\Apache NetBeans\jdk\bin\sunmscapi.dll
Event: 12.990 Attempting to load shared library C:\Program Files\Apache NetBeans\jdk\bin\management.dll
Event: 12.995 Loaded shared library C:\Program Files\Apache NetBeans\jdk\bin\management.dll
Event: 13.004 Attempting to load shared library C:\Program Files\Apache NetBeans\jdk\bin\management_ext.dll
Event: 13.008 Loaded shared library C:\Program Files\Apache NetBeans\jdk\bin\management_ext.dll
Event: 17.812 Attempting to load shared library C:\Program Files\Apache NetBeans\jdk\bin\extnet.dll
Event: 17.815 Loaded shared library C:\Program Files\Apache NetBeans\jdk\bin\extnet.dll

Deoptimization events (20 events):
Event: 350.115 Thread 0x000001d0e827ea80 DEOPT PACKING pc=0x000001d0d44fb0fc sp=0x000000a5428fe9f0
Event: 350.118 Thread 0x000001d0e827ea80 DEOPT UNPACKING pc=0x000001d0d3fa2602 sp=0x000000a5428fe990 mode 2
Event: 460.751 Thread 0x000001d0e827f250 Uncommon trap: trap_request=0xffffffc6 fr.pc=0x000001d0d44fb0fc relative=0x000000000000007c
Event: 460.752 Thread 0x000001d0e827f250 Uncommon trap: reason=bimorphic_or_optimized_type_check action=maybe_recompile pc=0x000001d0d44fb0fc method=java.lang.CharSequence.isEmpty()Z @ 1 c2
Event: 460.753 Thread 0x000001d0e827f250 DEOPT PACKING pc=0x000001d0d44fb0fc sp=0x000000a542afece0
Event: 460.754 Thread 0x000001d0e827f250 DEOPT UNPACKING pc=0x000001d0d3fa2602 sp=0x000000a542afec80 mode 2
Event: 461.164 Thread 0x000001d0e827f250 Uncommon trap: trap_request=0xffffff45 fr.pc=0x000001d0d44d4074 relative=0x00000000000002f4
Event: 461.164 Thread 0x000001d0e827f250 Uncommon trap: reason=unstable_if action=reinterpret pc=0x000001d0d44d4074 method=java.util.HashMap.getNode(Ljava/lang/Object;)Ljava/util/HashMap$Node; @ 66 c2
Event: 461.165 Thread 0x000001d0e827f250 DEOPT PACKING pc=0x000001d0d44d4074 sp=0x000000a542afcc70
Event: 461.166 Thread 0x000001d0e827f250 DEOPT UNPACKING pc=0x000001d0d3fa2602 sp=0x000000a542afcb80 mode 2
Event: 461.170 Thread 0x000001d0e827f250 Uncommon trap: trap_request=0xffffff45 fr.pc=0x000001d0d449db18 relative=0x0000000000000198
Event: 461.170 Thread 0x000001d0e827f250 Uncommon trap: reason=unstable_if action=reinterpret pc=0x000001d0d449db18 method=java.util.HashMap.getNode(Ljava/lang/Object;)Ljava/util/HashMap$Node; @ 66 c2
Event: 461.171 Thread 0x000001d0e827f250 DEOPT PACKING pc=0x000001d0d449db18 sp=0x000000a542afcc00
Event: 461.171 Thread 0x000001d0e827f250 DEOPT UNPACKING pc=0x000001d0d3fa2602 sp=0x000000a542afcb80 mode 2
Event: 637.858 Thread 0x000001d0e82801f0 Uncommon trap: trap_request=0xffffffc6 fr.pc=0x000001d0d44fb0fc relative=0x000000000000007c
Event: 637.859 Thread 0x000001d0e82801f0 Uncommon trap: reason=bimorphic_or_optimized_type_check action=maybe_recompile pc=0x000001d0d44fb0fc method=java.lang.CharSequence.isEmpty()Z @ 1 c2
Event: 637.860 Thread 0x000001d0e82801f0 DEOPT PACKING pc=0x000001d0d44fb0fc sp=0x000000a542cfee30
Event: 637.861 Thread 0x000001d0e82801f0 DEOPT UNPACKING pc=0x000001d0d3fa2602 sp=0x000000a542cfedd0 mode 2
Event: 924.305 Thread 0x000001d0e7b336b0 DEOPT PACKING pc=0x000001d0cc9eeef3 sp=0x000000a5401fe7d0
Event: 924.307 Thread 0x000001d0e7b336b0 DEOPT UNPACKING pc=0x000001d0d3ed1a02 sp=0x000000a5401fdca0 mode 0

Classes loaded (20 events):
Event: 89.649 Loading class java/util/OptionalInt
Event: 89.650 Loading class java/util/OptionalInt done
Event: 89.650 Loading class java/util/OptionalLong
Event: 89.651 Loading class java/util/OptionalLong done
Event: 89.651 Loading class java/util/OptionalDouble
Event: 89.651 Loading class java/util/OptionalDouble done
Event: 89.768 Loading class org/w3c/dom/Node
Event: 89.769 Loading class org/w3c/dom/Node done
Event: 89.769 Loading class org/w3c/dom/Document
Event: 89.771 Loading class org/w3c/dom/Document done
Event: 90.612 Loading class java/util/ArrayDeque$DescendingIterator
Event: 90.612 Loading class java/util/ArrayDeque$DescendingIterator done
Event: 90.634 Loading class sun/nio/cs/ISO_8859_1$Encoder
Event: 90.635 Loading class sun/nio/cs/ISO_8859_1$Encoder done
Event: 350.662 Loading class jdk/internal/ValueBased
Event: 350.687 Loading class jdk/internal/ValueBased done
Event: 350.963 Loading class java/util/AbstractMap$SimpleEntry
Event: 350.972 Loading class java/util/AbstractMap$SimpleEntry done
Event: 461.107 Loading class jdk/internal/util/DateTimeHelper
Event: 461.118 Loading class jdk/internal/util/DateTimeHelper done

Classes unloaded (0 events):
No events

Classes redefined (0 events):
No events

Internal exceptions (20 events):
Event: 23.491 Thread 0x000001d0c3a3b770 Exception <a 'java/lang/NoSuchMethodError'{0x00000000c8ccc070}: 'java.lang.Object java.lang.invoke.Invokers$Holder.linkToTargetMethod(int, java.lang.Object, java.lang.Object, java.lang.Object)'> (0x00000000c8ccc070) 
thrown [s\src\hotspot\share\interpreter\linkResolver.cpp, line 804]
Event: 23.626 Thread 0x000001d0c3a3b770 Exception <a 'java/lang/NoSuchMethodError'{0x00000000c89ae050}: 'double java.lang.invoke.DirectMethodHandle$Holder.invokeStatic(java.lang.Object, java.lang.Object, java.lang.Object)'> (0x00000000c89ae050) 
thrown [s\src\hotspot\share\interpreter\linkResolver.cpp, line 804]
Event: 23.628 Thread 0x000001d0c3a3b770 Exception <a 'java/lang/IncompatibleClassChangeError'{0x00000000c89bd8a0}: Found class java.lang.Object, but interface was expected> (0x00000000c89bd8a0) 
thrown [s\src\hotspot\share\interpreter\linkResolver.cpp, line 871]
Event: 23.637 Thread 0x000001d0c3a3b770 Exception <a 'java/lang/NoSuchMethodError'{0x00000000c89e5ee0}: 'void java.lang.invoke.DirectMethodHandle$Holder.invokeStatic(java.lang.Object, java.lang.Object, double)'> (0x00000000c89e5ee0) 
thrown [s\src\hotspot\share\interpreter\linkResolver.cpp, line 804]
Event: 23.645 Thread 0x000001d0c3a3b770 Exception <a 'java/lang/IncompatibleClassChangeError'{0x00000000c881ab48}: Found class java.lang.Object, but interface was expected> (0x00000000c881ab48) 
thrown [s\src\hotspot\share\interpreter\linkResolver.cpp, line 871]
Event: 23.645 Thread 0x000001d0c3a3b770 Exception <a 'java/lang/NoSuchMethodError'{0x00000000c881b6f0}: 'java.lang.Object java.lang.invoke.DirectMethodHandle$Holder.invokeStatic(java.lang.Object, long)'> (0x00000000c881b6f0) 
thrown [s\src\hotspot\share\interpreter\linkResolver.cpp, line 804]
Event: 23.647 Thread 0x000001d0c3a3b770 Exception <a 'java/lang/NoSuchMethodError'{0x00000000c882b710}: 'long java.lang.invoke.DelegatingMethodHandle$Holder.reinvoke_L(java.lang.Object, java.lang.Object)'> (0x00000000c882b710) 
thrown [s\src\hotspot\share\interpreter\linkResolver.cpp, line 804]
Event: 23.697 Thread 0x000001d0c3a3b770 Exception <a 'java/lang/NoSuchMethodError'{0x00000000c8737aa0}: 'double java.lang.invoke.DirectMethodHandle$Holder.invokeVirtual(java.lang.Object, java.lang.Object)'> (0x00000000c8737aa0) 
thrown [s\src\hotspot\share\interpreter\linkResolver.cpp, line 804]
Event: 23.720 Thread 0x000001d0c3a3b770 Exception <a 'java/lang/NoSuchMethodError'{0x00000000c87ec3f8}: 'java.lang.Object java.lang.invoke.DirectMethodHandle$Holder.invokeStaticInit(java.lang.Object, int)'> (0x00000000c87ec3f8) 
thrown [s\src\hotspot\share\interpreter\linkResolver.cpp, line 804]
Event: 23.730 Thread 0x000001d0c3a3b770 Exception <a 'java/lang/NoSuchMethodError'{0x00000000c862e368}: 'java.lang.Object java.lang.invoke.DirectMethodHandle$Holder.newInvokeSpecial(java.lang.Object, java.lang.Object, int, java.lang.Object, java.lang.Object)'> (0x00000000c862e368) 
thrown [s\src\hotspot\share\interpreter\linkResolver.cpp, line 804]
Event: 23.731 Thread 0x000001d0c3a3b770 Exception <a 'java/lang/NoSuchMethodError'{0x00000000c8636660}: 'java.lang.Object java.lang.invoke.Invokers$Holder.linkToTargetMethod(java.lang.Object, int, java.lang.Object, java.lang.Object, java.lang.Object)'> (0x00000000c8636660) 
thrown [s\src\hotspot\share\interpreter\linkResolver.cpp, line 804]
Event: 23.805 Thread 0x000001d0dfbbe050 Exception <a 'java/lang/NoSuchMethodError'{0x00000000fff2b0e8}: 'long java.lang.invoke.DirectMethodHandle$Holder.invokeStatic(java.lang.Object, java.lang.Object, java.lang.Object)'> (0x00000000fff2b0e8) 
thrown [s\src\hotspot\share\interpreter\linkResolver.cpp, line 804]
Event: 23.807 Thread 0x000001d0dfbbe050 Exception <a 'java/lang/NoSuchMethodError'{0x00000000fff3aa70}: 'long java.lang.invoke.DirectMethodHandle$Holder.invokeStatic(java.lang.Object, long, long)'> (0x00000000fff3aa70) 
thrown [s\src\hotspot\share\interpreter\linkResolver.cpp, line 804]
Event: 23.920 Thread 0x000001d0c3a3b770 Exception <a 'java/lang/IncompatibleClassChangeError'{0x00000000c8fdf838}: Found class java.lang.Object, but interface was expected> (0x00000000c8fdf838) 
thrown [s\src\hotspot\share\interpreter\linkResolver.cpp, line 871]
Event: 86.382 Thread 0x000001d0dfec6230 Exception <a 'java/lang/NoSuchMethodError'{0x00000000c90ee9e8}: 'java.lang.Object java.lang.invoke.DirectMethodHandle$Holder.invokeStatic(java.lang.Object, java.lang.Object, java.lang.Object, int, int)'> (0x00000000c90ee9e8) 
thrown [s\src\hotspot\share\interpreter\linkResolver.cpp, line 804]
Event: 86.515 Thread 0x000001d0dfec6230 Exception <a 'java/lang/NoSuchMethodError'{0x00000000c90f6940}: 'java.lang.Object java.lang.invoke.DirectMethodHandle$Holder.invokeStaticInit(java.lang.Object, java.lang.Object, java.lang.Object, int, int)'> (0x00000000c90f6940) 
thrown [s\src\hotspot\share\interpreter\linkResolver.cpp, line 804]
Event: 87.588 Thread 0x000001d0e82809c0 Exception <a 'java/lang/NoSuchMethodError'{0x00000000c88d3a68}: 'java.lang.Object java.lang.invoke.DirectMethodHandle$Holder.invokeSpecial(java.lang.Object, java.lang.Object, java.lang.Object, java.lang.Object, java.lang.Object, long)'> (0x00000000c88d3a68) 
thrown [s\src\hotspot\share\interpreter\linkResolver.cpp, line 804]
Event: 87.594 Thread 0x000001d0e82809c0 Exception <a 'java/lang/NoSuchMethodError'{0x00000000c88dc560}: 'java.lang.Object java.lang.invoke.DirectMethodHandle$Holder.invokeSpecial(java.lang.Object, java.lang.Object, java.lang.Object, java.lang.Object, java.lang.Object, java.lang.Object, long)'> (0x00000000c88dc560) 
thrown [s\src\hotspot\share\interpreter\linkResolver.cpp, line 804]
Event: 87.597 Thread 0x000001d0e82809c0 Exception <a 'java/lang/NoSuchMethodError'{0x00000000c88e48d0}: 'java.lang.Object java.lang.invoke.DelegatingMethodHandle$Holder.reinvoke_L(java.lang.Object, java.lang.Object, java.lang.Object, java.lang.Object, java.lang.Object, long)'> (0x00000000c88e48d0) 
thrown [s\src\hotspot\share\interpreter\linkResolver.cpp, line 804]
Event: 87.611 Thread 0x000001d0e82809c0 Exception <a 'java/lang/NoSuchMethodError'{0x00000000c88f4bf8}: 'java.lang.Object java.lang.invoke.Invokers$Holder.linkToTargetMethod(java.lang.Object, java.lang.Object, java.lang.Object, long, java.lang.Object)'> (0x00000000c88f4bf8) 
thrown [s\src\hotspot\share\interpreter\linkResolver.cpp, line 804]

VM Operations (20 events):
Event: 60.134 Executing non-safepoint VM operation: RendezvousGCThreads
Event: 60.134 Executing non-safepoint VM operation: RendezvousGCThreads done
Event: 87.813 Executing non-safepoint VM operation: HandshakeAllThreads (Deoptimize)
Event: 87.816 Executing non-safepoint VM operation: HandshakeAllThreads (Deoptimize) done
Event: 89.911 Executing non-safepoint VM operation: HandshakeAllThreads (Deoptimize)
Event: 89.912 Executing non-safepoint VM operation: HandshakeAllThreads (Deoptimize) done
Event: 90.304 Executing non-safepoint VM operation: HandshakeAllThreads (Deoptimize)
Event: 90.305 Executing non-safepoint VM operation: HandshakeAllThreads (Deoptimize) done
Event: 90.614 Executing non-safepoint VM operation: HandshakeAllThreads (Deoptimize)
Event: 90.615 Executing non-safepoint VM operation: HandshakeAllThreads (Deoptimize) done
Event: 120.217 Executing non-safepoint VM operation: HandshakeAllThreads (DeflationHandshakeClosure)
Event: 120.217 Executing non-safepoint VM operation: HandshakeAllThreads (DeflationHandshakeClosure) done
Event: 120.217 Executing non-safepoint VM operation: RendezvousGCThreads
Event: 120.218 Executing non-safepoint VM operation: RendezvousGCThreads done
Event: 661.601 Executing non-safepoint VM operation: HandshakeAllThreads (DeflationHandshakeClosure)
Event: 661.610 Executing non-safepoint VM operation: HandshakeAllThreads (DeflationHandshakeClosure) done
Event: 661.611 Executing non-safepoint VM operation: RendezvousGCThreads
Event: 661.611 Executing non-safepoint VM operation: RendezvousGCThreads done
Event: 923.702 Executing safepoint VM operation: G1CollectForAllocation (G1 Evacuation Pause)
Event: 923.913 Executing safepoint VM operation: G1CollectForAllocation (G1 Evacuation Pause) done

Memory protections (0 events):
No events

Nmethod flushes (20 events):
Event: 23.837 Thread 0x000001d0c3ae3d60 flushing  nmethod 0x000001d0cca1d288
Event: 23.837 Thread 0x000001d0c3ae3d60 flushing  nmethod 0x000001d0cca61b88
Event: 23.837 Thread 0x000001d0c3ae3d60 flushing  nmethod 0x000001d0cca64088
Event: 23.837 Thread 0x000001d0c3ae3d60 flushing  nmethod 0x000001d0cca66c88
Event: 23.837 Thread 0x000001d0c3ae3d60 flushing  nmethod 0x000001d0cca8de88
Event: 23.837 Thread 0x000001d0c3ae3d60 flushing  nmethod 0x000001d0cca8e208
Event: 23.837 Thread 0x000001d0c3ae3d60 flushing  nmethod 0x000001d0ccc36588
Event: 23.837 Thread 0x000001d0c3ae3d60 flushing  nmethod 0x000001d0ccc71608
Event: 23.837 Thread 0x000001d0c3ae3d60 flushing  nmethod 0x000001d0ccc8d588
Event: 23.837 Thread 0x000001d0c3ae3d60 flushing  nmethod 0x000001d0ccc8da88
Event: 23.837 Thread 0x000001d0c3ae3d60 flushing  nmethod 0x000001d0ccc8e388
Event: 23.837 Thread 0x000001d0c3ae3d60 flushing  nmethod 0x000001d0ccd4f288
Event: 23.837 Thread 0x000001d0c3ae3d60 flushing  nmethod 0x000001d0ccd52d08
Event: 23.837 Thread 0x000001d0c3ae3d60 flushing  nmethod 0x000001d0ccd9c608
Event: 23.837 Thread 0x000001d0c3ae3d60 flushing  nmethod 0x000001d0cce67b08
Event: 23.837 Thread 0x000001d0c3ae3d60 flushing  nmethod 0x000001d0cceb7088
Event: 23.837 Thread 0x000001d0c3ae3d60 flushing  nmethod 0x000001d0ccebd508
Event: 23.837 Thread 0x000001d0c3ae3d60 flushing  nmethod 0x000001d0ccfece88
Event: 23.837 Thread 0x000001d0c3ae3d60 flushing  nmethod 0x000001d0cd03de88
Event: 23.837 Thread 0x000001d0c3ae3d60 flushing  nmethod 0x000001d0cd03fa88

Events (20 events):
Event: 23.773 Thread 0x000001d0c3a3b770 Thread added: 0x000001d0e82809c0
Event: 23.773 Thread 0x000001d0c3a3b770 Thread added: 0x000001d0e8281190
Event: 23.773 Thread 0x000001d0c3a3b770 Thread added: 0x000001d0e827ea80
Event: 23.774 Thread 0x000001d0c3a3b770 Thread added: 0x000001d0e8281960
Event: 23.774 Thread 0x000001d0c3a3b770 Thread added: 0x000001d0e827f250
Event: 23.774 Thread 0x000001d0c3a3b770 Thread added: 0x000001d0e827fa20
Event: 23.775 Thread 0x000001d0c3a3b770 Thread added: 0x000001d0e82801f0
Event: 23.775 Thread 0x000001d0c3a3b770 Thread added: 0x000001d0dfec2b80
Event: 23.775 Thread 0x000001d0c3a3b770 Thread added: 0x000001d0dfec23b0
Event: 23.775 Thread 0x000001d0c3a3b770 Thread added: 0x000001d0dfec0c40
Event: 23.826 Thread 0x000001d0c3a3b770 Thread added: 0x000001d0dfec5290
Event: 23.831 Thread 0x000001d0c3a3b770 Thread added: 0x000001d0dfec6230
Event: 24.232 Thread 0x000001d0c3a3b770 Thread exited: 0x000001d0c3a3b770
Event: 24.233 Thread 0x000001d0e7b307d0 Thread added: 0x000001d0e7b307d0
Event: 24.740 Thread 0x000001d0e827d310 Thread exited: 0x000001d0e827d310
Event: 29.321 Thread 0x000001d0e5908b70 Thread exited: 0x000001d0e5908b70
Event: 90.254 Thread 0x000001d0dfaf68e0 Thread added: 0x000001d0e79fefc0
Event: 90.853 Thread 0x000001d0e79fefc0 Thread exited: 0x000001d0e79fefc0
Event: 924.036 Thread 0x000001d0e827cb40 Thread added: 0x000001d0e7b32ee0
Event: 924.067 Thread 0x000001d0e7b32ee0 Thread added: 0x000001d0e7b336b0


Dynamic libraries:
0x00007ff756510000 - 0x00007ff75651e000 	C:\Program Files\Apache NetBeans\jdk\bin\java.exe
0x00007ff9405a0000 - 0x00007ff940807000 	C:\WINDOWS\SYSTEM32\ntdll.dll
0x00007ff93e870000 - 0x00007ff93e93b000 	C:\WINDOWS\System32\KERNEL32.DLL
0x00007ff93dc10000 - 0x00007ff93e011000 	C:\WINDOWS\System32\KERNELBASE.dll
0x00007ff93d7a0000 - 0x00007ff93d8ec000 	C:\WINDOWS\System32\ucrtbase.dll
0x00007ff8e1040000 - 0x00007ff8e105e000 	C:\Program Files\Apache NetBeans\jdk\bin\VCRUNTIME140.dll
0x00007ff8e0fc0000 - 0x00007ff8e0fd7000 	C:\Program Files\Apache NetBeans\jdk\bin\jli.dll
0x00007ff93e3b0000 - 0x00007ff93e587000 	C:\WINDOWS\System32\USER32.dll
0x00007ff93db20000 - 0x00007ff93db47000 	C:\WINDOWS\System32\win32u.dll
0x00007ff90eb60000 - 0x00007ff90edf0000 	C:\WINDOWS\WinSxS\amd64_microsoft.windows.common-controls_6595b64144ccf1df_6.0.26100.9549_none_3e0a0396e3330090\COMCTL32.dll
0x00007ff93eff0000 - 0x00007ff93f01b000 	C:\WINDOWS\System32\GDI32.dll
0x00007ff93e940000 - 0x00007ff93e9e9000 	C:\WINDOWS\System32\msvcrt.dll
0x00007ff93e190000 - 0x00007ff93e2b8000 	C:\WINDOWS\System32\gdi32full.dll
0x00007ff93e0e0000 - 0x00007ff93e183000 	C:\WINDOWS\System32\msvcp_win.dll
0x00007ff940230000 - 0x00007ff940261000 	C:\WINDOWS\System32\IMM32.DLL
0x00007ff918ab0000 - 0x00007ff918abc000 	C:\Program Files\Apache NetBeans\jdk\bin\vcruntime140_1.dll
0x00007ff8e0d30000 - 0x00007ff8e0dbd000 	C:\Program Files\Apache NetBeans\jdk\bin\msvcp140.dll
0x00007ff8e1060000 - 0x00007ff8e1ffb000 	C:\Program Files\Apache NetBeans\jdk\bin\server\jvm.dll
0x00007ff93f1a0000 - 0x00007ff93f25b000 	C:\WINDOWS\System32\ADVAPI32.dll
0x00007ff93e2d0000 - 0x00007ff93e378000 	C:\WINDOWS\System32\sechost.dll
0x00007ff93e590000 - 0x00007ff93e6a8000 	C:\WINDOWS\System32\RPCRT4.dll
0x00007ff93f270000 - 0x00007ff93f2f1000 	C:\WINDOWS\System32\WS2_32.dll
0x00007ff93d5f0000 - 0x00007ff93d64e000 	C:\WINDOWS\SYSTEM32\POWRPROF.dll
0x00007ff932990000 - 0x00007ff9329c7000 	C:\WINDOWS\SYSTEM32\WINMM.dll
0x00007ff917c70000 - 0x00007ff917c7b000 	C:\WINDOWS\SYSTEM32\VERSION.dll
0x00007ff93d5d0000 - 0x00007ff93d5e5000 	C:\WINDOWS\SYSTEM32\UMPDC.dll
0x00007ff93c440000 - 0x00007ff93c45b000 	C:\WINDOWS\SYSTEM32\kernel.appcore.dll
0x00007ff906200000 - 0x00007ff90620a000 	C:\Program Files\Apache NetBeans\jdk\bin\jimage.dll
0x00007ff93aca0000 - 0x00007ff93aeec000 	C:\WINDOWS\SYSTEM32\DBGHELP.DLL
0x00007ff93eaf0000 - 0x00007ff93ee7a000 	C:\WINDOWS\System32\combase.dll
0x00007ff93ef10000 - 0x00007ff93efe9000 	C:\WINDOWS\System32\OLEAUT32.dll
0x00007ff90a730000 - 0x00007ff90a76b000 	C:\WINDOWS\SYSTEM32\dbgcore.DLL
0x00007ff93e020000 - 0x00007ff93e0cc000 	C:\WINDOWS\System32\bcryptPrimitives.dll
0x00007ff8e0fe0000 - 0x00007ff8e0ffe000 	C:\Program Files\Apache NetBeans\jdk\bin\java.dll
0x00007ff940330000 - 0x00007ff9404ca000 	C:\WINDOWS\System32\ole32.dll
0x00007ff93fa00000 - 0x00007ff94019c000 	C:\WINDOWS\System32\SHELL32.dll
0x00007ff93b1c0000 - 0x00007ff93ba6d000 	C:\WINDOWS\SYSTEM32\windows.storage.dll
0x00007ff93e9f0000 - 0x00007ff93eae9000 	C:\WINDOWS\System32\SHCORE.dll
0x00007ff93e7b0000 - 0x00007ff93e816000 	C:\WINDOWS\System32\shlwapi.dll
0x00007ff93d6b0000 - 0x00007ff93d6d9000 	C:\WINDOWS\SYSTEM32\profapi.dll
0x00007ff8e0f80000 - 0x00007ff8e0f91000 	C:\Program Files\Apache NetBeans\jdk\bin\net.dll
0x00007ff93ca00000 - 0x00007ff93ca6c000 	C:\WINDOWS\system32\mswsock.dll
0x00007ff8e0f60000 - 0x00007ff8e0f76000 	C:\Program Files\Apache NetBeans\jdk\bin\nio.dll
0x00007ff8e0fa0000 - 0x00007ff8e0fb6000 	C:\Program Files\Apache NetBeans\jdk\bin\zip.dll
0x00007ff920ce0000 - 0x00007ff920cee000 	C:\Program Files\Apache NetBeans\jdk\bin\sunmscapi.dll
0x00007ff93d990000 - 0x00007ff93db0f000 	C:\WINDOWS\System32\CRYPT32.dll
0x00007ff93cf50000 - 0x00007ff93cf80000 	C:\WINDOWS\SYSTEM32\ncrypt.dll
0x00007ff93cf00000 - 0x00007ff93cf3f000 	C:\WINDOWS\SYSTEM32\NTASN1.dll
0x00007ff93ccf0000 - 0x00007ff93cd0b000 	C:\WINDOWS\SYSTEM32\CRYPTSP.dll
0x00007ff93c3a0000 - 0x00007ff93c3d9000 	C:\WINDOWS\system32\rsaenh.dll
0x00007ff93cab0000 - 0x00007ff93cae4000 	C:\WINDOWS\SYSTEM32\USERENV.dll
0x00007ff93d680000 - 0x00007ff93d6aa000 	C:\WINDOWS\SYSTEM32\bcrypt.dll
0x00007ff93cd10000 - 0x00007ff93cd1c000 	C:\WINDOWS\SYSTEM32\CRYPTBASE.dll
0x00007ff93be40000 - 0x00007ff93be73000 	C:\WINDOWS\SYSTEM32\IPHLPAPI.DLL
0x00007ff93f260000 - 0x00007ff93f26a000 	C:\WINDOWS\System32\NSI.dll
0x00007ff8e09e0000 - 0x00007ff8e09ea000 	C:\Program Files\Apache NetBeans\jdk\bin\management.dll
0x00007ff8e09d0000 - 0x00007ff8e09dc000 	C:\Program Files\Apache NetBeans\jdk\bin\management_ext.dll
0x00007ff93e2c0000 - 0x00007ff93e2c8000 	C:\WINDOWS\System32\PSAPI.DLL
0x00007ff93bee0000 - 0x00007ff93c038000 	C:\WINDOWS\SYSTEM32\DNSAPI.dll
0x00007ff93c790000 - 0x00007ff93c79d000 	C:\WINDOWS\SYSTEM32\DSPARSE.dll
0x00007ff92b1c0000 - 0x00007ff92b1cb000 	C:\Windows\System32\rasadhlp.dll
0x00007ff9329f0000 - 0x00007ff932a76000 	C:\WINDOWS\System32\fwpuclnt.dll
0x00007ff8e0f50000 - 0x00007ff8e0f59000 	C:\Program Files\Apache NetBeans\jdk\bin\extnet.dll
0x00007ff8fba10000 - 0x00007ff8fba18000 	C:\WINDOWS\system32\wshunix.dll

JVMTI agents: none

dbghelp: loaded successfully - version: 4.0.5 - missing functions: none
symbol engine: initialized successfully - sym options: 0x614 - pdb path: .;C:\Program Files\Apache NetBeans\jdk\bin;C:\WINDOWS\SYSTEM32;C:\WINDOWS\WinSxS\amd64_microsoft.windows.common-controls_6595b64144ccf1df_6.0.26100.9549_none_3e0a0396e3330090;C:\Program Files\Apache NetBeans\jdk\bin\server

VM Arguments:
java_command: com.gabicake.api.ApiApplication
java_class_path (initial): C:\Users\Sanara Carvalho\OneDrive\Desktop\Pi-II-2026-2-equipe-4-main\Pi-II-2026-2-equipe-4-main\backend\target\classes;C:\Users\Sanara Carvalho\.m2\repository\org\springframework\boot\spring-boot-starter-webmvc\4.1.1\spring-boot-starter-webmvc-4.1.1.jar;C:\Users\Sanara Carvalho\.m2\repository\org\springframework\boot\spring-boot-starter\4.1.1\spring-boot-starter-4.1.1.jar;C:\Users\Sanara Carvalho\.m2\repository\org\springframework\boot\spring-boot-starter-logging\4.1.1\spring-boot-starter-logging-4.1.1.jar;C:\Users\Sanara Carvalho\.m2\repository\ch\qos\logback\logback-classic\1.5.38\logback-classic-1.5.38.jar;C:\Users\Sanara Carvalho\.m2\repository\ch\qos\logback\logback-core\1.5.38\logback-core-1.5.38.jar;C:\Users\Sanara Carvalho\.m2\repository\org\apache\logging\log4j\log4j-to-slf4j\2.25.5\log4j-to-slf4j-2.25.5.jar;C:\Users\Sanara Carvalho\.m2\repository\org\apache\logging\log4j\log4j-api\2.25.5\log4j-api-2.25.5.jar;C:\Users\Sanara Carvalho\.m2\repository\org\slf4j\jul-to-slf4j\2.0.18\jul-to-slf4j-2.0.18.jar;C:\Users\Sanara Carvalho\.m2\repository\org\springframework\boot\spring-boot-autoconfigure\4.1.1\spring-boot-autoconfigure-4.1.1.jar;C:\Users\Sanara Carvalho\.m2\repository\jakarta\annotation\jakarta.annotation-api\3.0.0\jakarta.annotation-api-3.0.0.jar;C:\Users\Sanara Carvalho\.m2\repository\org\yaml\snakeyaml\2.6\snakeyaml-2.6.jar;C:\Users\Sanara Carvalho\.m2\repository\org\springframework\boot\spring-boot-starter-jackson\4.1.1\spring-boot-starter-jackson-4.1.1.jar;C:\Users\Sanara Carvalho\.m2\repository\org\springframework\boot\spring-boot-jackson\4.1.1\spring-boot-jackson-4.1.1.jar;C:\Users\Sanara Carvalho\.m2\repository\tools\jackson\core\jackson-databind\3.1.5\jackson-databind-3.1.5.jar;C:\Users\Sanara Carvalho\.m2\repository\com\fasterxml\jackson\core\jackson-annotations\2.21\jackson-annotations-2.21.jar;C:\Users\Sanara Carvalho\.m2\repository\tools\jackson\core\jackson-core\3.1.5\jackson-core-3.1.5.jar;C:\Users\Sanara Carvalho\.m2\repository\org\springframework\boot\spring-boot-starter-tomcat\4.1.1\spring-boot-starter-tomcat-4.1.1.jar;C:\Users\Sanara Carvalho\.m2\repository\org\springframework\boot\spring-boot-starter-tomcat-runtime\4.1.1\spring-boot-starter-tomcat-runtime-4.1.1.jar;C:\Users\Sanara Carvalho\.m2\repository\org\springframework\boot\spring-boot-web-server\4.1.1\spring-boot-web-server-4.1.1.jar;C:\Users\Sanara Carvalho\.m2\repository\org\apache\tomcat\embed\tomcat-embed-core\11.0.24\tomcat-embed-core-11.0.24.jar;C:\Users\Sanara Carvalho\.m2\repository\org\apache\tomcat\embed\tomcat-embed-el\11.0.24\tomcat-embed-el-11.0.24.jar;C:\Users\Sanara Carvalho\.m2\repository\org\apache\tomcat\embed\tomcat-embed-websocket\11.0.24\tomcat-embed-websocket-11.0.24.jar;C:\Users\Sanara Carvalho\.m2\repository\org\springframework\boot\spring-boot-tomcat\4.1.1\spring-boot-tomcat-4.1.1.jar;C:\Users\Sanara Carvalho\.m2\repository\org\springframework\boot\spring-boot-http-converter\4.1.1\spring-boot-http-converter-4.1.1.jar;C:\Users\Sanara Carvalho\.m2\repository\org\springframework\boot\spring-boot\4.1.1\spring-boot-4.1.1.jar;C:\Users\Sanara Carvalho\.m2\repository\org\springframework\spring-core\7.0.9\spring-core-7.0.9.jar;C:\Users\Sanara Carvalho\.m2\repository\commons-logging\commons-logging\1.3.6\commons-logging-1.3.6.jar;C:\Users\Sanara Carvalho\.m2\repository\org\springframework\spring-context\7.0.9\spring-context-7.0.9.jar;C:\Users\Sanara Carvalho\.m2\repository\org\springframework\spring-web\7.0.9\spring-web-7.0.9.jar;C:\Users\Sanara Carvalho\.m2\repository\org\springframework\spring-beans\7.0.9\spring-beans-7.0.9.jar;C:\Users\Sanara Carvalho\.m2\repository\org\springframework\boot\spring-boot-webmvc\4.1.1\spring-boot-webmvc-4.1.1.jar;C:\Users\Sanara Carvalho\.m2\repository\org\springframework\boot\spring-boot-servlet\4.1.1\spring-boot-servlet-4.1.1.jar;C:\Users\Sanara Carvalho\.m2\repository\org\springframework\spring-webmvc\7.0.9\spring-webmvc-7.0.9.jar;C:\Users\Sanara Carvalho\.m2\repository\org\springframework\spring-aop\7.0.9\spring-aop-7.0.9.jar;C:\Users\Sanara Carvalho\.m2\repository\org\springframework\spring-expression\7.0.9\spring-expression-7.0.9.jar;C:\Users\Sanara Carvalho\.m2\repository\org\springframework\boot\spring-boot-starter-data-jpa\4.1.1\spring-boot-starter-data-jpa-4.1.1.jar;C:\Users\Sanara Carvalho\.m2\repository\org\springframework\boot\spring-boot-starter-jdbc\4.1.1\spring-boot-starter-jdbc-4.1.1.jar;C:\Users\Sanara Carvalho\.m2\repository\com\zaxxer\HikariCP\7.0.2\HikariCP-7.0.2.jar;C:\Users\Sanara Carvalho\.m2\repository\org\slf4j\slf4j-api\2.0.18\slf4j-api-2.0.18.jar;C:\Users\Sanara Carvalho\.m2\repository\org\springframework\boot\spring-boot-data-jpa\4.1.1\spring-boot-data-jpa-4.1.1.jar;C:\Users\Sanara Carvalho\.m2\repository\org\springframework\boot\spring-boot-data-commons\4.1.1\spring-boot-data-commons-4.1.1.jar;C:\Users\Sanara Carvalho\.m2\repository\org\springframework\boot\spring-boot-persistence\4.1.1\spring-boot-persistence-4.1.1.jar;C:\Users\Sanara Carvalho\.m2\repository\org\springframework\data\spring-data-commons\4.1.1\spring-data-commons-4.1.1.jar;C:\Users\Sanara Carvalho\.m2\repository\org\springframework\boot\spring-boot-hibernate\4.1.1\spring-boot-hibernate-4.1.1.jar;C:\Users\Sanara Carvalho\.m2\repository\org\springframework\boot\spring-boot-jpa\4.1.1\spring-boot-jpa-4.1.1.jar;C:\Users\Sanara Carvalho\.m2\repository\jakarta\persistence\jakarta.persistence-api\3.2.0\jakarta.persistence-api-3.2.0.jar;C:\Users\Sanara Carvalho\.m2\repository\org\hibernate\orm\hibernate-core\7.4.5.Final\hibernate-core-7.4.5.Final.jar;C:\Users\Sanara Carvalho\.m2\repository\jakarta\transaction\jakarta.transaction-api\2.0.1\jakarta.transaction-api-2.0.1.jar;C:\Users\Sanara Carvalho\.m2\repository\org\jboss\logging\jboss-logging\3.6.3.Final\jboss-logging-3.6.3.Final.jar;C:\Users\Sanara Carvalho\.m2\repository\org\hibernate\models\hibernate-models\1.1.1\hibernate-models-1.1.1.jar;C:\Users\Sanara Carvalho\.m2\repository\net\bytebuddy\byte-buddy\1.18.11\byte-buddy-1.18.11.jar;C:\Users\Sanara Carvalho\.m2\repository\jakarta\xml\bind\jakarta.xml.bind-api\4.0.5\jakarta.xml.bind-api-4.0.5.jar;C:\Users\Sanara Carvalho\.m2\repository\jakarta\activation\jakarta.activation-api\2.1.4\jakarta.activation-api-2.1.4.jar;C:\Users\Sanara Carvalho\.m2\repository\org\glassfish\jaxb\jaxb-runtime\4.0.9\jaxb-runtime-4.0.9.jar;C:\Users\Sanara Carvalho\.m2\repository\org\glassfish\jaxb\jaxb-core\4.0.9\jaxb-core-4.0.9.jar;C:\Users\Sanara Carvalho\.m2\repository\org\eclipse\angus\angus-activation\2.0.3\angus-activation-2.0.3.jar;C:\Users\Sanara Carvalho\.m2\repository\org\glassfish\jaxb\txw2\4.0.9\txw2-4.0.9.jar;C:\Users\Sanara Carvalho\.m2\repository\com\sun\istack\istack-commons-runtime\4.1.2\istack-commons-runtime-4.1.2.jar;C:\Users\Sanara Carvalho\.m2\repository\jakarta\inject\jakarta.inject-api\2.0.1\jakarta.inject-api-2.0.1.jar;C:\Users\Sanara Carvalho\.m2\repository\org\springframework\spring-orm\7.0.9\spring-orm-7.0.9.jar;C:\Users\Sanara Carvalho\.m2\repository\org\springframework\data\spring-data-jpa\4.1.1\spring-data-jpa-4.1.1.jar;C:\Users\Sanara Carvalho\.m2\repository\org\springframework\spring-tx\7.0.9\spring-tx-7.0.9.jar;C:\Users\Sanara Carvalho\.m2\repository\org\antlr\antlr4-runtime\4.13.2\antlr4-runtime-4.13.2.jar;C:\Users\Sanara Carvalho\.m2\repository\org\springframework\spring-aspects\7.0.9\spring-aspects-7.0.9.jar;C:\Users\Sanara Carvalho\.m2\repository\org\aspectj\aspectjweaver\1.9.25.1\aspectjweaver-1.9.25.1.jar;C:\Users\Sanara Carvalho\.m2\repository\org\springframework\boot\spring-boot-jdbc\4.1.1\spring-boot-jdbc-4.1.1.jar;C:\Users\Sanara Carvalho\.m2\repository\org\springframework\boot\spring-boot-sql\4.1.1\spring-boot-sql-4.1.1.jar;C:\Users\Sanara Carvalho\.m2\repository\org\springframework\boot\spring-boot-transaction\4.1.1\spring-boot-transaction-4.1.1.jar;C:\Users\Sanara Carvalho\.m2\repository\org\springframework\spring-jdbc\7.0.9\spring-jdbc-7.0.9.jar;C:\Users\Sanara Carvalho\.m2\repository\org\springframework\boot\spring-boot-starter-actuator\4.1.1\spring-boot-starter-actuator-4.1.1.jar;C:\Users\Sanara Carvalho\.m2\repository\org\springframework\boot\spring-boot-starter-micrometer-metrics\4.1.1\spring-boot-starter-micrometer-metrics-4.1.1.jar;C:\Users\Sanara Carvalho\.m2\repository\org\springframework\boot\spring-boot-micrometer-metrics\4.1.1\spring-boot-micrometer-metrics-4.1.1.jar;C:\Users\Sanara Carvalho\.m2\repository\org\springframework\boot\spring-boot-micrometer-observation\4.1.1\spring-boot-micrometer-observation-4.1.1.jar;C:\Users\Sanara Carvalho\.m2\repository\org\springframework\boot\spring-boot-actuator-autoconfigure\4.1.1\spring-boot-actuator-autoconfigure-4.1.1.jar;C:\Users\Sanara Carvalho\.m2\repository\org\springframework\boot\spring-boot-actuator\4.1.1\spring-boot-actuator-4.1.1.jar;C:\Users\Sanara Carvalho\.m2\repository\org\springframework\boot\spring-boot-health\4.1.1\spring-boot-health-4.1.1.jar;C:\Users\Sanara Carvalho\.m2\repository\io\micrometer\micrometer-observation\1.17.1\micrometer-observation-1.17.1.jar;C:\Users\Sanara Carvalho\.m2\repository\org\jspecify\jspecify\1.0.1\jspecify-1.0.1.jar;C:\Users\Sanara Carvalho\.m2\repository\io\micrometer\micrometer-commons\1.17.1\micrometer-commons-1.17.1.jar;C:\Users\Sanara Carvalho\.m2\repository\io\micrometer\micrometer-jakarta9\1.17.1\micrometer-jakarta9-1.17.1.jar;C:\Users\Sanara Carvalho\.m2\repository\io\micrometer\micrometer-core\1.17.1\micrometer-core-1.17.1.jar;C:\Users\Sanara Carvalho\.m2\repository\org\hdrhistogram\HdrHistogram\2.2.2\HdrHistogram-2.2.2.jar;C:\Users\Sanara Carvalho\.m2\repository\org\postgresql\postgresql\42.7.13\postgresql-42.7.13.jar;C:\Users\Sanara Carvalho\.m2\repository\org\checkerframework\checker-qual\3.55.1\checker-qual-3.55.1.jar
Launcher Type: SUN_STANDARD

[Global flags]
     bool AOTAdapterCaching                        = false                                  {diagnostic} {ergonomic}
     bool AOTInvokeDynamicLinking                  = false                                  {diagnostic} {ergonomic}
     bool AOTRecordTraining                        = false                                  {diagnostic} {ergonomic}
     bool AOTReplayTraining                        = false                                  {diagnostic} {ergonomic}
     bool AOTStubCaching                           = false                                  {diagnostic} {ergonomic}
     intx CICompilerCount                          = 4                                         {product} {ergonomic}
     uint ConcGCThreads                            = 2                                         {product} {ergonomic}
     uint G1ConcRefinementThreads                  = 8                                         {product} {ergonomic}
     uint G1EagerReclaimRemSetThreshold            = 10                                   {experimental} {ergonomic}
   size_t G1HeapRegionSize                         = 1048576                                   {product} {ergonomic}
     uint G1RemSetArrayOfCardsEntries              = 10                                   {experimental} {ergonomic}
     uint G1RemSetHowlMaxNumBuckets                = 8                                    {experimental} {ergonomic}
     uint G1RemSetHowlNumBuckets                   = 4                                    {experimental} {ergonomic}
   size_t InitialHeapSize                          = 8388608                                   {product} {ergonomic}
     bool IntelJccErratumMitigation                = false                             {ARCH diagnostic} {ergonomic}
   size_t MarkStackSize                            = 4194304                                   {product} {ergonomic}
   size_t MarkStackSizeMax                         = 536870912                                 {product} {ergonomic}
   size_t MaxHeapSize                              = 1002438656                                {product} {ergonomic}
   size_t MaxNewSize                               = 600834048                                 {product} {ergonomic}
 uint64_t MaxRAM                                   = 4006076416                                {product} {ergonomic}
   size_t MinHeapDeltaBytes                        = 1048576                                   {product} {ergonomic}
   size_t MinHeapSize                              = 8388608                                   {product} {ergonomic}
   size_t NonNMethodCodeHeapSize                   = 5898240                                {pd product} {ergonomic}
   size_t NonProfiledCodeHeapSize                  = 122945536                              {pd product} {ergonomic}
   size_t ProfiledCodeHeapSize                     = 122945536                              {pd product} {ergonomic}
   size_t ReservedCodeCacheSize                    = 251789312                              {pd product} {ergonomic}
     bool SegmentedCodeCache                       = true                                      {product} {ergonomic}
   size_t SoftMaxHeapSize                          = 1002438656                             {manageable} {ergonomic}
     bool UseCompressedOops                        = true                           {product lp64_product} {ergonomic}
     bool UseCondCardMark                          = true                                      {product} {ergonomic}
     bool UseFastUnorderedTimeStamps               = true                                 {experimental} {ergonomic}
     bool UseG1GC                                  = true                                      {product} {ergonomic}
     bool UseLargePagesIndividualAllocation        = false                                  {pd product} {ergonomic}
      int X86ICacheSync                            = 3                                 {ARCH diagnostic} {ergonomic}

Logging:
Log output configuration:
 #0: stdout all=warning uptime,level,tags foldmultilines=false
 #1: stderr all=off uptime,level,tags foldmultilines=false

Release file:
IMPLEMENTOR="Eclipse Adoptium" 
IMPLEMENTOR_VERSION="Temurin-26.0.2+10" 
JAVA_RUNTIME_VERSION="26.0.2+10" 
JAVA_VERSION="26.0.2" 
JAVA_VERSION_DATE="2026-07-21" 
LIBC="default" 
MODULES="java.base java.compiler java.datatransfer java.xml java.prefs java.desktop java.instrument java.logging java.management java.security.sasl java.naming java.rmi java.management.rmi java.net.http java.scripting java.security.jgss java.transaction.xa java.sql java.sql.rowset java.xml.crypto java.se java.smartcardio jdk.accessibility jdk.internal.jvmstat jdk.attach jdk.charsets jdk.internal.opt jdk.zipfs jdk.compiler jdk.crypto.cryptoki jdk.crypto.ec jdk.crypto.mscapi jdk.dynalink jdk.internal.ed jdk.editpad jdk.internal.vm.ci jdk.graal.compiler jdk.graal.compiler.management jdk.hotspot.agent jdk.httpserver jdk.incubator.vector jdk.internal.le jdk.internal.md jdk.jartool jdk.javadoc jdk.jcmd jdk.management jdk.management.agent jdk.jconsole jdk.jdeps jdk.jdwp.agent jdk.jdi jdk.jfr jdk.jlink jdk.jpackage jdk.jshell jdk.jstatd jdk.localedata jdk.management.jfr jdk.naming.dns jdk.naming.rmi jdk.net jdk.nio.mapmode jdk.sctp jdk.security.auth jdk.security.jgss jdk.unsupported jdk.unsupported.desktop jdk.xml.dom" 
OS_ARCH="x86_64" 
OS_NAME="Windows" 
SOURCE=".:git:8ef08853c5a2" 
BUILD_SOURCE="git:e6ba7dec3d07654074559310376a3ae89da5f4ac"
BUILD_SOURCE_REPO="https://github.com/adoptium/temurin-build.git"
SOURCE_REPO="https://github.com/adoptium/jdk26u.git"
FULL_VERSION="26.0.2+10"
SEMANTIC_VERSION="26.0.2+10"
BUILD_INFO="OS: Windows Server 2022 Version: 10.0"
JVM_VARIANT="Hotspot"
JVM_VERSION="26.0.2+10"
IMAGE_TYPE="JDK"

Environment Variables:
JAVA_HOME=C:\Program Files\Apache NetBeans\jdk
PATH=C:\Program Files\Eclipse Adoptium\jdk-21.0.12.101-hotspot\bin;C:\msys64\mingw64\bin;C:\msys64\ucrt64\bin;C:\WINDOWS\system32;C:\WINDOWS;C:\WINDOWS\System32\Wbem;C:\winlibs-x86_64-posix-seh-gcc-15.1.0-mingw-w64ucrt-13.0.0-r2\mingw64\bin;C:\Program Files\Git\cmd;C:\Windows\System32\WindowsPowerShell\v1.0\;C:\src\flutter\bin;C:\msys64\mingw64\bin;C:\msys64\ucrt64\bin;C:\Users\Sanara Carvalho\AppData\Local\Programs\Microsoft VS Code\bin;C:\msys64\ucrt64\bin;;C:\Users\Sanara Carvalho\AppData\Local\Programs\DockerDesktop\resources\bin;C:\Program Files\Apache NetBeans\bin\
USERNAME=Sanara Carvalho
OS=Windows_NT
PROCESSOR_IDENTIFIER=Intel64 Family 6 Model 154 Stepping 4, GenuineIntel
TMP=C:\WINDOWS\TEMP
TEMP=C:\WINDOWS\TEMP




Compilation memory statistics disabled.

Periodic native trim disabled

---------------  S Y S T E M  ---------------

OS:
 Windows 11 , 64 bit Build 26100 (10.0.26100.9549)
OS uptime: 0 days 1:10 hours
Hyper-V role detected

CPU: total 8 (initial active 8) (hybrid) family 6 model 154 stepping 4 microcode 0x435, cx8, cmov, fxsr, ht, mmx, 3dnowpref, sse, sse2, sse3, ssse3, sse4.1, sse4.2, popcnt, lzcnt, tsc, tscinvbit, avx, avx2, aes, erms, clmul, bmi1, bmi2, adx, sha, fma, vzeroupper, clflush, clflushopt, clwb, hv, serialize, rdtscp, rdpid, fsrm, gfni, f16c, cet_ibt, cet_ss, hybrid
Processor Information for processor 0
  Max Mhz: 1200, Current Mhz: 1200, Mhz Limit: 1200
Processor Information for processor 1
  Max Mhz: 1200, Current Mhz: 1200, Mhz Limit: 1200
Processor Information for processor 2
  Max Mhz: 1200, Current Mhz: 1200, Mhz Limit: 1200
Processor Information for processor 3
  Max Mhz: 1200, Current Mhz: 1200, Mhz Limit: 1200
Processor Information for processor 4
  Max Mhz: 900, Current Mhz: 900, Mhz Limit: 900
Processor Information for processor 5
  Max Mhz: 900, Current Mhz: 900, Mhz Limit: 900
Processor Information for processor 6
  Max Mhz: 900, Current Mhz: 900, Mhz Limit: 900
Processor Information for processor 7
  Max Mhz: 900, Current Mhz: 900, Mhz Limit: 900

Memory: 4k page, system-wide physical 3820M (335M free)
TotalPageFile size 15596M (AvailPageFile size 26M)
current process WorkingSet (physical memory assigned to process): 76M, peak: 259M
current process commit charge ("private bytes"): 278M, peak: 334M

vm_info: OpenJDK 64-Bit Server VM (26.0.2+10) for windows-amd64 JRE (26.0.2+10), built on 2026-07-21T00:00:00Z with MS VC++ 17.12 (VS2022)

END.
