#
# There is insufficient memory for the Java Runtime Environment to continue.
# Native memory allocation (mmap) failed to map 62914560 bytes. Error detail: G1 virtual space
# Possible reasons:
#   The system is out of physical RAM or swap space
#   This process is running with CompressedOops enabled, and the Java Heap may be blocking the growth of the native heap
# Possible solutions:
#   Reduce memory load on the system
#   Increase physical memory or swap space
#   Check if swap backing store is full
#   Decrease Java heap size (-Xmx/-Xms)
#   Decrease number of Java threads
#   Decrease Java thread stack sizes (-Xss)
#   Set larger code cache with -XX:ReservedCodeCacheSize=
#   JVM is running with Unscaled Compressed Oops mode in which the Java heap is
#     placed in the first 4GB address space. The Java Heap base address is the
#     maximum limit for the native heap growth. Please use -XX:HeapBaseMinAddress
#     to set the Java Heap base and to place the Java Heap above 4GB virtual address.
# This output file may be truncated or incomplete.
#
#  Out of Memory Error (os_windows.cpp:3583), pid=2800, tid=19660
#
# JRE version: OpenJDK Runtime Environment Temurin-26.0.2+10 (26.0.2+10) (build 26.0.2+10)
# Java VM: OpenJDK 64-Bit Server VM Temurin-26.0.2+10 (26.0.2+10, mixed mode, sharing, tiered, compressed oops, compressed class ptrs, g1 gc, windows-amd64)
# No core dump will be written. Minidumps are not enabled by default on client versions of Windows
#

---------------  S U M M A R Y ------------

Command Line: com.gabicake.api.ApiApplication

Host: 12th Gen Intel(R) Core(TM) i3-1215U, 8 cores, 3G,  Windows 11 , 64 bit Build 26100 (10.0.26100.9549)
Time: Sat Oct  3 15:15:22 2026 Hora oficial do Brasil elapsed time: 3.958378 seconds (0d 0h 0m 3s)

---------------  T H R E A D  ---------------

Current thread (0x000001fbc89ec850):  VMThread "VM Thread"          [id=19660, stack(0x0000000a35800000,0x0000000a35900000) (1024K)]

Stack: [0x0000000a35800000,0x0000000a35900000]
Native frames: (J=compiled Java code, j=interpreted, Vv=VM code, C=native code)
V  [jvm.dll+0x7dcd79]  (no source info available)
V  [jvm.dll+0x7a98ad]  (no source info available)
V  [jvm.dll+0xa461e0]  (no source info available)
V  [jvm.dll+0xa48631]  (no source info available)
V  [jvm.dll+0xa48d43]  (no source info available)
V  [jvm.dll+0x312fe6]  (no source info available)
V  [jvm.dll+0x7dc245]  (no source info available)
V  [jvm.dll+0x7cf427]  (no source info available)
V  [jvm.dll+0x40dd98]  (no source info available)
V  [jvm.dll+0x416116]  (no source info available)
V  [jvm.dll+0x4024c4]  (no source info available)
V  [jvm.dll+0x4027b5]  (no source info available)
V  [jvm.dll+0x3d961f]  (no source info available)
V  [jvm.dll+0x3dc85c]  (no source info available)
V  [jvm.dll+0x427a9c]  (no source info available)
V  [jvm.dll+0x4263d0]  (no source info available)
V  [jvm.dll+0x3d8d98]  (no source info available)
V  [jvm.dll+0x425793]  (no source info available)
V  [jvm.dll+0xa4f1d2]  (no source info available)
V  [jvm.dll+0xa5019b]  (no source info available)
V  [jvm.dll+0xa506a6]  (no source info available)
V  [jvm.dll+0xa50b28]  (no source info available)
V  [jvm.dll+0xa50dc3]  (no source info available)
V  [jvm.dll+0x9e4749]  (no source info available)
V  [jvm.dll+0x7de858]  (no source info available)
C  [ucrtbase.dll+0x2cd30]  (no source info available)
C  [KERNEL32.DLL+0x2cdf7]  (no source info available)
C  [ntdll.dll+0x7ee4c]  (no source info available)

VM_Operation (0x0000000a350fd818): G1CollectForAllocation, mode: safepoint, requested by thread 0x000001fbc64cee10


---------------  P R O C E S S  ---------------

Threads class SMR info:
_java_thread_list=0x000001fbea5e0090, length=12, elements={
0x000001fbc64cee10, 0x000001fbe49da200, 0x000001fbe49dac50, 0x000001fbe49de380,
0x000001fbe49e0e20, 0x000001fbe49e75f0, 0x000001fbe49e87a0, 0x000001fbe49eb6a0,
0x000001fbe4a10d70, 0x000001fbe4a231b0, 0x000001fbe4a22210, 0x000001fbe4a15e10
}

Java Threads: ( => current thread )
  0x000001fbc64cee10 JavaThread "main"                              [_thread_blocked, id=3012, stack(0x0000000a35000000,0x0000000a35100000) (1024K)]
  0x000001fbe49da200 JavaThread "Reference Handler"          daemon [_thread_blocked, id=14732, stack(0x0000000a35900000,0x0000000a35a00000) (1024K)]
  0x000001fbe49dac50 JavaThread "Finalizer"                  daemon [_thread_blocked, id=20204, stack(0x0000000a35a00000,0x0000000a35b00000) (1024K)]
  0x000001fbe49de380 JavaThread "Signal Dispatcher"          daemon [_thread_blocked, id=12580, stack(0x0000000a35b00000,0x0000000a35c00000) (1024K)]
  0x000001fbe49e0e20 JavaThread "Attach Listener"            daemon [_thread_blocked, id=12468, stack(0x0000000a35c00000,0x0000000a35d00000) (1024K)]
  0x000001fbe49e75f0 JavaThread "Service Thread"             daemon [_thread_blocked, id=9008, stack(0x0000000a35d00000,0x0000000a35e00000) (1024K)]
  0x000001fbe49e87a0 JavaThread "Monitor Deflation Thread"   daemon [_thread_blocked, id=10004, stack(0x0000000a35e00000,0x0000000a35f00000) (1024K)]
  0x000001fbe49eb6a0 JavaThread "C2 CompilerThread0"         daemon [_thread_blocked, id=20428, stack(0x0000000a35f00000,0x0000000a36000000) (1024K)]
  0x000001fbe4a10d70 JavaThread "C1 CompilerThread0"         daemon [_thread_blocked, id=20472, stack(0x0000000a36000000,0x0000000a36100000) (1024K)]
  0x000001fbe4a231b0 JavaThread "Notification Thread"        daemon [_thread_blocked, id=16388, stack(0x0000000a36100000,0x0000000a36200000) (1024K)]
  0x000001fbe4a22210 JavaThread "Common-Cleaner"             daemon [_thread_blocked, id=6356, stack(0x0000000a36200000,0x0000000a36300000) (1024K)]
  0x000001fbe4a15e10 JavaThread "C2 CompilerThread1"         daemon [_thread_blocked, id=4716, stack(0x0000000a36900000,0x0000000a36a00000) (1024K)]
Total: 12

Other Threads:
=>0x000001fbc89ec850 VMThread "VM Thread"                           [id=19660, stack(0x0000000a35800000,0x0000000a35900000) (1024K)]
  0x000001fbe49ccf10 WatcherThread "VM Periodic Task Thread"        [id=4952, stack(0x0000000a35700000,0x0000000a35800000) (1024K)]
  0x000001fbc8970280 WorkerThread "GC Thread#0"                     [id=1308, stack(0x0000000a35100000,0x0000000a35200000) (1024K)]
  0x000001fbe4cae7b0 WorkerThread "GC Thread#1"                     [id=11152, stack(0x0000000a36300000,0x0000000a36400000) (1024K)]
  0x000001fbe9cb3640 WorkerThread "GC Thread#2"                     [id=15964, stack(0x0000000a36500000,0x0000000a36600000) (1024K)]
  0x000001fbe9d0ba10 WorkerThread "GC Thread#3"                     [id=14556, stack(0x0000000a36600000,0x0000000a36700000) (1024K)]
  0x000001fbe9d0be30 WorkerThread "GC Thread#4"                     [id=3456, stack(0x0000000a36700000,0x0000000a36800000) (1024K)]
  0x000001fbe9d0c250 WorkerThread "GC Thread#5"                     [id=20072, stack(0x0000000a36800000,0x0000000a36900000) (1024K)]
  0x000001fbea136330 WorkerThread "GC Thread#6"                     [id=21928, stack(0x0000000a36a00000,0x0000000a36b00000) (1024K)]
  0x000001fbea11d320 WorkerThread "GC Thread#7"                     [id=20112, stack(0x0000000a36b00000,0x0000000a36c00000) (1024K)]
  0x000001fbc897c680 ConcurrentGCThread "G1 Main Marker"            [id=16412, stack(0x0000000a35200000,0x0000000a35300000) (1024K)]
  0x000001fbc897df70 WorkerThread "G1 Conc#0"                       [id=19560, stack(0x0000000a35300000,0x0000000a35400000) (1024K)]
  0x000001fbe91e1250 WorkerThread "G1 Conc#1"                       [id=12396, stack(0x0000000a36400000,0x0000000a36500000) (1024K)]
  0x000001fbc89c2770 WorkerThread "G1 Refinement Workers#0"         [id=17956, stack(0x0000000a35500000,0x0000000a35600000) (1024K)]
  0x000001fbc89c1bb0 ConcurrentGCThread "G1 Refine Control"         [id=5904, stack(0x0000000a35400000,0x0000000a35500000) (1024K)]
  0x000001fbc89c32e0 ConcurrentGCThread "G1 Service"                [id=11172, stack(0x0000000a35600000,0x0000000a35700000) (1024K)]
Total: 16

Threads with active compile tasks:
C2 CompilerThread0  4046 4161       4       org.springframework.beans.factory.support.DefaultSingletonBeanRegistry::isSingletonCurrentlyInCreation (11 bytes)
Total: 1

VM state: at safepoint (normal execution)

VM Mutex/Monitor currently owned by a thread:  ([mutex/lock_event])
[0x00007ff8e1f01b88] Threads_lock - owner thread: 0x000001fbc89ec850
[0x00007ff8e1f01e08] Heap_lock - owner thread: 0x000001fbc64cee10

Heap address: 0x00000000c4400000, size: 956 MB, Compressed Oops mode: 32-bit

CDS archive(s) mapped at: [0x000000000f000000-0x000000000fde0000-0x000000000fde0000), size 14548992, SharedBaseAddress: 0x000000000f000000, ArchiveRelocationMode: 1.
Compressed class space mapped at: 0x0000000010000000-0x0000000050000000, reserved size: 1073741824
UseCompressedClassPointers 1, UseCompactObjectHeaders 0
Narrow klass pointer bits 32, Max shift 3
Narrow klass base: 0x000000000f000000, Narrow klass shift: 0
Encoding Range: [0x000000000f000000 - 0x000000010f000000), (4294967296 bytes)
Klass Range:    [0x000000000f000000 - 0x0000000050000000), (1090519040 bytes)
Klass ID Range:  [8 - 1090519033) (1090519025)
Protection zone: [0x000000000f000000 - 0x000000000f010000), (65536 bytes)

GC Precious Log:
 CardTable entry size: 512
 Card Set container configuration: InlinePtr #cards 5 size 8 Array Of Cards #cards 10 size 36 Howl #buckets 4 coarsen threshold 1843 Howl Bitmap #cards 512 size 80 coarsen threshold 460 Card regions per heap region 1 cards per card region 2048
 CPUs: 8 total, 8 available
 Memory: 3820M
 Large Page Support: Disabled
 NUMA Support: Disabled
 Compressed Oops: Enabled (32-bit)
 Heap Region Size: 1M
 Heap Min Capacity: 8M
 Heap Initial Capacity: 8M
 Heap Max Capacity: 956M
 Pre-touch: Disabled
 Parallel Workers: 8
 Concurrent Workers: 2
 Concurrent Refinement Workers: 8
 Periodic GC: Disabled

Heap:
 garbage-first heap   total reserved 978944K, committed 30720K, used 17296K [0x00000000c4400000, 0x0000000100000000)
  region size 1M, 0 eden (0M), 2 survivor (2M), 14 old (14M), 1 humongous (1M), 13 free (13M)

Heap Regions: E=young(eden), S=young(survivor), O=old, HS=humongous(starts), HC=humongous(continues), CS=collection set, F=free, TAMS=top-at-mark-start, PB=parsable bottom
|    0|0x00000000c4400000, 0x00000000c4500000, 0x00000000c4500000|100%|HS|  |TAMS 0x00000000c4400000| PB 0x00000000c4400000| Complete  |  0
|    1|0x00000000c4500000, 0x00000000c4600000, 0x00000000c4600000|100%| O|  |TAMS 0x00000000c4500000| PB 0x00000000c4500000| Untracked |  0
|    2|0x00000000c4600000, 0x00000000c4700000, 0x00000000c4700000|100%| O|  |TAMS 0x00000000c4600000| PB 0x00000000c4600000| Untracked |  0
|    3|0x00000000c4700000, 0x00000000c4800000, 0x00000000c4800000|100%| O|  |TAMS 0x00000000c4700000| PB 0x00000000c4700000| Untracked |  0
|    4|0x00000000c4800000, 0x00000000c4900000, 0x00000000c4900000|100%| O|  |TAMS 0x00000000c4800000| PB 0x00000000c4800000| Untracked |  0
|    5|0x00000000c4900000, 0x00000000c4a00000, 0x00000000c4a00000|100%| O|  |TAMS 0x00000000c4900000| PB 0x00000000c4900000| Untracked |  0
|    6|0x00000000c4a00000, 0x00000000c4b00000, 0x00000000c4b00000|100%| O|  |TAMS 0x00000000c4a00000| PB 0x00000000c4a00000| Untracked |  0
|    7|0x00000000c4b00000, 0x00000000c4c00000, 0x00000000c4c00000|100%| O|  |TAMS 0x00000000c4b00000| PB 0x00000000c4b00000| Untracked |  0
|    8|0x00000000c4c00000, 0x00000000c4d00000, 0x00000000c4d00000|100%| O|  |TAMS 0x00000000c4c00000| PB 0x00000000c4c00000| Untracked |  0
|    9|0x00000000c4d00000, 0x00000000c4e00000, 0x00000000c4e00000|100%| O|  |TAMS 0x00000000c4d00000| PB 0x00000000c4d00000| Untracked |  0
|   10|0x00000000c4e00000, 0x00000000c4e00000, 0x00000000c4f00000|  0%| F|  |TAMS 0x00000000c4e00000| PB 0x00000000c4e00000| Untracked |  0
|   11|0x00000000c4f00000, 0x00000000c5000000, 0x00000000c5000000|100%| O|  |TAMS 0x00000000c4f00000| PB 0x00000000c4f00000| Untracked |  0
|   12|0x00000000c5000000, 0x00000000c5100000, 0x00000000c5100000|100%| O|  |TAMS 0x00000000c5000000| PB 0x00000000c5000000| Untracked |  0
|   13|0x00000000c5100000, 0x00000000c5200000, 0x00000000c5200000|100%| O|  |TAMS 0x00000000c5100000| PB 0x00000000c5100000| Untracked |  0
|   14|0x00000000c5200000, 0x00000000c5200000, 0x00000000c5300000|  0%| F|  |TAMS 0x00000000c5200000| PB 0x00000000c5200000| Untracked |  0
|   15|0x00000000c5300000, 0x00000000c5300000, 0x00000000c5400000|  0%| F|  |TAMS 0x00000000c5300000| PB 0x00000000c5300000| Untracked |  0
|   16|0x00000000c5400000, 0x00000000c54e4028, 0x00000000c5500000| 89%| O|  |TAMS 0x00000000c5400000| PB 0x00000000c5400000| Untracked |  0
|   17|0x00000000c5500000, 0x00000000c5600000, 0x00000000c5600000|100%| S|CS|TAMS 0x00000000c5500000| PB 0x00000000c5500000| Complete  |  0
|   18|0x00000000c5600000, 0x00000000c5700000, 0x00000000c5700000|100%| S|CS|TAMS 0x00000000c5600000| PB 0x00000000c5600000| Complete  |  0
|   19|0x00000000c5700000, 0x00000000c5700000, 0x00000000c5800000|  0%| F|  |TAMS 0x00000000c5700000| PB 0x00000000c5700000| Untracked |  0
|   20|0x00000000c5800000, 0x00000000c5800000, 0x00000000c5900000|  0%| F|  |TAMS 0x00000000c5800000| PB 0x00000000c5800000| Untracked |  0
|   21|0x00000000c5900000, 0x00000000c5900000, 0x00000000c5a00000|  0%| F|  |TAMS 0x00000000c5900000| PB 0x00000000c5900000| Untracked |  0
|   22|0x00000000c5a00000, 0x00000000c5a00000, 0x00000000c5b00000|  0%| F|  |TAMS 0x00000000c5a00000| PB 0x00000000c5a00000| Untracked |  0
|   23|0x00000000c5b00000, 0x00000000c5b00000, 0x00000000c5c00000|  0%| F|  |TAMS 0x00000000c5b00000| PB 0x00000000c5b00000| Untracked |  0
|   24|0x00000000c5c00000, 0x00000000c5c00000, 0x00000000c5d00000|  0%| F|  |TAMS 0x00000000c5c00000| PB 0x00000000c5c00000| Untracked |  0
|   25|0x00000000c5d00000, 0x00000000c5d00000, 0x00000000c5e00000|  0%| F|  |TAMS 0x00000000c5d00000| PB 0x00000000c5d00000| Untracked |  0
|   26|0x00000000c5e00000, 0x00000000c5e00000, 0x00000000c5f00000|  0%| F|  |TAMS 0x00000000c5e00000| PB 0x00000000c5e00000| Untracked |  0
|   27|0x00000000c5f00000, 0x00000000c5f00000, 0x00000000c6000000|  0%| F|  |TAMS 0x00000000c5f00000| PB 0x00000000c5f00000| Untracked |  0
|  954|0x00000000ffe00000, 0x00000000fff00000, 0x00000000fff00000|100%| O|  |TAMS 0x00000000ffe00000| PB 0x00000000ffe00000| Untracked |  0
|  955|0x00000000fff00000, 0x00000000fff00000, 0x0000000100000000|  0%| F|  |TAMS 0x00000000fff00000| PB 0x00000000fff00000| Untracked |  0

Card table byte_map: [0x000001fbe0d70000,0x000001fbe0f50000] _byte_map_base: 0x000001fbe074e000
Refinement table byte_map: [0x000001fbe0f50000,0x000001fbe1130000] _byte_map_base: 0x000001fbe092e000

Marking Bits: (CMBitMap*) 0x000001fbc8970a00
 Bits: [0x000001fbe1130000, 0x000001fbe2020000)

Polling page: 0x000001fbc6670000

Metaspace:
Metaspace        used 24342K, committed 24576K, reserved 1114112K
 class space     used 3138K, committed 3264K, reserved 1048576K

Usage:
  Non-class:     20.71 MB used.
      Class:      3.06 MB used.
       Both:     23.77 MB used.

Virtual space:
  Non-class space:       64.00 MB reserved,      20.81 MB ( 33%) committed,  1 nodes.
      Class space:        1.00 GB reserved,       3.19 MB ( <1%) committed,  1 nodes.
             Both:        1.06 GB reserved,      24.00 MB (  2%) committed. 

Chunk freelists:
   Non-Class:  11.06 MB
       Class:  12.75 MB
        Both:  23.81 MB

MaxMetaspaceSize: unlimited
CompressedClassSpaceSize: 1.00 GB
Initial GC threshold: 21.00 MB
Current GC threshold: 35.12 MB
CDS: on
 - commit_granule_bytes: 65536.
 - commit_granule_words: 8192.
 - virtual_space_node_default_size: 8388608.
 - enlarge_chunks_in_place: 1.
UseCompressedClassPointers 1, UseCompactObjectHeaders 0
Narrow klass pointer bits 32, Max shift 3
Narrow klass base: 0x000000000f000000, Narrow klass shift: 0
Encoding Range: [0x000000000f000000 - 0x000000010f000000), (4294967296 bytes)
Klass Range:    [0x000000000f000000 - 0x0000000050000000), (1090519040 bytes)
Klass ID Range:  [8 - 1090519033) (1090519025)
Protection zone: [0x000000000f000000 - 0x000000000f010000), (65536 bytes)


Internal statistics:

num_allocs_failed_limit: 3.
num_arena_births: 250.
num_arena_deaths: 0.
num_vsnodes_births: 2.
num_vsnodes_deaths: 0.
num_space_committed: 384.
num_space_uncommitted: 0.
num_chunks_returned_to_freelist: 3.
num_chunks_taken_from_freelist: 1071.
num_chunk_merges: 3.
num_chunk_splits: 758.
num_chunks_enlarged: 611.
num_inconsistent_stats: 0.

CodeHeap 'non-profiled nmethods': size=120064Kb used=1443Kb max_used=1443Kb free=118620Kb
 bounds [0x000001fbd9320000, 0x000001fbd9590000, 0x000001fbe0860000]
CodeHeap 'profiled nmethods': size=120064Kb used=6990Kb max_used=6990Kb free=113073Kb
 bounds [0x000001fbd1840000, 0x000001fbd1f20000, 0x000001fbd8d80000]
CodeHeap 'non-nmethods': size=5760Kb used=1424Kb max_used=1558Kb free=4335Kb
 bounds [0x000001fbd8d80000, 0x000001fbd8ff0000, 0x000001fbd9320000]
CodeCache: size=245888Kb, used=9857Kb, max_used=9991Kb, free=236028Kb
 total_blobs=4643, nmethods=4106, adapters=441, full_count=0
Compilation: enabled, stopped_count=0, restarted_count=0

Compilation events (20 events):
Event: 3.914 Thread 0x000001fbe4a10d70 nmethod 4151 0x000001fbd1f0cf08 code [0x000001fbd1f0d000, 0x000001fbd1f0d4f8]
Event: 3.914 Thread 0x000001fbe4a10d70 4152       3       org.springframework.beans.BeanMetadataAttribute::<init> (21 bytes)
Event: 3.914 Thread 0x000001fbe4a10d70 nmethod 4152 0x000001fbd1f0d508 code [0x000001fbd1f0d600, 0x000001fbd1f0d960]
Event: 3.914 Thread 0x000001fbe4a10d70 4153       3       org.springframework.core.AttributeAccessorSupport::setAttribute (32 bytes)
Event: 3.915 Thread 0x000001fbe4a10d70 nmethod 4153 0x000001fbd1f0d988 code [0x000001fbd1f0da80, 0x000001fbd1f0e2d0]
Event: 3.915 Thread 0x000001fbe4a10d70 4154       3       org.springframework.context.annotation.ConfigurationClassBeanDefinitionReader$ConfigurationClassBeanDefinition::cloneBeanDefinition (5 bytes)
Event: 3.915 Thread 0x000001fbe4a10d70 nmethod 4154 0x000001fbd1f0e308 code [0x000001fbd1f0e400, 0x000001fbd1f0e798]
Event: 3.915 Thread 0x000001fbe4a10d70 4155       3       org.springframework.beans.BeanMetadataAttributeAccessor::setAttribute (15 bytes)
Event: 3.916 Thread 0x000001fbe4a10d70 nmethod 4155 0x000001fbd1f0e808 code [0x000001fbd1f0e900, 0x000001fbd1f0efd8]
Event: 3.916 Thread 0x000001fbe4a10d70 4156       3       org.springframework.beans.factory.support.AbstractBeanFactory::copyRelevantMergedBeanDefinitionCaches (127 bytes)
Event: 3.917 Thread 0x000001fbe4a10d70 nmethod 4156 0x000001fbd1f0f008 code [0x000001fbd1f0f100, 0x000001fbd1f10ed8]
Event: 3.920 Thread 0x000001fbe4a10d70 4157       3       jdk.internal.misc.Unsafe::shouldBeInitialized (18 bytes)
Event: 3.920 Thread 0x000001fbe4a10d70 nmethod 4157 0x000001fbd1f10f08 code [0x000001fbd1f11000, 0x000001fbd1f11228]
Event: 3.925 Thread 0x000001fbe4a10d70 4158       3       java.util.concurrent.ConcurrentHashMap::remove (8 bytes)
Event: 3.925 Thread 0x000001fbe4a10d70 nmethod 4158 0x000001fbd1f11288 code [0x000001fbd1f11380, 0x000001fbd1f11548]
Event: 3.927 Thread 0x000001fbe4a10d70 4159   !   3       org.springframework.beans.factory.support.AbstractBeanFactory::getBeanPostProcessorCache (181 bytes)
Event: 3.927 Thread 0x000001fbe49eb6a0 4161       4       org.springframework.beans.factory.support.DefaultSingletonBeanRegistry::isSingletonCurrentlyInCreation (11 bytes)
Event: 3.927 Thread 0x000001fbe4a10d70 nmethod 4159 0x000001fbd1f11588 code [0x000001fbd1f11680, 0x000001fbd1f12928]
Event: 3.927 Thread 0x000001fbe4a10d70 4160   !   3       org.springframework.beans.factory.support.DefaultSingletonBeanRegistry::getSingleton (181 bytes)
Event: 3.928 Thread 0x000001fbe4a10d70 nmethod 4160 0x000001fbd1f12988 code [0x000001fbd1f12a80, 0x000001fbd1f13a40]

GC Heap Usage History (20 events):
Event: 0.344 {heap After GC invocations=8 (full 0):
 garbage-first heap   total reserved 978944K, committed 30720K, used 6243K [0x00000000c4400000, 0x0000000100000000)
  region size 1M, 0 eden (0M), 1 survivor (1M), 5 old (5M), 1 humongous (1M), 23 free (23M)
}
Event: 0.809 {heap Before GC invocations=8 (full 0):
 garbage-first heap   total reserved 978944K, committed 30720K, used 16483K [0x00000000c4400000, 0x0000000100000000)
  region size 1M, 11 eden (11M), 1 survivor (1M), 5 old (5M), 1 humongous (1M), 12 free (12M)
}
Event: 0.812 {heap After GC invocations=9 (full 0):
 garbage-first heap   total reserved 978944K, committed 30720K, used 7443K [0x00000000c4400000, 0x0000000100000000)
  region size 1M, 0 eden (0M), 2 survivor (2M), 5 old (5M), 1 humongous (1M), 22 free (22M)
}
Event: 1.233 {heap Before GC invocations=9 (full 0):
 garbage-first heap   total reserved 978944K, committed 30720K, used 21779K [0x00000000c4400000, 0x0000000100000000)
  region size 1M, 14 eden (14M), 2 survivor (2M), 5 old (5M), 1 humongous (1M), 8 free (8M)
}
Event: 1.237 {heap After GC invocations=10 (full 0):
 garbage-first heap   total reserved 978944K, committed 30720K, used 8611K [0x00000000c4400000, 0x0000000100000000)
  region size 1M, 0 eden (0M), 2 survivor (2M), 7 old (7M), 1 humongous (1M), 20 free (20M)
}
Event: 1.463 {heap Before GC invocations=10 (full 0):
 garbage-first heap   total reserved 978944K, committed 30720K, used 22947K [0x00000000c4400000, 0x0000000100000000)
  region size 1M, 14 eden (14M), 2 survivor (2M), 7 old (7M), 1 humongous (1M), 6 free (6M)
}
Event: 1.466 {heap After GC invocations=11 (full 0):
 garbage-first heap   total reserved 978944K, committed 30720K, used 9866K [0x00000000c4400000, 0x0000000100000000)
  region size 1M, 0 eden (0M), 2 survivor (2M), 8 old (8M), 1 humongous (1M), 19 free (19M)
}
Event: 1.741 {heap Before GC invocations=11 (full 0):
 garbage-first heap   total reserved 978944K, committed 30720K, used 24202K [0x00000000c4400000, 0x0000000100000000)
  region size 1M, 14 eden (14M), 2 survivor (2M), 8 old (8M), 1 humongous (1M), 5 free (5M)
}
Event: 1.744 {heap After GC invocations=12 (full 0):
 garbage-first heap   total reserved 978944K, committed 30720K, used 11141K [0x00000000c4400000, 0x0000000100000000)
  region size 1M, 0 eden (0M), 2 survivor (2M), 9 old (9M), 1 humongous (1M), 18 free (18M)
}
Event: 2.108 {heap Before GC invocations=12 (full 0):
 garbage-first heap   total reserved 978944K, committed 30720K, used 23429K [0x00000000c4400000, 0x0000000100000000)
  region size 1M, 13 eden (13M), 2 survivor (2M), 9 old (9M), 1 humongous (1M), 5 free (5M)
}
Event: 2.111 {heap After GC invocations=13 (full 0):
 garbage-first heap   total reserved 978944K, committed 30720K, used 13029K [0x00000000c4400000, 0x0000000100000000)
  region size 1M, 0 eden (0M), 2 survivor (2M), 10 old (10M), 1 humongous (1M), 17 free (17M)
}
Event: 2.485 {heap Before GC invocations=13 (full 0):
 garbage-first heap   total reserved 978944K, committed 30720K, used 25317K [0x00000000c4400000, 0x0000000100000000)
  region size 1M, 12 eden (12M), 2 survivor (2M), 10 old (10M), 1 humongous (1M), 5 free (5M)
}
Event: 2.491 {heap After GC invocations=14 (full 0):
 garbage-first heap   total reserved 978944K, committed 30720K, used 14122K [0x00000000c4400000, 0x0000000100000000)
  region size 1M, 0 eden (0M), 2 survivor (2M), 12 old (12M), 1 humongous (1M), 15 free (15M)
}
Event: 2.834 {heap Before GC invocations=14 (full 0):
 garbage-first heap   total reserved 978944K, committed 30720K, used 25386K [0x00000000c4400000, 0x0000000100000000)
  region size 1M, 11 eden (11M), 2 survivor (2M), 12 old (12M), 1 humongous (1M), 4 free (4M)
}
Event: 2.839 {heap After GC invocations=15 (full 0):
 garbage-first heap   total reserved 978944K, committed 30720K, used 15006K [0x00000000c4400000, 0x0000000100000000)
  region size 1M, 0 eden (0M), 2 survivor (2M), 12 old (12M), 1 humongous (1M), 15 free (15M)
}
Event: 2.949 {heap Before GC invocations=15 (full 0):
 garbage-first heap   total reserved 978944K, committed 30720K, used 17054K [0x00000000c4400000, 0x0000000100000000)
  region size 1M, 4 eden (4M), 2 survivor (2M), 12 old (12M), 1 humongous (1M), 11 free (11M)
}
Event: 2.953 {heap After GC invocations=16 (full 0):
 garbage-first heap   total reserved 978944K, committed 30720K, used 15284K [0x00000000c4400000, 0x0000000100000000)
  region size 1M, 0 eden (0M), 2 survivor (2M), 13 old (13M), 1 humongous (1M), 14 free (14M)
}
Event: 3.499 {heap Before GC invocations=17 (full 0):
 garbage-first heap   total reserved 978944K, committed 30720K, used 26548K [0x00000000c4400000, 0x0000000100000000)
  region size 1M, 11 eden (11M), 2 survivor (2M), 13 old (13M), 1 humongous (1M), 3 free (3M)
}
Event: 3.503 {heap After GC invocations=18 (full 0):
 garbage-first heap   total reserved 978944K, committed 30720K, used 16430K [0x00000000c4400000, 0x0000000100000000)
  region size 1M, 0 eden (0M), 2 survivor (2M), 14 old (14M), 1 humongous (1M), 13 free (13M)
}
Event: 3.931 {heap Before GC invocations=18 (full 0):
 garbage-first heap   total reserved 978944K, committed 30720K, used 26670K [0x00000000c4400000, 0x0000000100000000)
  region size 1M, 10 eden (10M), 2 survivor (2M), 14 old (14M), 1 humongous (1M), 3 free (3M)
}

Metaspace Usage History (20 events):
Event: 0.344 {metaspace After GC invocations=8 (full 0):
 Metaspace       used 2188K, committed 2368K, reserved 1114112K
  class space    used 208K, committed 320K, reserved 1048576K
}
Event: 0.809 {metaspace Before GC invocations=8 (full 0):
 Metaspace       used 5897K, committed 6080K, reserved 1114112K
  class space    used 682K, committed 768K, reserved 1048576K
}
Event: 0.812 {metaspace After GC invocations=9 (full 0):
 Metaspace       used 5897K, committed 6080K, reserved 1114112K
  class space    used 682K, committed 768K, reserved 1048576K
}
Event: 1.233 {metaspace Before GC invocations=9 (full 0):
 Metaspace       used 9013K, committed 9216K, reserved 1114112K
  class space    used 1135K, committed 1216K, reserved 1048576K
}
Event: 1.237 {metaspace After GC invocations=10 (full 0):
 Metaspace       used 9013K, committed 9216K, reserved 1114112K
  class space    used 1135K, committed 1216K, reserved 1048576K
}
Event: 1.463 {metaspace Before GC invocations=10 (full 0):
 Metaspace       used 12994K, committed 13184K, reserved 1114112K
  class space    used 1624K, committed 1728K, reserved 1048576K
}
Event: 1.466 {metaspace After GC invocations=11 (full 0):
 Metaspace       used 12994K, committed 13184K, reserved 1114112K
  class space    used 1624K, committed 1728K, reserved 1048576K
}
Event: 1.741 {metaspace Before GC invocations=11 (full 0):
 Metaspace       used 16734K, committed 16960K, reserved 1114112K
  class space    used 2132K, committed 2240K, reserved 1048576K
}
Event: 1.744 {metaspace After GC invocations=12 (full 0):
 Metaspace       used 16734K, committed 16960K, reserved 1114112K
  class space    used 2132K, committed 2240K, reserved 1048576K
}
Event: 2.108 {metaspace Before GC invocations=12 (full 0):
 Metaspace       used 19332K, committed 19584K, reserved 1114112K
  class space    used 2467K, committed 2560K, reserved 1048576K
}
Event: 2.111 {metaspace After GC invocations=13 (full 0):
 Metaspace       used 19332K, committed 19584K, reserved 1114112K
  class space    used 2467K, committed 2560K, reserved 1048576K
}
Event: 2.485 {metaspace Before GC invocations=13 (full 0):
 Metaspace       used 20400K, committed 20672K, reserved 1114112K
  class space    used 2584K, committed 2752K, reserved 1048576K
}
Event: 2.491 {metaspace After GC invocations=14 (full 0):
 Metaspace       used 20400K, committed 20672K, reserved 1114112K
  class space    used 2584K, committed 2752K, reserved 1048576K
}
Event: 2.834 {metaspace Before GC invocations=14 (full 0):
 Metaspace       used 20759K, committed 21056K, reserved 1114112K
  class space    used 2624K, committed 2752K, reserved 1048576K
}
Event: 2.839 {metaspace After GC invocations=15 (full 0):
 Metaspace       used 20759K, committed 21056K, reserved 1114112K
  class space    used 2624K, committed 2752K, reserved 1048576K
}
Event: 2.949 {metaspace Before GC invocations=15 (full 0):
 Metaspace       used 21261K, committed 21504K, reserved 1114112K
  class space    used 2685K, committed 2816K, reserved 1048576K
}
Event: 2.953 {metaspace After GC invocations=16 (full 0):
 Metaspace       used 21261K, committed 21504K, reserved 1114112K
  class space    used 2685K, committed 2816K, reserved 1048576K
}
Event: 3.499 {metaspace Before GC invocations=17 (full 0):
 Metaspace       used 23149K, committed 23488K, reserved 1114112K
  class space    used 2963K, committed 3136K, reserved 1048576K
}
Event: 3.503 {metaspace After GC invocations=18 (full 0):
 Metaspace       used 23149K, committed 23488K, reserved 1114112K
  class space    used 2963K, committed 3136K, reserved 1048576K
}
Event: 3.931 {metaspace Before GC invocations=18 (full 0):
 Metaspace       used 24342K, committed 24576K, reserved 1114112K
  class space    used 3138K, committed 3264K, reserved 1048576K
}

Dll operation events (12 events):
Event: 0.010 Attempting to load shared library C:\Program Files\Apache NetBeans\jdk\bin\java.dll
Event: 0.012 Loaded shared library C:\Program Files\Apache NetBeans\jdk\bin\java.dll
Event: 0.087 Attempting to load shared library C:\Program Files\Apache NetBeans\jdk\bin\net.dll
Event: 0.088 Loaded shared library C:\Program Files\Apache NetBeans\jdk\bin\net.dll
Event: 0.090 Attempting to load shared library C:\Program Files\Apache NetBeans\jdk\bin\nio.dll
Event: 0.090 Loaded shared library C:\Program Files\Apache NetBeans\jdk\bin\nio.dll
Event: 0.093 Attempting to load shared library C:\Program Files\Apache NetBeans\jdk\bin\zip.dll
Event: 0.094 Loaded shared library C:\Program Files\Apache NetBeans\jdk\bin\zip.dll
Event: 0.187 Attempting to load shared library C:\Program Files\Apache NetBeans\jdk\bin\jimage.dll
Event: 0.187 Loaded shared library C:\Program Files\Apache NetBeans\jdk\bin\jimage.dll
Event: 1.768 Attempting to load shared library C:\Program Files\Apache NetBeans\jdk\bin\sunmscapi.dll
Event: 1.772 Loaded shared library C:\Program Files\Apache NetBeans\jdk\bin\sunmscapi.dll

Deoptimization events (20 events):
Event: 3.785 Thread 0x000001fbc64cee10 Uncommon trap: trap_request=0xffffff45 fr.pc=0x000001fbd9460688 relative=0x0000000000000108
Event: 3.785 Thread 0x000001fbc64cee10 Uncommon trap: reason=unstable_if action=reinterpret pc=0x000001fbd9460688 method=org.springframework.core.ResolvableType$1.isAssignableFrom(Ljava/lang/Class;)Z @ 15 c2
Event: 3.785 Thread 0x000001fbc64cee10 DEOPT PACKING pc=0x000001fbd9460688 sp=0x0000000a350fed50
Event: 3.785 Thread 0x000001fbc64cee10 DEOPT UNPACKING pc=0x000001fbd8ea4082 sp=0x0000000a350fecf0 mode 2
Event: 3.792 Thread 0x000001fbc64cee10 Uncommon trap: trap_request=0xffffff45 fr.pc=0x000001fbd947be20 relative=0x0000000000000420
Event: 3.792 Thread 0x000001fbc64cee10 Uncommon trap: reason=unstable_if action=reinterpret pc=0x000001fbd947be20 method=org.springframework.beans.factory.support.AbstractBeanFactory.getBeanPostProcessorCache()Lorg/springframework/beans/factory/support/AbstractBeanFactory$BeanPostProcessorCach
Event: 3.792 Thread 0x000001fbc64cee10 DEOPT PACKING pc=0x000001fbd947be20 sp=0x0000000a350fecf0
Event: 3.792 Thread 0x000001fbc64cee10 DEOPT UNPACKING pc=0x000001fbd8ea4082 sp=0x0000000a350febb0 mode 2
Event: 3.890 Thread 0x000001fbc64cee10 Uncommon trap: trap_request=0xffffff45 fr.pc=0x000001fbd948275c relative=0x00000000000027dc
Event: 3.890 Thread 0x000001fbc64cee10 Uncommon trap: reason=unstable_if action=reinterpret pc=0x000001fbd948275c method=org.springframework.beans.factory.support.AbstractBeanFactory.hasInstantiationAwareBeanPostProcessors()Z @ 12 c2
Event: 3.890 Thread 0x000001fbc64cee10 DEOPT PACKING pc=0x000001fbd948275c sp=0x0000000a350feca0
Event: 3.890 Thread 0x000001fbc64cee10 DEOPT UNPACKING pc=0x000001fbd8ea4082 sp=0x0000000a350feb68 mode 2
Event: 3.917 Thread 0x000001fbc64cee10 Uncommon trap: trap_request=0xffffff45 fr.pc=0x000001fbd9459b78 relative=0x00000000000001f8
Event: 3.917 Thread 0x000001fbc64cee10 Uncommon trap: reason=unstable_if action=reinterpret pc=0x000001fbd9459b78 method=org.springframework.beans.factory.support.AbstractBeanFactory.getBeanPostProcessorCache()Lorg/springframework/beans/factory/support/AbstractBeanFactory$BeanPostProcessorCach
Event: 3.917 Thread 0x000001fbc64cee10 DEOPT PACKING pc=0x000001fbd9459b78 sp=0x0000000a350fee40
Event: 3.917 Thread 0x000001fbc64cee10 DEOPT UNPACKING pc=0x000001fbd8ea4082 sp=0x0000000a350fedd0 mode 2
Event: 3.926 Thread 0x000001fbc64cee10 Uncommon trap: trap_request=0xffffff45 fr.pc=0x000001fbd94580c4 relative=0x0000000000000644
Event: 3.926 Thread 0x000001fbc64cee10 Uncommon trap: reason=unstable_if action=reinterpret pc=0x000001fbd94580c4 method=org.springframework.beans.factory.support.DefaultSingletonBeanRegistry.getSingleton(Ljava/lang/String;Z)Ljava/lang/Object; @ 20 c2
Event: 3.926 Thread 0x000001fbc64cee10 DEOPT PACKING pc=0x000001fbd94580c4 sp=0x0000000a350fda70
Event: 3.926 Thread 0x000001fbc64cee10 DEOPT UNPACKING pc=0x000001fbd8ea4082 sp=0x0000000a350fda10 mode 2

Classes loaded (20 events):
Event: 3.225 Loading class java/lang/invoke/MethodHandle$1
Event: 3.225 Loading class java/lang/invoke/MethodHandle$1 done
Event: 3.325 Loading class java/lang/UnsupportedClassVersionError
Event: 3.325 Loading class java/lang/ClassFormatError
Event: 3.325 Loading class java/lang/ClassFormatError done
Event: 3.325 Loading class java/lang/UnsupportedClassVersionError done
Event: 3.477 Loading class sun/reflect/generics/tree/BooleanSignature
Event: 3.478 Loading class sun/reflect/generics/tree/BooleanSignature done
Event: 3.635 Loading class java/util/concurrent/ScheduledThreadPoolExecutor
Event: 3.636 Loading class java/util/concurrent/ScheduledThreadPoolExecutor done
Event: 3.767 Loading class jdk/internal/classfile/impl/BoundAttribute$1
Event: 3.768 Loading class jdk/internal/classfile/impl/BoundAttribute$1 done
Event: 3.769 Loading class jdk/internal/classfile/impl/BoundAttribute$BoundUnknownAttribute
Event: 3.769 Loading class java/lang/classfile/attribute/UnknownAttribute
Event: 3.769 Loading class java/lang/classfile/attribute/UnknownAttribute done
Event: 3.769 Loading class jdk/internal/classfile/impl/BoundAttribute$BoundUnknownAttribute done
Event: 3.795 Loading class java/net/SocketException
Event: 3.796 Loading class java/net/SocketException done
Event: 3.922 Loading class javax/naming/NameNotFoundException
Event: 3.922 Loading class javax/naming/NameNotFoundException done

Classes unloaded (0 events):
No events

Classes redefined (0 events):
No events

Internal exceptions (20 events):
Event: 1.085 Thread 0x000001fbc64cee10 Exception <a 'java/lang/NoSuchMethodError'{0x00000000c570fd50}: 'java.lang.Object java.lang.invoke.DirectMethodHandle$Holder.invokeSpecial(java.lang.Object, java.lang.Object, java.lang.Object, java.lang.Object, int, java.lang.Object)'> (0x00000000c570fd50) 
thrown [s\src\hotspot\share\interpreter\linkResolver.cpp, line 804]
Event: 1.085 Thread 0x000001fbc64cee10 Exception <a 'java/lang/NoSuchMethodError'{0x00000000c5717ec0}: 'java.lang.Object java.lang.invoke.Invokers$Holder.linkToTargetMethod(java.lang.Object, java.lang.Object, int, java.lang.Object, java.lang.Object)'> (0x00000000c5717ec0) 
thrown [s\src\hotspot\share\interpreter\linkResolver.cpp, line 804]
Event: 1.088 Thread 0x000001fbc64cee10 Exception <a 'java/lang/NoSuchMethodError'{0x00000000c5733c30}: 'int java.lang.invoke.DirectMethodHandle$Holder.invokeSpecialIFC(java.lang.Object, java.lang.Object, java.lang.Object, java.lang.Object)'> (0x00000000c5733c30) 
thrown [s\src\hotspot\share\interpreter\linkResolver.cpp, line 804]
Event: 1.112 Thread 0x000001fbc64cee10 Exception <a 'java/lang/NoSuchMethodError'{0x00000000c5617ad0}: 'void java.lang.invoke.DirectMethodHandle$Holder.invokeInterface(java.lang.Object, java.lang.Object, java.lang.Object)'> (0x00000000c5617ad0) 
thrown [s\src\hotspot\share\interpreter\linkResolver.cpp, line 804]
Event: 1.135 Thread 0x000001fbc64cee10 Exception <a 'java/lang/NoSuchMethodError'{0x00000000c56af700}: 'void java.lang.invoke.DirectMethodHandle$Holder.invokeStaticInit(java.lang.Object, java.lang.Object, java.lang.Object)'> (0x00000000c56af700) 
thrown [s\src\hotspot\share\interpreter\linkResolver.cpp, line 804]
Event: 1.193 Thread 0x000001fbc64cee10 Exception <a 'java/lang/NoSuchMethodError'{0x00000000c53b8b68}: 'void java.lang.invoke.DirectMethodHandle$Holder.invokeVirtual(java.lang.Object, java.lang.Object, java.lang.Object, java.lang.Object)'> (0x00000000c53b8b68) 
thrown [s\src\hotspot\share\interpreter\linkResolver.cpp, line 804]
Event: 1.284 Thread 0x000001fbc64cee10 Exception <a 'java/lang/IncompatibleClassChangeError'{0x00000000c5d263f8}: Found class java.lang.Object, but interface was expected> (0x00000000c5d263f8) 
thrown [s\src\hotspot\share\interpreter\linkResolver.cpp, line 871]
Event: 1.323 Thread 0x000001fbe91e5440 Exception <a 'java/lang/NoSuchMethodError'{0x00000000c590c450}: 'java.lang.Object java.lang.invoke.Invokers$Holder.linkToTargetMethod(java.lang.Object, int, java.lang.Object, java.lang.Object)'> (0x00000000c590c450) 
thrown [s\src\hotspot\share\interpreter\linkResolver.cpp, line 804]
Event: 1.584 Thread 0x000001fbe91e5440 Exception <a 'java/lang/NoSuchMethodError'{0x00000000c591be88}: 'long java.lang.invoke.DirectMethodHandle$Holder.invokeSpecial(java.lang.Object, java.lang.Object)'> (0x00000000c591be88) 
thrown [s\src\hotspot\share\interpreter\linkResolver.cpp, line 804]
Event: 1.585 Thread 0x000001fbe91e5440 Exception <a 'java/lang/NoSuchMethodError'{0x00000000c5939d28}: 'long java.lang.invoke.DirectMethodHandle$Holder.invokeStatic(java.lang.Object, java.lang.Object)'> (0x00000000c5939d28) 
thrown [s\src\hotspot\share\interpreter\linkResolver.cpp, line 804]
Event: 1.586 Thread 0x000001fbe91e5440 Exception <a 'java/lang/NoSuchMethodError'{0x00000000c59855f8}: 'long java.lang.invoke.DirectMethodHandle$Holder.invokeStaticInit(java.lang.Object, java.lang.Object)'> (0x00000000c59855f8) 
thrown [s\src\hotspot\share\interpreter\linkResolver.cpp, line 804]
Event: 1.587 Thread 0x000001fbe91e5440 Exception <a 'java/lang/NoSuchMethodError'{0x00000000c59aaaa0}: 'long java.lang.invoke.DirectMethodHandle$Holder.invokeInterface(java.lang.Object, java.lang.Object)'> (0x00000000c59aaaa0) 
thrown [s\src\hotspot\share\interpreter\linkResolver.cpp, line 804]
Event: 1.587 Thread 0x000001fbe91e5440 Exception <a 'java/lang/IncompatibleClassChangeError'{0x00000000c59b2758}: Found class java.lang.Object, but interface was expected> (0x00000000c59b2758) 
thrown [s\src\hotspot\share\interpreter\linkResolver.cpp, line 871]
Event: 1.642 Thread 0x000001fbe91e5440 Exception <a 'java/lang/NoSuchMethodError'{0x00000000c5581ac8}: 'java.lang.Object java.lang.invoke.DirectMethodHandle$Holder.newInvokeSpecial(java.lang.Object, java.lang.Object, java.lang.Object, int)'> (0x00000000c5581ac8) 
thrown [s\src\hotspot\share\interpreter\linkResolver.cpp, line 804]
Event: 1.643 Thread 0x000001fbe91e5440 Exception <a 'java/lang/NoSuchMethodError'{0x00000000c558a5e0}: 'java.lang.Object java.lang.invoke.Invokers$Holder.linkToTargetMethod(java.lang.Object, java.lang.Object, int, java.lang.Object)'> (0x00000000c558a5e0) 
thrown [s\src\hotspot\share\interpreter\linkResolver.cpp, line 804]
Event: 1.688 Thread 0x000001fbc64cee10 Exception <a 'java/lang/NoSuchMethodError'{0x00000000c545f758}: 'java.lang.Object java.lang.invoke.DirectMethodHandle$Holder.invokeVirtual(java.lang.Object, java.lang.Object, java.lang.Object)'> (0x00000000c545f758) 
thrown [s\src\hotspot\share\interpreter\linkResolver.cpp, line 804]
Event: 1.696 Thread 0x000001fbc64cee10 Exception <a 'java/lang/NoSuchMethodError'{0x00000000c5490ce0}: 'int java.lang.invoke.DirectMethodHandle$Holder.invokeSpecial(java.lang.Object, java.lang.Object, java.lang.Object, java.lang.Object, java.lang.Object)'> (0x00000000c5490ce0) 
thrown [s\src\hotspot\share\interpreter\linkResolver.cpp, line 804]
Event: 1.706 Thread 0x000001fbc64cee10 Exception <a 'java/lang/NoSuchMethodError'{0x00000000c54a2df0}: 'void java.lang.invoke.DirectMethodHandle$Holder.invokeVirtual(java.lang.Object, java.lang.Object)'> (0x00000000c54a2df0) 
thrown [s\src\hotspot\share\interpreter\linkResolver.cpp, line 804]
Event: 2.049 Thread 0x000001fbc64cee10 Exception <a 'java/lang/IncompatibleClassChangeError'{0x00000000c5620a98}: Found class java.lang.Object, but interface was expected> (0x00000000c5620a98) 
thrown [s\src\hotspot\share\interpreter\linkResolver.cpp, line 871]
Event: 3.795 Thread 0x000001fbc64cee10 Exception <a 'java/lang/NoSuchMethodError'{0x00000000c5a82050}: 'java.lang.Object java.lang.invoke.DirectMethodHandle$Holder.newInvokeSpecial(java.lang.Object, java.lang.Object, java.lang.Object, java.lang.Object, java.lang.Object, java.lang.Object)'> (0x00000000c5a82050) 
thrown [s\src\hotspot\share\interpreter\linkResolver.cpp, line 804]

VM Operations (20 events):
Event: 2.954 Executing safepoint VM operation: CollectForMetadataAllocation (Metadata GC Threshold) done
Event: 2.965 Executing safepoint VM operation: G1PauseRemark
Event: 2.970 Executing safepoint VM operation: G1PauseRemark done
Event: 2.974 Executing safepoint VM operation: G1PauseCleanup
Event: 2.974 Executing safepoint VM operation: G1PauseCleanup done
Event: 3.439 Executing non-safepoint VM operation: HandshakeAllThreads (Deoptimize)
Event: 3.439 Executing non-safepoint VM operation: HandshakeAllThreads (Deoptimize) done
Event: 3.450 Executing non-safepoint VM operation: HandshakeAllThreads (Deoptimize)
Event: 3.450 Executing non-safepoint VM operation: HandshakeAllThreads (Deoptimize) done
Event: 3.450 Executing non-safepoint VM operation: HandshakeAllThreads (Deoptimize)
Event: 3.450 Executing non-safepoint VM operation: HandshakeAllThreads (Deoptimize) done
Event: 3.458 Executing non-safepoint VM operation: HandshakeAllThreads (Deoptimize)
Event: 3.459 Executing non-safepoint VM operation: HandshakeAllThreads (Deoptimize) done
Event: 3.460 Executing non-safepoint VM operation: HandshakeAllThreads (Deoptimize)
Event: 3.460 Executing non-safepoint VM operation: HandshakeAllThreads (Deoptimize) done
Event: 3.498 Executing safepoint VM operation: G1CollectForAllocation (G1 Evacuation Pause)
Event: 3.503 Executing safepoint VM operation: G1CollectForAllocation (G1 Evacuation Pause) done
Event: 3.769 Executing non-safepoint VM operation: HandshakeAllThreads (Deoptimize)
Event: 3.769 Executing non-safepoint VM operation: HandshakeAllThreads (Deoptimize) done
Event: 3.931 Executing safepoint VM operation: G1CollectForAllocation (G1 Evacuation Pause)

Memory protections (0 events):
No events

Nmethod flushes (20 events):
Event: 0.299 Thread 0x000001fbc89ec850 flushing  nmethod 0x000001fbd184d808
Event: 0.299 Thread 0x000001fbc89ec850 flushing  nmethod 0x000001fbd184dc08
Event: 0.299 Thread 0x000001fbc89ec850 flushing  nmethod 0x000001fbd184e008
Event: 0.299 Thread 0x000001fbc89ec850 flushing  nmethod 0x000001fbd184e308
Event: 0.299 Thread 0x000001fbc89ec850 flushing  nmethod 0x000001fbd1858f88
Event: 0.299 Thread 0x000001fbc89ec850 flushing  nmethod 0x000001fbd187ca88
Event: 2.969 Thread 0x000001fbc89ec850 flushing  nmethod 0x000001fbd1845588
Event: 2.969 Thread 0x000001fbc89ec850 flushing  nmethod 0x000001fbd1847e08
Event: 2.969 Thread 0x000001fbc89ec850 flushing  nmethod 0x000001fbd1848908
Event: 2.969 Thread 0x000001fbc89ec850 flushing  nmethod 0x000001fbd1854d08
Event: 2.969 Thread 0x000001fbc89ec850 flushing  nmethod 0x000001fbd1855008
Event: 2.969 Thread 0x000001fbc89ec850 flushing  nmethod 0x000001fbd1855988
Event: 2.969 Thread 0x000001fbc89ec850 flushing  nmethod 0x000001fbd1855c88
Event: 2.969 Thread 0x000001fbc89ec850 flushing  nmethod 0x000001fbd186ed08
Event: 2.969 Thread 0x000001fbc89ec850 flushing  nmethod 0x000001fbd187b988
Event: 2.969 Thread 0x000001fbc89ec850 flushing  nmethod 0x000001fbd18b1808
Event: 2.969 Thread 0x000001fbc89ec850 flushing  nmethod 0x000001fbd1840d08
Event: 2.969 Thread 0x000001fbc89ec850 flushing  nmethod 0x000001fbd1842308
Event: 2.969 Thread 0x000001fbc89ec850 flushing  nmethod 0x000001fbd1867e88
Event: 2.969 Thread 0x000001fbc89ec850 flushing  nmethod 0x000001fbd1869c88

Events (19 events):
Event: 0.026 Thread 0x000001fbc64cee10 Thread added: 0x000001fbc64cee10
Event: 0.030 Thread 0x000001fbc64cee10 JVMTI - enter early start phase
Event: 0.036 Thread 0x000001fbc64cee10 Thread added: 0x000001fbe49da200
Event: 0.036 Thread 0x000001fbc64cee10 Thread added: 0x000001fbe49dac50
Event: 0.036 Thread 0x000001fbc64cee10 Thread added: 0x000001fbe49de380
Event: 0.036 Thread 0x000001fbc64cee10 Thread added: 0x000001fbe49e0e20
Event: 0.036 Thread 0x000001fbc64cee10 Thread added: 0x000001fbe49e75f0
Event: 0.036 Thread 0x000001fbc64cee10 Thread added: 0x000001fbe49e87a0
Event: 0.036 Thread 0x000001fbc64cee10 Thread added: 0x000001fbe49eb6a0
Event: 0.036 Thread 0x000001fbc64cee10 Thread added: 0x000001fbe4a10d70
Event: 0.079 Thread 0x000001fbc64cee10 JVMTI - enter start phase
Event: 0.079 Thread 0x000001fbc64cee10 JVMTI - enter live phase
Event: 0.079 Thread 0x000001fbc64cee10 Thread added: 0x000001fbe4a231b0
Event: 0.082 Thread 0x000001fbc64cee10 Thread added: 0x000001fbe4a22210
Event: 1.267 Thread 0x000001fbc64cee10 Thread added: 0x000001fbe91e5440
Event: 1.835 Thread 0x000001fbe91e5440 Thread exited: 0x000001fbe91e5440
Event: 1.985 Thread 0x000001fbc64cee10 Thread added: 0x000001fbe91e8320
Event: 2.038 Thread 0x000001fbe91e8320 Thread exited: 0x000001fbe91e8320
Event: 2.373 Thread 0x000001fbe4a10d70 Thread added: 0x000001fbe4a15e10


Dynamic libraries:
0x00007ff659280000 - 0x00007ff65928e000 	C:\Program Files\Apache NetBeans\jdk\bin\java.exe
0x00007ff9405a0000 - 0x00007ff940807000 	C:\WINDOWS\SYSTEM32\ntdll.dll
0x00007ff93e870000 - 0x00007ff93e93b000 	C:\WINDOWS\System32\KERNEL32.DLL
0x00007ff93dc10000 - 0x00007ff93e011000 	C:\WINDOWS\System32\KERNELBASE.dll
0x00007ff93d7a0000 - 0x00007ff93d8ec000 	C:\WINDOWS\System32\ucrtbase.dll
0x00007ff8e1040000 - 0x00007ff8e105e000 	C:\Program Files\Apache NetBeans\jdk\bin\VCRUNTIME140.dll
0x00007ff8e0fc0000 - 0x00007ff8e0fd7000 	C:\Program Files\Apache NetBeans\jdk\bin\jli.dll
0x00007ff93e3b0000 - 0x00007ff93e587000 	C:\WINDOWS\System32\USER32.dll
0x00007ff93db20000 - 0x00007ff93db47000 	C:\WINDOWS\System32\win32u.dll
0x00007ff90eb60000 - 0x00007ff90edf0000 	C:\WINDOWS\WinSxS\amd64_microsoft.windows.common-controls_6595b64144ccf1df_6.0.26100.9549_none_3e0a0396e3330090\COMCTL32.dll
0x00007ff93eff0000 - 0x00007ff93f01b000 	C:\WINDOWS\System32\GDI32.dll
0x00007ff93e190000 - 0x00007ff93e2b8000 	C:\WINDOWS\System32\gdi32full.dll
0x00007ff93e940000 - 0x00007ff93e9e9000 	C:\WINDOWS\System32\msvcrt.dll
0x00007ff93e0e0000 - 0x00007ff93e183000 	C:\WINDOWS\System32\msvcp_win.dll
0x00007ff940230000 - 0x00007ff940261000 	C:\WINDOWS\System32\IMM32.DLL
0x00007ff918ab0000 - 0x00007ff918abc000 	C:\Program Files\Apache NetBeans\jdk\bin\vcruntime140_1.dll
0x00007ff8e0d30000 - 0x00007ff8e0dbd000 	C:\Program Files\Apache NetBeans\jdk\bin\msvcp140.dll
0x00007ff8e1060000 - 0x00007ff8e1ffb000 	C:\Program Files\Apache NetBeans\jdk\bin\server\jvm.dll
0x00007ff93f1a0000 - 0x00007ff93f25b000 	C:\WINDOWS\System32\ADVAPI32.dll
0x00007ff93e2d0000 - 0x00007ff93e378000 	C:\WINDOWS\System32\sechost.dll
0x00007ff93e590000 - 0x00007ff93e6a8000 	C:\WINDOWS\System32\RPCRT4.dll
0x00007ff93f270000 - 0x00007ff93f2f1000 	C:\WINDOWS\System32\WS2_32.dll
0x00007ff932990000 - 0x00007ff9329c7000 	C:\WINDOWS\SYSTEM32\WINMM.dll
0x00007ff917c70000 - 0x00007ff917c7b000 	C:\WINDOWS\SYSTEM32\VERSION.dll
0x00007ff93d5f0000 - 0x00007ff93d64e000 	C:\WINDOWS\SYSTEM32\POWRPROF.dll
0x00007ff93d5d0000 - 0x00007ff93d5e5000 	C:\WINDOWS\SYSTEM32\UMPDC.dll
0x00007ff93c440000 - 0x00007ff93c45b000 	C:\WINDOWS\SYSTEM32\kernel.appcore.dll
0x00007ff906200000 - 0x00007ff90620a000 	C:\Program Files\Apache NetBeans\jdk\bin\jimage.dll
0x00007ff93aca0000 - 0x00007ff93aeec000 	C:\WINDOWS\SYSTEM32\DBGHELP.DLL
0x00007ff93eaf0000 - 0x00007ff93ee7a000 	C:\WINDOWS\System32\combase.dll
0x00007ff93ef10000 - 0x00007ff93efe9000 	C:\WINDOWS\System32\OLEAUT32.dll
0x00007ff90a730000 - 0x00007ff90a76b000 	C:\WINDOWS\SYSTEM32\dbgcore.DLL
0x00007ff93e020000 - 0x00007ff93e0cc000 	C:\WINDOWS\System32\bcryptPrimitives.dll
0x00007ff8e0fe0000 - 0x00007ff8e0ffe000 	C:\Program Files\Apache NetBeans\jdk\bin\java.dll
0x00007ff940330000 - 0x00007ff9404ca000 	C:\WINDOWS\System32\ole32.dll
0x00007ff93fa00000 - 0x00007ff94019c000 	C:\WINDOWS\System32\SHELL32.dll
0x00007ff93b1c0000 - 0x00007ff93ba6d000 	C:\WINDOWS\SYSTEM32\windows.storage.dll
0x00007ff93e9f0000 - 0x00007ff93eae9000 	C:\WINDOWS\System32\SHCORE.dll
0x00007ff93e7b0000 - 0x00007ff93e816000 	C:\WINDOWS\System32\shlwapi.dll
0x00007ff93d6b0000 - 0x00007ff93d6d9000 	C:\WINDOWS\SYSTEM32\profapi.dll
0x00007ff8e0f80000 - 0x00007ff8e0f91000 	C:\Program Files\Apache NetBeans\jdk\bin\net.dll
0x00007ff93ca00000 - 0x00007ff93ca6c000 	C:\WINDOWS\system32\mswsock.dll
0x00007ff8e0f60000 - 0x00007ff8e0f76000 	C:\Program Files\Apache NetBeans\jdk\bin\nio.dll
0x00007ff8e0fa0000 - 0x00007ff8e0fb6000 	C:\Program Files\Apache NetBeans\jdk\bin\zip.dll
0x00007ff920fc0000 - 0x00007ff920fce000 	C:\Program Files\Apache NetBeans\jdk\bin\sunmscapi.dll
0x00007ff93d990000 - 0x00007ff93db0f000 	C:\WINDOWS\System32\CRYPT32.dll
0x00007ff93cf50000 - 0x00007ff93cf80000 	C:\WINDOWS\SYSTEM32\ncrypt.dll
0x00007ff93cf00000 - 0x00007ff93cf3f000 	C:\WINDOWS\SYSTEM32\NTASN1.dll

JVMTI agents: none

dbghelp: loaded successfully - version: 4.0.5 - missing functions: none
symbol engine: initialized successfully - sym options: 0x614 - pdb path: .;C:\Program Files\Apache NetBeans\jdk\bin;C:\WINDOWS\SYSTEM32;C:\WINDOWS\WinSxS\amd64_microsoft.windows.common-controls_6595b64144ccf1df_6.0.26100.9549_none_3e0a0396e3330090;C:\Program Files\Apache NetBeans\jdk\bin\server

VM Arguments:
java_command: com.gabicake.api.ApiApplication
java_class_path (initial): C:\Users\Sanara Carvalho\OneDrive\Desktop\Pi-II-2026-2-equipe-4-main\Pi-II-2026-2-equipe-4-main\backend\target\classes;C:\Users\Sanara Carvalho\.m2\repository\org\springframework\boot\spring-boot-starter-webmvc\4.1.1\spring-boot-starter-webmvc-4.1.1.jar;C:\Users\Sanara Carvalho\.m2\repository\org\springframework\boot\spring-boot-starter\4.1.1\spring-boot-starter-4.1.1.jar;C:\Users\Sanara Carvalho\.m2\repository\org\springframework\boot\spring-boot-starter-logging\4.1.1\spring-boot-starter-logging-4.1.1.jar;C:\Users\Sanara Carvalho\.m2\repository\ch\qos\logback\logback-classic\1.5.38\logback-classic-1.5.38.jar;C:\Users\Sanara Carvalho\.m2\repository\ch\qos\logback\logback-core\1.5.38\logback-core-1.5.38.jar;C:\Users\Sanara Carvalho\.m2\repository\org\apache\logging\log4j\log4j-to-slf4j\2.25.5\log4j-to-slf4j-2.25.5.jar;C:\Users\Sanara Carvalho\.m2\repository\org\apache\logging\log4j\log4j-api\2.25.5\log4j-api-2.25.5.jar;C:\Users\Sanara Carvalho\.m2\repository\org\slf4j\jul-to-slf4j\2.0.18\jul-to-slf4j-2.0.18.jar;C:\Users\Sanara Carvalho\.m2\repository\org\springframework\boot\spring-boot-autoconfigure\4.1.1\spring-boot-autoconfigure-4.1.1.jar;C:\Users\Sanara Carvalho\.m2\repository\jakarta\annotation\jakarta.annotation-api\3.0.0\jakarta.annotation-api-3.0.0.jar;C:\Users\Sanara Carvalho\.m2\repository\org\yaml\snakeyaml\2.6\snakeyaml-2.6.jar;C:\Users\Sanara Carvalho\.m2\repository\org\springframework\boot\spring-boot-starter-jackson\4.1.1\spring-boot-starter-jackson-4.1.1.jar;C:\Users\Sanara Carvalho\.m2\repository\org\springframework\boot\spring-boot-jackson\4.1.1\spring-boot-jackson-4.1.1.jar;C:\Users\Sanara Carvalho\.m2\repository\tools\jackson\core\jackson-databind\3.1.5\jackson-databind-3.1.5.jar;C:\Users\Sanara Carvalho\.m2\repository\com\fasterxml\jackson\core\jackson-annotations\2.21\jackson-annotations-2.21.jar;C:\Users\Sanara Carvalho\.m2\repository\tools\jackson\core\jackson-core\3.1.5\jackson-core-3.1.5.jar;C:\Users\Sanara Carvalho\.m2\repository\org\springframework\boot\spring-boot-starter-tomcat\4.1.1\spring-boot-starter-tomcat-4.1.1.jar;C:\Users\Sanara Carvalho\.m2\repository\org\springframework\boot\spring-boot-starter-tomcat-runtime\4.1.1\spring-boot-starter-tomcat-runtime-4.1.1.jar;C:\Users\Sanara Carvalho\.m2\repository\org\springframework\boot\spring-boot-web-server\4.1.1\spring-boot-web-server-4.1.1.jar;C:\Users\Sanara Carvalho\.m2\repository\org\apache\tomcat\embed\tomcat-embed-core\11.0.24\tomcat-embed-core-11.0.24.jar;C:\Users\Sanara Carvalho\.m2\repository\org\apache\tomcat\embed\tomcat-embed-el\11.0.24\tomcat-embed-el-11.0.24.jar;C:\Users\Sanara Carvalho\.m2\repository\org\apache\tomcat\embed\tomcat-embed-websocket\11.0.24\tomcat-embed-websocket-11.0.24.jar;C:\Users\Sanara Carvalho\.m2\repository\org\springframework\boot\spring-boot-tomcat\4.1.1\spring-boot-tomcat-4.1.1.jar;C:\Users\Sanara Carvalho\.m2\repository\org\springframework\boot\spring-boot-http-converter\4.1.1\spring-boot-http-converter-4.1.1.jar;C:\Users\Sanara Carvalho\.m2\repository\org\springframework\boot\spring-boot\4.1.1\spring-boot-4.1.1.jar;C:\Users\Sanara Carvalho\.m2\repository\org\springframework\spring-core\7.0.9\spring-core-7.0.9.jar;C:\Users\Sanara Carvalho\.m2\repository\commons-logging\commons-logging\1.3.6\commons-logging-1.3.6.jar;C:\Users\Sanara Carvalho\.m2\repository\org\springframework\spring-context\7.0.9\spring-context-7.0.9.jar;C:\Users\Sanara Carvalho\.m2\repository\org\springframework\spring-web\7.0.9\spring-web-7.0.9.jar;C:\Users\Sanara Carvalho\.m2\repository\org\springframework\spring-beans\7.0.9\spring-beans-7.0.9.jar;C:\Users\Sanara Carvalho\.m2\repository\org\springframework\boot\spring-boot-webmvc\4.1.1\spring-boot-webmvc-4.1.1.jar;C:\Users\Sanara Carvalho\.m2\repository\org\springframework\boot\spring-boot-servlet\4.1.1\spring-boot-servlet-4.1.1.jar;C:\Users\Sanara Carvalho\.m2\repository\org\springframework\spring-webmvc\7.0.9\spring-webmvc-7.0.9.jar;C:\Users\Sanara Carvalho\.m2\repository\org\springframework\spring-aop\7.0.9\spring-aop-7.0.9.jar;C:\Users\Sanara Carvalho\.m2\repository\org\springframework\spring-expression\7.0.9\spring-expression-7.0.9.jar;C:\Users\Sanara Carvalho\.m2\repository\org\springframework\boot\spring-boot-starter-data-jpa\4.1.1\spring-boot-starter-data-jpa-4.1.1.jar;C:\Users\Sanara Carvalho\.m2\repository\org\springframework\boot\spring-boot-starter-jdbc\4.1.1\spring-boot-starter-jdbc-4.1.1.jar;C:\Users\Sanara Carvalho\.m2\repository\com\zaxxer\HikariCP\7.0.2\HikariCP-7.0.2.jar;C:\Users\Sanara Carvalho\.m2\repository\org\slf4j\slf4j-api\2.0.18\slf4j-api-2.0.18.jar;C:\Users\Sanara Carvalho\.m2\repository\org\springframework\boot\spring-boot-data-jpa\4.1.1\spring-boot-data-jpa-4.1.1.jar;C:\Users\Sanara Carvalho\.m2\repository\org\springframework\boot\spring-boot-data-commons\4.1.1\spring-boot-data-commons-4.1.1.jar;C:\Users\Sanara Carvalho\.m2\repository\org\springframework\boot\spring-boot-persistence\4.1.1\spring-boot-persistence-4.1.1.jar;C:\Users\Sanara Carvalho\.m2\repository\org\springframework\data\spring-data-commons\4.1.1\spring-data-commons-4.1.1.jar;C:\Users\Sanara Carvalho\.m2\repository\org\springframework\boot\spring-boot-hibernate\4.1.1\spring-boot-hibernate-4.1.1.jar;C:\Users\Sanara Carvalho\.m2\repository\org\springframework\boot\spring-boot-jpa\4.1.1\spring-boot-jpa-4.1.1.jar;C:\Users\Sanara Carvalho\.m2\repository\jakarta\persistence\jakarta.persistence-api\3.2.0\jakarta.persistence-api-3.2.0.jar;C:\Users\Sanara Carvalho\.m2\repository\org\hibernate\orm\hibernate-core\7.4.5.Final\hibernate-core-7.4.5.Final.jar;C:\Users\Sanara Carvalho\.m2\repository\jakarta\transaction\jakarta.transaction-api\2.0.1\jakarta.transaction-api-2.0.1.jar;C:\Users\Sanara Carvalho\.m2\repository\org\jboss\logging\jboss-logging\3.6.3.Final\jboss-logging-3.6.3.Final.jar;C:\Users\Sanara Carvalho\.m2\repository\org\hibernate\models\hibernate-models\1.1.1\hibernate-models-1.1.1.jar;C:\Users\Sanara Carvalho\.m2\repository\net\bytebuddy\byte-buddy\1.18.11\byte-buddy-1.18.11.jar;C:\Users\Sanara Carvalho\.m2\repository\jakarta\xml\bind\jakarta.xml.bind-api\4.0.5\jakarta.xml.bind-api-4.0.5.jar;C:\Users\Sanara Carvalho\.m2\repository\jakarta\activation\jakarta.activation-api\2.1.4\jakarta.activation-api-2.1.4.jar;C:\Users\Sanara Carvalho\.m2\repository\org\glassfish\jaxb\jaxb-runtime\4.0.9\jaxb-runtime-4.0.9.jar;C:\Users\Sanara Carvalho\.m2\repository\org\glassfish\jaxb\jaxb-core\4.0.9\jaxb-core-4.0.9.jar;C:\Users\Sanara Carvalho\.m2\repository\org\eclipse\angus\angus-activation\2.0.3\angus-activation-2.0.3.jar;C:\Users\Sanara Carvalho\.m2\repository\org\glassfish\jaxb\txw2\4.0.9\txw2-4.0.9.jar;C:\Users\Sanara Carvalho\.m2\repository\com\sun\istack\istack-commons-runtime\4.1.2\istack-commons-runtime-4.1.2.jar;C:\Users\Sanara Carvalho\.m2\repository\jakarta\inject\jakarta.inject-api\2.0.1\jakarta.inject-api-2.0.1.jar;C:\Users\Sanara Carvalho\.m2\repository\org\springframework\spring-orm\7.0.9\spring-orm-7.0.9.jar;C:\Users\Sanara Carvalho\.m2\repository\org\springframework\data\spring-data-jpa\4.1.1\spring-data-jpa-4.1.1.jar;C:\Users\Sanara Carvalho\.m2\repository\org\springframework\spring-tx\7.0.9\spring-tx-7.0.9.jar;C:\Users\Sanara Carvalho\.m2\repository\org\antlr\antlr4-runtime\4.13.2\antlr4-runtime-4.13.2.jar;C:\Users\Sanara Carvalho\.m2\repository\org\springframework\spring-aspects\7.0.9\spring-aspects-7.0.9.jar;C:\Users\Sanara Carvalho\.m2\repository\org\aspectj\aspectjweaver\1.9.25.1\aspectjweaver-1.9.25.1.jar;C:\Users\Sanara Carvalho\.m2\repository\org\springframework\boot\spring-boot-jdbc\4.1.1\spring-boot-jdbc-4.1.1.jar;C:\Users\Sanara Carvalho\.m2\repository\org\springframework\boot\spring-boot-sql\4.1.1\spring-boot-sql-4.1.1.jar;C:\Users\Sanara Carvalho\.m2\repository\org\springframework\boot\spring-boot-transaction\4.1.1\spring-boot-transaction-4.1.1.jar;C:\Users\Sanara Carvalho\.m2\repository\org\springframework\spring-jdbc\7.0.9\spring-jdbc-7.0.9.jar;C:\Users\Sanara Carvalho\.m2\repository\org\springframework\boot\spring-boot-starter-actuator\4.1.1\spring-boot-starter-actuator-4.1.1.jar;C:\Users\Sanara Carvalho\.m2\repository\org\springframework\boot\spring-boot-starter-micrometer-metrics\4.1.1\spring-boot-starter-micrometer-metrics-4.1.1.jar;C:\Users\Sanara Carvalho\.m2\repository\org\springframework\boot\spring-boot-micrometer-metrics\4.1.1\spring-boot-micrometer-metrics-4.1.1.jar;C:\Users\Sanara Carvalho\.m2\repository\org\springframework\boot\spring-boot-micrometer-observation\4.1.1\spring-boot-micrometer-observation-4.1.1.jar;C:\Users\Sanara Carvalho\.m2\repository\org\springframework\boot\spring-boot-actuator-autoconfigure\4.1.1\spring-boot-actuator-autoconfigure-4.1.1.jar;C:\Users\Sanara Carvalho\.m2\repository\org\springframework\boot\spring-boot-actuator\4.1.1\spring-boot-actuator-4.1.1.jar;C:\Users\Sanara Carvalho\.m2\repository\org\springframework\boot\spring-boot-health\4.1.1\spring-boot-health-4.1.1.jar;C:\Users\Sanara Carvalho\.m2\repository\io\micrometer\micrometer-observation\1.17.1\micrometer-observation-1.17.1.jar;C:\Users\Sanara Carvalho\.m2\repository\org\jspecify\jspecify\1.0.1\jspecify-1.0.1.jar;C:\Users\Sanara Carvalho\.m2\repository\io\micrometer\micrometer-commons\1.17.1\micrometer-commons-1.17.1.jar;C:\Users\Sanara Carvalho\.m2\repository\io\micrometer\micrometer-jakarta9\1.17.1\micrometer-jakarta9-1.17.1.jar;C:\Users\Sanara Carvalho\.m2\repository\io\micrometer\micrometer-core\1.17.1\micrometer-core-1.17.1.jar;C:\Users\Sanara Carvalho\.m2\repository\org\hdrhistogram\HdrHistogram\2.2.2\HdrHistogram-2.2.2.jar;C:\Users\Sanara Carvalho\.m2\repository\org\postgresql\postgresql\42.7.13\postgresql-42.7.13.jar;C:\Users\Sanara Carvalho\.m2\repository\org\checkerframework\checker-qual\3.55.1\checker-qual-3.55.1.jar
Launcher Type: SUN_STANDARD

[Global flags]
     bool AOTAdapterCaching                        = false                                  {diagnostic} {ergonomic}
     bool AOTInvokeDynamicLinking                  = false                                  {diagnostic} {ergonomic}
     bool AOTRecordTraining                        = false                                  {diagnostic} {ergonomic}
     bool AOTReplayTraining                        = false                                  {diagnostic} {ergonomic}
     bool AOTStubCaching                           = false                                  {diagnostic} {ergonomic}
     intx CICompilerCount                          = 4                                         {product} {ergonomic}
     uint ConcGCThreads                            = 2                                         {product} {ergonomic}
     uint G1ConcRefinementThreads                  = 8                                         {product} {ergonomic}
     uint G1EagerReclaimRemSetThreshold            = 10                                   {experimental} {ergonomic}
   size_t G1HeapRegionSize                         = 1048576                                   {product} {ergonomic}
     uint G1RemSetArrayOfCardsEntries              = 10                                   {experimental} {ergonomic}
     uint G1RemSetHowlMaxNumBuckets                = 8                                    {experimental} {ergonomic}
     uint G1RemSetHowlNumBuckets                   = 4                                    {experimental} {ergonomic}
   size_t InitialHeapSize                          = 8388608                                   {product} {ergonomic}
     bool IntelJccErratumMitigation                = false                             {ARCH diagnostic} {ergonomic}
   size_t MarkStackSize                            = 4194304                                   {product} {ergonomic}
   size_t MarkStackSizeMax                         = 536870912                                 {product} {ergonomic}
   size_t MaxHeapSize                              = 1002438656                                {product} {ergonomic}
   size_t MaxNewSize                               = 600834048                                 {product} {ergonomic}
 uint64_t MaxRAM                                   = 4006076416                                {product} {ergonomic}
   size_t MinHeapDeltaBytes                        = 1048576                                   {product} {ergonomic}
   size_t MinHeapSize                              = 8388608                                   {product} {ergonomic}
   size_t NonNMethodCodeHeapSize                   = 5898240                                {pd product} {ergonomic}
   size_t NonProfiledCodeHeapSize                  = 122945536                              {pd product} {ergonomic}
   size_t ProfiledCodeHeapSize                     = 122945536                              {pd product} {ergonomic}
   size_t ReservedCodeCacheSize                    = 251789312                              {pd product} {ergonomic}
     bool SegmentedCodeCache                       = true                                      {product} {ergonomic}
   size_t SoftMaxHeapSize                          = 1002438656                             {manageable} {ergonomic}
     bool UseCompressedOops                        = true                           {product lp64_product} {ergonomic}
     bool UseCondCardMark                          = true                                      {product} {ergonomic}
     bool UseFastUnorderedTimeStamps               = true                                 {experimental} {ergonomic}
     bool UseG1GC                                  = true                                      {product} {ergonomic}
     bool UseLargePagesIndividualAllocation        = false                                  {pd product} {ergonomic}
      int X86ICacheSync                            = 3                                 {ARCH diagnostic} {ergonomic}

Logging:
Log output configuration:
 #0: stdout all=warning uptime,level,tags foldmultilines=false
 #1: stderr all=off uptime,level,tags foldmultilines=false

Release file:
IMPLEMENTOR="Eclipse Adoptium" 
IMPLEMENTOR_VERSION="Temurin-26.0.2+10" 
JAVA_RUNTIME_VERSION="26.0.2+10" 
JAVA_VERSION="26.0.2" 
JAVA_VERSION_DATE="2026-07-21" 
LIBC="default" 
MODULES="java.base java.compiler java.datatransfer java.xml java.prefs java.desktop java.instrument java.logging java.management java.security.sasl java.naming java.rmi java.management.rmi java.net.http java.scripting java.security.jgss java.transaction.xa java.sql java.sql.rowset java.xml.crypto java.se java.smartcardio jdk.accessibility jdk.internal.jvmstat jdk.attach jdk.charsets jdk.internal.opt jdk.zipfs jdk.compiler jdk.crypto.cryptoki jdk.crypto.ec jdk.crypto.mscapi jdk.dynalink jdk.internal.ed jdk.editpad jdk.internal.vm.ci jdk.graal.compiler jdk.graal.compiler.management jdk.hotspot.agent jdk.httpserver jdk.incubator.vector jdk.internal.le jdk.internal.md jdk.jartool jdk.javadoc jdk.jcmd jdk.management jdk.management.agent jdk.jconsole jdk.jdeps jdk.jdwp.agent jdk.jdi jdk.jfr jdk.jlink jdk.jpackage jdk.jshell jdk.jstatd jdk.localedata jdk.management.jfr jdk.naming.dns jdk.naming.rmi jdk.net jdk.nio.mapmode jdk.sctp jdk.security.auth jdk.security.jgss jdk.unsupported jdk.unsupported.desktop jdk.xml.dom" 
OS_ARCH="x86_64" 
OS_NAME="Windows" 
SOURCE=".:git:8ef08853c5a2" 
BUILD_SOURCE="git:e6ba7dec3d07654074559310376a3ae89da5f4ac"
BUILD_SOURCE_REPO="https://github.com/adoptium/temurin-build.git"
SOURCE_REPO="https://github.com/adoptium/jdk26u.git"
FULL_VERSION="26.0.2+10"
SEMANTIC_VERSION="26.0.2+10"
BUILD_INFO="OS: Windows Server 2022 Version: 10.0"
JVM_VARIANT="Hotspot"
JVM_VERSION="26.0.2+10"
IMAGE_TYPE="JDK"

Environment Variables:
JAVA_HOME=C:\Program Files\Apache NetBeans\jdk
PATH=C:\Program Files\Eclipse Adoptium\jdk-21.0.12.101-hotspot\bin;C:\msys64\mingw64\bin;C:\msys64\ucrt64\bin;C:\WINDOWS\system32;C:\WINDOWS;C:\WINDOWS\System32\Wbem;C:\winlibs-x86_64-posix-seh-gcc-15.1.0-mingw-w64ucrt-13.0.0-r2\mingw64\bin;C:\Program Files\Git\cmd;C:\Windows\System32\WindowsPowerShell\v1.0\;C:\src\flutter\bin;C:\msys64\mingw64\bin;C:\msys64\ucrt64\bin;C:\Users\Sanara Carvalho\AppData\Local\Programs\Microsoft VS Code\bin;C:\msys64\ucrt64\bin;;C:\Users\Sanara Carvalho\AppData\Local\Programs\DockerDesktop\resources\bin;C:\Program Files\Apache NetBeans\bin\
USERNAME=Sanara Carvalho
OS=Windows_NT
PROCESSOR_IDENTIFIER=Intel64 Family 6 Model 154 Stepping 4, GenuineIntel
TMP=C:\WINDOWS\TEMP
TEMP=C:\WINDOWS\TEMP




Compilation memory statistics disabled.

Periodic native trim disabled

---------------  S Y S T E M  ---------------

OS:
 Windows 11 , 64 bit Build 26100 (10.0.26100.9549)
OS uptime: 0 days 13:45 hours
Hyper-V role detected

CPU: total 8 (initial active 8) (hybrid) family 6 model 154 stepping 4 microcode 0x435, cx8, cmov, fxsr, ht, mmx, 3dnowpref, sse, sse2, sse3, ssse3, sse4.1, sse4.2, popcnt, lzcnt, tsc, tscinvbit, avx, avx2, aes, erms, clmul, bmi1, bmi2, adx, sha, fma, vzeroupper, clflush, clflushopt, clwb, hv, serialize, rdtscp, rdpid, fsrm, gfni, f16c, cet_ibt, cet_ss, hybrid
Processor Information for processor 0
  Max Mhz: 1200, Current Mhz: 1200, Mhz Limit: 1200
Processor Information for processor 1
  Max Mhz: 1200, Current Mhz: 1200, Mhz Limit: 1200
Processor Information for processor 2
  Max Mhz: 1200, Current Mhz: 1200, Mhz Limit: 1200
Processor Information for processor 3
  Max Mhz: 1200, Current Mhz: 1200, Mhz Limit: 1200
Processor Information for processor 4
  Max Mhz: 900, Current Mhz: 900, Mhz Limit: 900
Processor Information for processor 5
  Max Mhz: 900, Current Mhz: 900, Mhz Limit: 900
Processor Information for processor 6
  Max Mhz: 900, Current Mhz: 900, Mhz Limit: 900
Processor Information for processor 7
  Max Mhz: 900, Current Mhz: 900, Mhz Limit: 900

Memory: 4k page, system-wide physical 3820M (341M free)
TotalPageFile size 15596M (AvailPageFile size 41M)
current process WorkingSet (physical memory assigned to process): 148M, peak: 158M
current process commit charge ("private bytes"): 193M, peak: 253M

vm_info: OpenJDK 64-Bit Server VM (26.0.2+10) for windows-amd64 JRE (26.0.2+10), built on 2026-07-21T00:00:00Z with MS VC++ 17.12 (VS2022)

END.
