#
# There is insufficient memory for the Java Runtime Environment to continue.
# Native memory allocation (malloc) failed to allocate 998808 bytes. Error detail: Chunk::new
# Possible reasons:
#   The system is out of physical RAM or swap space
#   This process is running with CompressedOops enabled, and the Java Heap may be blocking the growth of the native heap
# Possible solutions:
#   Reduce memory load on the system
#   Increase physical memory or swap space
#   Check if swap backing store is full
#   Decrease Java heap size (-Xmx/-Xms)
#   Decrease number of Java threads
#   Decrease Java thread stack sizes (-Xss)
#   Set larger code cache with -XX:ReservedCodeCacheSize=
#   JVM is running with Unscaled Compressed Oops mode in which the Java heap is
#     placed in the first 4GB address space. The Java Heap base address is the
#     maximum limit for the native heap growth. Please use -XX:HeapBaseMinAddress
#     to set the Java Heap base and to place the Java Heap above 4GB virtual address.
# This output file may be truncated or incomplete.
#
#  Out of Memory Error (arena.cpp:193), pid=8724, tid=9480
#
# JRE version: OpenJDK Runtime Environment Temurin-26.0.2+10 (26.0.2+10) (build 26.0.2+10)
# Java VM: OpenJDK 64-Bit Server VM Temurin-26.0.2+10 (26.0.2+10, mixed mode, sharing, tiered, compressed oops, compressed class ptrs, g1 gc, windows-amd64)
# No core dump will be written. Minidumps are not enabled by default on client versions of Windows
#

---------------  S U M M A R Y ------------

Command Line: com.gabicake.api.ApiApplication

Host: 12th Gen Intel(R) Core(TM) i3-1215U, 8 cores, 3G,  Windows 11 , 64 bit Build 26100 (10.0.26100.9549)
Time: Fri Oct  2 22:34:39 2026 Hora oficial do Brasil elapsed time: 6488.264400 seconds (0d 1h 48m 8s)

---------------  T H R E A D  ---------------

Current thread (0x000001913be920c0):  JavaThread "C2 CompilerThread0" daemon [_thread_in_native, id=9480, stack(0x0000007625d00000,0x0000007625e00000) (1024K)]


Current CompileTask:
C2:6488267 7269       4       sun.nio.ch.WEPollSelectorImpl::processEvents (152 bytes)

Stack: [0x0000007625d00000,0x0000007625e00000]
Native frames: (J=compiled Java code, j=interpreted, Vv=VM code, C=native code)
V  [jvm.dll+0x7dcd79]  (no source info available)
V  [jvm.dll+0x7a98ad]  (no source info available)
V  [jvm.dll+0xa461e0]  (no source info available)
V  [jvm.dll+0xa48631]  (no source info available)
V  [jvm.dll+0xa48d43]  (no source info available)
V  [jvm.dll+0x312fe6]  (no source info available)
V  [jvm.dll+0x120836]  (no source info available)
V  [jvm.dll+0x120b5e]  (no source info available)
V  [jvm.dll+0x1b2d56]  (no source info available)
V  [jvm.dll+0x3d0232]  (no source info available)
V  [jvm.dll+0x7e594f]  (no source info available)
V  [jvm.dll+0x2d5897]  (no source info available)
V  [jvm.dll+0x2d480f]  (no source info available)
V  [jvm.dll+0x249b90]  (no source info available)
V  [jvm.dll+0x2e493c]  (no source info available)
V  [jvm.dll+0x2e2b1d]  (no source info available)
V  [jvm.dll+0x4a9d0e]  (no source info available)
V  [jvm.dll+0x9e4749]  (no source info available)
V  [jvm.dll+0x7de858]  (no source info available)
C  [ucrtbase.dll+0x2cd30]  (no source info available)
C  [KERNEL32.DLL+0x2cdf7]  (no source info available)
C  [ntdll.dll+0x7ee4c]  (no source info available)

Lock stack of current Java thread (top to bottom):


---------------  P R O C E S S  ---------------

Threads class SMR info:
_java_thread_list=0x0000019141b6f290, length=28, elements={
0x000001913be743c0, 0x000001913be74e10, 0x000001913be79350, 0x000001913be7b170,
0x000001913be85b00, 0x000001913be866b0, 0x000001913be920c0, 0x000001913beb7e10,
0x0000019140030ca0, 0x0000019140035750, 0x0000019141e8e400, 0x000001914280f180,
0x0000019142186f70, 0x00000191413b3fb0, 0x00000191413b37e0, 0x00000191438dcf60,
0x00000191438df670, 0x00000191438dfe40, 0x00000191438dd730, 0x00000191438e0de0,
0x00000191438ddf00, 0x00000191438e1d80, 0x00000191438e34f0, 0x0000019144f8bb80,
0x0000019144f8dac0, 0x0000019144f8c350, 0x0000019144f901d0, 0x0000019144f92110
}

Java Threads: ( => current thread )
  0x000001913be743c0 JavaThread "Reference Handler"          daemon [_thread_blocked, id=20220, stack(0x0000007625700000,0x0000007625800000) (1024K)]
  0x000001913be74e10 JavaThread "Finalizer"                  daemon [_thread_blocked, id=18016, stack(0x0000007625800000,0x0000007625900000) (1024K)]
  0x000001913be79350 JavaThread "Signal Dispatcher"          daemon [_thread_blocked, id=3392, stack(0x0000007625900000,0x0000007625a00000) (1024K)]
  0x000001913be7b170 JavaThread "Attach Listener"            daemon [_thread_blocked, id=16672, stack(0x0000007625a00000,0x0000007625b00000) (1024K)]
  0x000001913be85b00 JavaThread "Service Thread"             daemon [_thread_blocked, id=8260, stack(0x0000007625b00000,0x0000007625c00000) (1024K)]
  0x000001913be866b0 JavaThread "Monitor Deflation Thread"   daemon [_thread_blocked, id=23352, stack(0x0000007625c00000,0x0000007625d00000) (1024K)]
=>0x000001913be920c0 JavaThread "C2 CompilerThread0"         daemon [_thread_in_native, id=9480, stack(0x0000007625d00000,0x0000007625e00000) (1024K)]
  0x000001913beb7e10 JavaThread "C1 CompilerThread0"         daemon [_thread_blocked, id=21208, stack(0x0000007625e00000,0x0000007625f00000) (1024K)]
  0x0000019140030ca0 JavaThread "Notification Thread"        daemon [_thread_blocked, id=10544, stack(0x0000007625f00000,0x0000007626000000) (1024K)]
  0x0000019140035750 JavaThread "Common-Cleaner"             daemon [_thread_blocked, id=25448, stack(0x0000007626000000,0x0000007626100000) (1024K)]
  0x0000019141e8e400 JavaThread "Catalina-utility-1"                [_thread_blocked, id=25360, stack(0x0000007626600000,0x0000007626700000) (1024K)]
  0x000001914280f180 JavaThread "Catalina-utility-2"                [_thread_blocked, id=23268, stack(0x0000007626a00000,0x0000007626b00000) (1024K)]
  0x0000019142186f70 JavaThread "container-0"                       [_thread_blocked, id=16852, stack(0x0000007626b00000,0x0000007626c00000) (1024K)]
  0x00000191413b3fb0 JavaThread "Cleaner-0"                  daemon [_thread_blocked, id=25148, stack(0x0000007626d00000,0x0000007626e00000) (1024K)]
  0x00000191413b37e0 JavaThread "HikariPool-1:housekeeper"   daemon [_thread_blocked, id=17044, stack(0x0000007626e00000,0x0000007626f00000) (1024K)]
  0x00000191438dcf60 JavaThread "http-nio-8080-exec-1"       daemon [_thread_blocked, id=22952, stack(0x0000007627000000,0x0000007627100000) (1024K)]
  0x00000191438df670 JavaThread "http-nio-8080-exec-2"       daemon [_thread_blocked, id=18956, stack(0x0000007627100000,0x0000007627200000) (1024K)]
  0x00000191438dfe40 JavaThread "http-nio-8080-exec-3"       daemon [_thread_blocked, id=25344, stack(0x0000007627200000,0x0000007627300000) (1024K)]
  0x00000191438dd730 JavaThread "http-nio-8080-exec-4"       daemon [_thread_blocked, id=12788, stack(0x0000007627300000,0x0000007627400000) (1024K)]
  0x00000191438e0de0 JavaThread "http-nio-8080-exec-5"       daemon [_thread_blocked, id=17316, stack(0x0000007627400000,0x0000007627500000) (1024K)]
  0x00000191438ddf00 JavaThread "http-nio-8080-exec-6"       daemon [_thread_blocked, id=19200, stack(0x0000007627500000,0x0000007627600000) (1024K)]
  0x00000191438e1d80 JavaThread "http-nio-8080-exec-7"       daemon [_thread_blocked, id=16080, stack(0x0000007627600000,0x0000007627700000) (1024K)]
  0x00000191438e34f0 JavaThread "http-nio-8080-exec-8"       daemon [_thread_blocked, id=17132, stack(0x0000007627700000,0x0000007627800000) (1024K)]
  0x0000019144f8bb80 JavaThread "http-nio-8080-exec-9"       daemon [_thread_blocked, id=15300, stack(0x0000007627800000,0x0000007627900000) (1024K)]
  0x0000019144f8dac0 JavaThread "http-nio-8080-exec-10"      daemon [_thread_blocked, id=17616, stack(0x0000007627900000,0x0000007627a00000) (1024K)]
  0x0000019144f8c350 JavaThread "http-nio-8080-Poller"       daemon [_thread_in_native, id=19256, stack(0x0000007627a00000,0x0000007627b00000) (1024K)]
  0x0000019144f901d0 JavaThread "http-nio-8080-Acceptor"     daemon [_thread_in_native, id=19908, stack(0x0000007627b00000,0x0000007627c00000) (1024K)]
  0x0000019144f92110 JavaThread "DestroyJavaVM"                     [_thread_blocked, id=25276, stack(0x0000007624e00000,0x0000007624f00000) (1024K)]
Total: 28

Other Threads:
  0x000001911fe95e80 VMThread "VM Thread"                           [id=20720, stack(0x0000007625600000,0x0000007625700000) (1024K)]
  0x000001911fe86a20 WatcherThread "VM Periodic Task Thread"        [id=21296, stack(0x0000007625500000,0x0000007625600000) (1024K)]
  0x000001911fe1c570 WorkerThread "GC Thread#0"                     [id=13360, stack(0x0000007624f00000,0x0000007625000000) (1024K)]
  0x00000191402ea920 WorkerThread "GC Thread#1"                     [id=7184, stack(0x0000007626100000,0x0000007626200000) (1024K)]
  0x0000019140f4be00 WorkerThread "GC Thread#2"                     [id=13992, stack(0x0000007626300000,0x0000007626400000) (1024K)]
  0x0000019141006210 WorkerThread "GC Thread#3"                     [id=3316, stack(0x0000007626400000,0x0000007626500000) (1024K)]
  0x0000019141006630 WorkerThread "GC Thread#4"                     [id=9016, stack(0x0000007626500000,0x0000007626600000) (1024K)]
  0x00000191415361a0 WorkerThread "GC Thread#5"                     [id=4208, stack(0x0000007626700000,0x0000007626800000) (1024K)]
  0x00000191415365c0 WorkerThread "GC Thread#6"                     [id=19808, stack(0x0000007626800000,0x0000007626900000) (1024K)]
  0x0000019141568880 WorkerThread "GC Thread#7"                     [id=8212, stack(0x0000007626900000,0x0000007626a00000) (1024K)]
  0x000001911fe28970 ConcurrentGCThread "G1 Main Marker"            [id=19600, stack(0x0000007625000000,0x0000007625100000) (1024K)]
  0x000001911fe2a3e0 WorkerThread "G1 Conc#0"                       [id=23864, stack(0x0000007625100000,0x0000007625200000) (1024K)]
  0x0000019140611f50 WorkerThread "G1 Conc#1"                       [id=22024, stack(0x0000007626200000,0x0000007626300000) (1024K)]
  0x000001911fe64b30 WorkerThread "G1 Refinement Workers#0"         [id=24076, stack(0x0000007625300000,0x0000007625400000) (1024K)]
  0x000001911fe63f70 ConcurrentGCThread "G1 Refine Control"         [id=25280, stack(0x0000007625200000,0x0000007625300000) (1024K)]
  0x000001911fe6c410 ConcurrentGCThread "G1 Service"                [id=16428, stack(0x0000007625400000,0x0000007625500000) (1024K)]
Total: 16

Threads with active compile tasks:
C2 CompilerThread0  6488517 7269       4       sun.nio.ch.WEPollSelectorImpl::processEvents (152 bytes)
Total: 1

VM state: not at safepoint (normal execution)

VM Mutex/Monitor currently owned by a thread: None

Heap address: 0x00000000c4400000, size: 956 MB, Compressed Oops mode: 32-bit

CDS archive(s) mapped at: [0x0000000030000000-0x0000000030de0000-0x0000000030de0000), size 14548992, SharedBaseAddress: 0x0000000030000000, ArchiveRelocationMode: 1.
Compressed class space mapped at: 0x0000000031000000-0x0000000071000000, reserved size: 1073741824
UseCompressedClassPointers 1, UseCompactObjectHeaders 0
Narrow klass pointer bits 32, Max shift 3
Narrow klass base: 0x0000000030000000, Narrow klass shift: 0
Encoding Range: [0x0000000030000000 - 0x0000000130000000), (4294967296 bytes)
Klass Range:    [0x0000000030000000 - 0x0000000071000000), (1090519040 bytes)
Klass ID Range:  [8 - 1090519033) (1090519025)
Protection zone: [0x0000000030000000 - 0x0000000030010000), (65536 bytes)

GC Precious Log:
 CardTable entry size: 512
 Card Set container configuration: InlinePtr #cards 5 size 8 Array Of Cards #cards 10 size 36 Howl #buckets 4 coarsen threshold 1843 Howl Bitmap #cards 512 size 80 coarsen threshold 460 Card regions per heap region 1 cards per card region 2048
 CPUs: 8 total, 8 available
 Memory: 3820M
 Large Page Support: Disabled
 NUMA Support: Disabled
 Compressed Oops: Enabled (32-bit)
 Heap Region Size: 1M
 Heap Min Capacity: 8M
 Heap Initial Capacity: 8M
 Heap Max Capacity: 956M
 Pre-touch: Disabled
 Parallel Workers: 8
 Concurrent Workers: 2
 Concurrent Refinement Workers: 8
 Periodic GC: Disabled

Heap:
 garbage-first heap   total reserved 978944K, committed 119808K, used 57623K [0x00000000c4400000, 0x0000000100000000)
  region size 1M, 29 eden (29M), 4 survivor (4M), 25 old (25M), 1 humongous (1M), 58 free (58M)

Heap Regions: E=young(eden), S=young(survivor), O=old, HS=humongous(starts), HC=humongous(continues), CS=collection set, F=free, TAMS=top-at-mark-start, PB=parsable bottom
|    0|0x00000000c4400000, 0x00000000c4500000, 0x00000000c4500000|100%|HS|  |TAMS 0x00000000c4400000| PB 0x00000000c4400000| Complete  |  0
|    1|0x00000000c4500000, 0x00000000c4600000, 0x00000000c4600000|100%| O|  |TAMS 0x00000000c4500000| PB 0x00000000c4500000| Untracked |  0
|    2|0x00000000c4600000, 0x00000000c4700000, 0x00000000c4700000|100%| O|  |TAMS 0x00000000c4600000| PB 0x00000000c4600000| Untracked |  0
|    3|0x00000000c4700000, 0x00000000c4800000, 0x00000000c4800000|100%| O|  |TAMS 0x00000000c4700000| PB 0x00000000c4700000| Untracked |  0
|    4|0x00000000c4800000, 0x00000000c4900000, 0x00000000c4900000|100%| O|  |TAMS 0x00000000c4800000| PB 0x00000000c4800000| Untracked |  0
|    5|0x00000000c4900000, 0x00000000c4a00000, 0x00000000c4a00000|100%| O|  |TAMS 0x00000000c4900000| PB 0x00000000c4900000| Untracked |  0
|    6|0x00000000c4a00000, 0x00000000c4b00000, 0x00000000c4b00000|100%| O|  |TAMS 0x00000000c4a00000| PB 0x00000000c4a00000| Untracked |  0
|    7|0x00000000c4b00000, 0x00000000c4c00000, 0x00000000c4c00000|100%| O|  |TAMS 0x00000000c4b00000| PB 0x00000000c4b00000| Untracked |  0
|    8|0x00000000c4c00000, 0x00000000c4d00000, 0x00000000c4d00000|100%| O|  |TAMS 0x00000000c4c00000| PB 0x00000000c4c00000| Untracked |  0
|    9|0x00000000c4d00000, 0x00000000c4e00000, 0x00000000c4e00000|100%| O|  |TAMS 0x00000000c4d00000| PB 0x00000000c4d00000| Untracked |  0
|   10|0x00000000c4e00000, 0x00000000c4f00000, 0x00000000c4f00000|100%| O|  |TAMS 0x00000000c4e00000| PB 0x00000000c4e00000| Untracked |  0
|   11|0x00000000c4f00000, 0x00000000c5000000, 0x00000000c5000000|100%| O|  |TAMS 0x00000000c4f00000| PB 0x00000000c4f00000| Untracked |  0
|   12|0x00000000c5000000, 0x00000000c5100000, 0x00000000c5100000|100%| O|  |TAMS 0x00000000c5000000| PB 0x00000000c5000000| Untracked |  0
|   13|0x00000000c5100000, 0x00000000c5200000, 0x00000000c5200000|100%| O|  |TAMS 0x00000000c5100000| PB 0x00000000c5100000| Untracked |  0
|   14|0x00000000c5200000, 0x00000000c5300000, 0x00000000c5300000|100%| O|  |TAMS 0x00000000c5200000| PB 0x00000000c5200000| Untracked |  0
|   15|0x00000000c5300000, 0x00000000c5400000, 0x00000000c5400000|100%| O|  |TAMS 0x00000000c5300000| PB 0x00000000c5300000| Untracked |  0
|   16|0x00000000c5400000, 0x00000000c5500000, 0x00000000c5500000|100%| O|  |TAMS 0x00000000c5400000| PB 0x00000000c5400000| Untracked |  0
|   17|0x00000000c5500000, 0x00000000c5600000, 0x00000000c5600000|100%| O|  |TAMS 0x00000000c5500000| PB 0x00000000c5500000| Untracked |  0
|   18|0x00000000c5600000, 0x00000000c5700000, 0x00000000c5700000|100%| O|Cm|TAMS 0x00000000c5600000| PB 0x00000000c5600000| Complete  |  0
|   19|0x00000000c5700000, 0x00000000c5800000, 0x00000000c5800000|100%| O|  |TAMS 0x00000000c5700000| PB 0x00000000c5700000| Untracked |  0
|   20|0x00000000c5800000, 0x00000000c5900000, 0x00000000c5900000|100%| O|  |TAMS 0x00000000c5800000| PB 0x00000000c5800000| Untracked |  0
|   21|0x00000000c5900000, 0x00000000c5a00000, 0x00000000c5a00000|100%| O|  |TAMS 0x00000000c5900000| PB 0x00000000c5900000| Untracked |  0
|   22|0x00000000c5a00000, 0x00000000c5b00000, 0x00000000c5b00000|100%| O|  |TAMS 0x00000000c5a00000| PB 0x00000000c5a00000| Untracked |  0
|   23|0x00000000c5b00000, 0x00000000c5c00000, 0x00000000c5c00000|100%| O|  |TAMS 0x00000000c5b00000| PB 0x00000000c5b00000| Untracked |  0
|   24|0x00000000c5c00000, 0x00000000c5c58980, 0x00000000c5d00000| 34%| O|  |TAMS 0x00000000c5c00000| PB 0x00000000c5c00000| Untracked |  0
|   25|0x00000000c5d00000, 0x00000000c5d00000, 0x00000000c5e00000|  0%| F|  |TAMS 0x00000000c5d00000| PB 0x00000000c5d00000| Untracked |  0
|   26|0x00000000c5e00000, 0x00000000c5e00000, 0x00000000c5f00000|  0%| F|  |TAMS 0x00000000c5e00000| PB 0x00000000c5e00000| Untracked |  0
|   27|0x00000000c5f00000, 0x00000000c5f00000, 0x00000000c6000000|  0%| F|  |TAMS 0x00000000c5f00000| PB 0x00000000c5f00000| Untracked |  0
|   28|0x00000000c6000000, 0x00000000c6000000, 0x00000000c6100000|  0%| F|  |TAMS 0x00000000c6000000| PB 0x00000000c6000000| Untracked |  0
|   29|0x00000000c6100000, 0x00000000c6100000, 0x00000000c6200000|  0%| F|  |TAMS 0x00000000c6100000| PB 0x00000000c6100000| Untracked |  0
|   30|0x00000000c6200000, 0x00000000c6200000, 0x00000000c6300000|  0%| F|  |TAMS 0x00000000c6200000| PB 0x00000000c6200000| Untracked |  0
|   31|0x00000000c6300000, 0x00000000c6300000, 0x00000000c6400000|  0%| F|  |TAMS 0x00000000c6300000| PB 0x00000000c6300000| Untracked |  0
|   32|0x00000000c6400000, 0x00000000c6400000, 0x00000000c6500000|  0%| F|  |TAMS 0x00000000c6400000| PB 0x00000000c6400000| Untracked |  0
|   33|0x00000000c6500000, 0x00000000c6500000, 0x00000000c6600000|  0%| F|  |TAMS 0x00000000c6500000| PB 0x00000000c6500000| Untracked |  0
|   34|0x00000000c6600000, 0x00000000c6600000, 0x00000000c6700000|  0%| F|  |TAMS 0x00000000c6600000| PB 0x00000000c6600000| Untracked |  0
|   35|0x00000000c6700000, 0x00000000c6700000, 0x00000000c6800000|  0%| F|  |TAMS 0x00000000c6700000| PB 0x00000000c6700000| Untracked |  0
|   36|0x00000000c6800000, 0x00000000c6800000, 0x00000000c6900000|  0%| F|  |TAMS 0x00000000c6800000| PB 0x00000000c6800000| Untracked |  0
|   37|0x00000000c6900000, 0x00000000c6900000, 0x00000000c6a00000|  0%| F|  |TAMS 0x00000000c6900000| PB 0x00000000c6900000| Untracked |  0
|   38|0x00000000c6a00000, 0x00000000c6a00000, 0x00000000c6b00000|  0%| F|  |TAMS 0x00000000c6a00000| PB 0x00000000c6a00000| Untracked |  0
|   39|0x00000000c6b00000, 0x00000000c6b00000, 0x00000000c6c00000|  0%| F|  |TAMS 0x00000000c6b00000| PB 0x00000000c6b00000| Untracked |  0
|   40|0x00000000c6c00000, 0x00000000c6c00000, 0x00000000c6d00000|  0%| F|  |TAMS 0x00000000c6c00000| PB 0x00000000c6c00000| Untracked |  0
|   41|0x00000000c6d00000, 0x00000000c6d00000, 0x00000000c6e00000|  0%| F|  |TAMS 0x00000000c6d00000| PB 0x00000000c6d00000| Untracked |  0
|   42|0x00000000c6e00000, 0x00000000c6e00000, 0x00000000c6f00000|  0%| F|  |TAMS 0x00000000c6e00000| PB 0x00000000c6e00000| Untracked |  0
|   43|0x00000000c6f00000, 0x00000000c6f00000, 0x00000000c7000000|  0%| F|  |TAMS 0x00000000c6f00000| PB 0x00000000c6f00000| Untracked |  0
|   44|0x00000000c7000000, 0x00000000c7000000, 0x00000000c7100000|  0%| F|  |TAMS 0x00000000c7000000| PB 0x00000000c7000000| Untracked |  0
|   45|0x00000000c7100000, 0x00000000c7100000, 0x00000000c7200000|  0%| F|  |TAMS 0x00000000c7100000| PB 0x00000000c7100000| Untracked |  0
|   46|0x00000000c7200000, 0x00000000c7200000, 0x00000000c7300000|  0%| F|  |TAMS 0x00000000c7200000| PB 0x00000000c7200000| Untracked |  0
|   47|0x00000000c7300000, 0x00000000c7300000, 0x00000000c7400000|  0%| F|  |TAMS 0x00000000c7300000| PB 0x00000000c7300000| Untracked |  0
|   48|0x00000000c7400000, 0x00000000c7400000, 0x00000000c7500000|  0%| F|  |TAMS 0x00000000c7400000| PB 0x00000000c7400000| Untracked |  0
|   49|0x00000000c7500000, 0x00000000c7500000, 0x00000000c7600000|  0%| F|  |TAMS 0x00000000c7500000| PB 0x00000000c7500000| Untracked |  0
|   50|0x00000000c7600000, 0x00000000c7600000, 0x00000000c7700000|  0%| F|  |TAMS 0x00000000c7600000| PB 0x00000000c7600000| Untracked |  0
|   51|0x00000000c7700000, 0x00000000c7700000, 0x00000000c7800000|  0%| F|  |TAMS 0x00000000c7700000| PB 0x00000000c7700000| Untracked |  0
|   52|0x00000000c7800000, 0x00000000c7800000, 0x00000000c7900000|  0%| F|  |TAMS 0x00000000c7800000| PB 0x00000000c7800000| Untracked |  0
|   53|0x00000000c7900000, 0x00000000c7900000, 0x00000000c7a00000|  0%| F|  |TAMS 0x00000000c7900000| PB 0x00000000c7900000| Untracked |  0
|   54|0x00000000c7a00000, 0x00000000c7a00000, 0x00000000c7b00000|  0%| F|  |TAMS 0x00000000c7a00000| PB 0x00000000c7a00000| Untracked |  0
|   55|0x00000000c7b00000, 0x00000000c7b00000, 0x00000000c7c00000|  0%| F|  |TAMS 0x00000000c7b00000| PB 0x00000000c7b00000| Untracked |  0
|   56|0x00000000c7c00000, 0x00000000c7c00000, 0x00000000c7d00000|  0%| F|  |TAMS 0x00000000c7c00000| PB 0x00000000c7c00000| Untracked |  0
|   57|0x00000000c7d00000, 0x00000000c7d00000, 0x00000000c7e00000|  0%| F|  |TAMS 0x00000000c7d00000| PB 0x00000000c7d00000| Untracked |  0
|   58|0x00000000c7e00000, 0x00000000c7e00000, 0x00000000c7f00000|  0%| F|  |TAMS 0x00000000c7e00000| PB 0x00000000c7e00000| Untracked |  0
|   59|0x00000000c7f00000, 0x00000000c7f00000, 0x00000000c8000000|  0%| F|  |TAMS 0x00000000c7f00000| PB 0x00000000c7f00000| Untracked |  0
|   60|0x00000000c8000000, 0x00000000c8000000, 0x00000000c8100000|  0%| F|  |TAMS 0x00000000c8000000| PB 0x00000000c8000000| Untracked |  0
|   61|0x00000000c8100000, 0x00000000c8100000, 0x00000000c8200000|  0%| F|  |TAMS 0x00000000c8100000| PB 0x00000000c8100000| Untracked |  0
|   62|0x00000000c8200000, 0x00000000c82ed5b0, 0x00000000c8300000| 92%| S|CS|TAMS 0x00000000c8200000| PB 0x00000000c8200000| Complete  |  0
|   63|0x00000000c8300000, 0x00000000c8400000, 0x00000000c8400000|100%| S|CS|TAMS 0x00000000c8300000| PB 0x00000000c8300000| Complete  |  0
|   64|0x00000000c8400000, 0x00000000c8500000, 0x00000000c8500000|100%| S|CS|TAMS 0x00000000c8400000| PB 0x00000000c8400000| Complete  |  0
|   65|0x00000000c8500000, 0x00000000c8600000, 0x00000000c8600000|100%| S|CS|TAMS 0x00000000c8500000| PB 0x00000000c8500000| Complete  |  0
|   66|0x00000000c8600000, 0x00000000c8600000, 0x00000000c8700000|  0%| F|  |TAMS 0x00000000c8600000| PB 0x00000000c8600000| Untracked |  0
|   67|0x00000000c8700000, 0x00000000c8700000, 0x00000000c8800000|  0%| F|  |TAMS 0x00000000c8700000| PB 0x00000000c8700000| Untracked |  0
|   68|0x00000000c8800000, 0x00000000c8800000, 0x00000000c8900000|  0%| F|  |TAMS 0x00000000c8800000| PB 0x00000000c8800000| Untracked |  0
|   69|0x00000000c8900000, 0x00000000c8900000, 0x00000000c8a00000|  0%| F|  |TAMS 0x00000000c8900000| PB 0x00000000c8900000| Untracked |  0
|   70|0x00000000c8a00000, 0x00000000c8a00000, 0x00000000c8b00000|  0%| F|  |TAMS 0x00000000c8a00000| PB 0x00000000c8a00000| Untracked |  0
|   71|0x00000000c8b00000, 0x00000000c8b00000, 0x00000000c8c00000|  0%| F|  |TAMS 0x00000000c8b00000| PB 0x00000000c8b00000| Untracked |  0
|   72|0x00000000c8c00000, 0x00000000c8c00000, 0x00000000c8d00000|  0%| F|  |TAMS 0x00000000c8c00000| PB 0x00000000c8c00000| Untracked |  0
|   73|0x00000000c8d00000, 0x00000000c8d00000, 0x00000000c8e00000|  0%| F|  |TAMS 0x00000000c8d00000| PB 0x00000000c8d00000| Untracked |  0
|   74|0x00000000c8e00000, 0x00000000c8e00000, 0x00000000c8f00000|  0%| F|  |TAMS 0x00000000c8e00000| PB 0x00000000c8e00000| Untracked |  0
|   75|0x00000000c8f00000, 0x00000000c8f00000, 0x00000000c9000000|  0%| F|  |TAMS 0x00000000c8f00000| PB 0x00000000c8f00000| Untracked |  0
|   76|0x00000000c9000000, 0x00000000c9000000, 0x00000000c9100000|  0%| F|  |TAMS 0x00000000c9000000| PB 0x00000000c9000000| Untracked |  0
|   77|0x00000000c9100000, 0x00000000c9100000, 0x00000000c9200000|  0%| F|  |TAMS 0x00000000c9100000| PB 0x00000000c9100000| Untracked |  0
|   78|0x00000000c9200000, 0x00000000c9200000, 0x00000000c9300000|  0%| F|  |TAMS 0x00000000c9200000| PB 0x00000000c9200000| Untracked |  0
|   79|0x00000000c9300000, 0x00000000c9300000, 0x00000000c9400000|  0%| F|  |TAMS 0x00000000c9300000| PB 0x00000000c9300000| Untracked |  0
|   80|0x00000000c9400000, 0x00000000c9400000, 0x00000000c9500000|  0%| F|  |TAMS 0x00000000c9400000| PB 0x00000000c9400000| Untracked |  0
|   81|0x00000000c9500000, 0x00000000c9500000, 0x00000000c9600000|  0%| F|  |TAMS 0x00000000c9500000| PB 0x00000000c9500000| Untracked |  0
|   82|0x00000000c9600000, 0x00000000c9600000, 0x00000000c9700000|  0%| F|  |TAMS 0x00000000c9600000| PB 0x00000000c9600000| Untracked |  0
|   83|0x00000000c9700000, 0x00000000c9700000, 0x00000000c9800000|  0%| F|  |TAMS 0x00000000c9700000| PB 0x00000000c9700000| Untracked |  0
|   84|0x00000000c9800000, 0x00000000c9800000, 0x00000000c9900000|  0%| F|  |TAMS 0x00000000c9800000| PB 0x00000000c9800000| Untracked |  0
|   85|0x00000000c9900000, 0x00000000c9900000, 0x00000000c9a00000|  0%| F|  |TAMS 0x00000000c9900000| PB 0x00000000c9900000| Untracked |  0
|   86|0x00000000c9a00000, 0x00000000c9a00000, 0x00000000c9b00000|  0%| F|  |TAMS 0x00000000c9a00000| PB 0x00000000c9a00000| Untracked |  0
|   87|0x00000000c9b00000, 0x00000000c9bc4c40, 0x00000000c9c00000| 76%| E|CS|TAMS 0x00000000c9b00000| PB 0x00000000c9b00000| Complete  |  0
|   88|0x00000000c9c00000, 0x00000000c9d00000, 0x00000000c9d00000|100%| E|CS|TAMS 0x00000000c9c00000| PB 0x00000000c9c00000| Complete  |  0
|   89|0x00000000c9d00000, 0x00000000c9e00000, 0x00000000c9e00000|100%| E|CS|TAMS 0x00000000c9d00000| PB 0x00000000c9d00000| Complete  |  0
|   90|0x00000000c9e00000, 0x00000000c9f00000, 0x00000000c9f00000|100%| E|CS|TAMS 0x00000000c9e00000| PB 0x00000000c9e00000| Complete  |  0
|   91|0x00000000c9f00000, 0x00000000ca000000, 0x00000000ca000000|100%| E|CS|TAMS 0x00000000c9f00000| PB 0x00000000c9f00000| Complete  |  0
|   92|0x00000000ca000000, 0x00000000ca100000, 0x00000000ca100000|100%| E|CS|TAMS 0x00000000ca000000| PB 0x00000000ca000000| Complete  |  0
|   93|0x00000000ca100000, 0x00000000ca200000, 0x00000000ca200000|100%| E|CS|TAMS 0x00000000ca100000| PB 0x00000000ca100000| Complete  |  0
|   94|0x00000000ca200000, 0x00000000ca300000, 0x00000000ca300000|100%| E|CS|TAMS 0x00000000ca200000| PB 0x00000000ca200000| Complete  |  0
|   95|0x00000000ca300000, 0x00000000ca400000, 0x00000000ca400000|100%| E|CS|TAMS 0x00000000ca300000| PB 0x00000000ca300000| Complete  |  0
|   96|0x00000000ca400000, 0x00000000ca500000, 0x00000000ca500000|100%| E|CS|TAMS 0x00000000ca400000| PB 0x00000000ca400000| Complete  |  0
|   97|0x00000000ca500000, 0x00000000ca600000, 0x00000000ca600000|100%| E|CS|TAMS 0x00000000ca500000| PB 0x00000000ca500000| Complete  |  0
|   98|0x00000000ca600000, 0x00000000ca700000, 0x00000000ca700000|100%| E|CS|TAMS 0x00000000ca600000| PB 0x00000000ca600000| Complete  |  0
|   99|0x00000000ca700000, 0x00000000ca800000, 0x00000000ca800000|100%| E|CS|TAMS 0x00000000ca700000| PB 0x00000000ca700000| Complete  |  0
|  100|0x00000000ca800000, 0x00000000ca900000, 0x00000000ca900000|100%| E|CS|TAMS 0x00000000ca800000| PB 0x00000000ca800000| Complete  |  0
|  101|0x00000000ca900000, 0x00000000caa00000, 0x00000000caa00000|100%| E|CS|TAMS 0x00000000ca900000| PB 0x00000000ca900000| Complete  |  0
|  102|0x00000000caa00000, 0x00000000cab00000, 0x00000000cab00000|100%| E|CS|TAMS 0x00000000caa00000| PB 0x00000000caa00000| Complete  |  0
|  103|0x00000000cab00000, 0x00000000cac00000, 0x00000000cac00000|100%| E|CS|TAMS 0x00000000cab00000| PB 0x00000000cab00000| Complete  |  0
|  104|0x00000000cac00000, 0x00000000cad00000, 0x00000000cad00000|100%| E|CS|TAMS 0x00000000cac00000| PB 0x00000000cac00000| Complete  |  0
|  105|0x00000000cad00000, 0x00000000cae00000, 0x00000000cae00000|100%| E|CS|TAMS 0x00000000cad00000| PB 0x00000000cad00000| Complete  |  0
|  106|0x00000000cae00000, 0x00000000caf00000, 0x00000000caf00000|100%| E|CS|TAMS 0x00000000cae00000| PB 0x00000000cae00000| Complete  |  0
|  107|0x00000000caf00000, 0x00000000cb000000, 0x00000000cb000000|100%| E|CS|TAMS 0x00000000caf00000| PB 0x00000000caf00000| Complete  |  0
|  108|0x00000000cb000000, 0x00000000cb100000, 0x00000000cb100000|100%| E|CS|TAMS 0x00000000cb000000| PB 0x00000000cb000000| Complete  |  0
|  109|0x00000000cb100000, 0x00000000cb200000, 0x00000000cb200000|100%| E|CS|TAMS 0x00000000cb100000| PB 0x00000000cb100000| Complete  |  0
|  110|0x00000000cb200000, 0x00000000cb300000, 0x00000000cb300000|100%| E|CS|TAMS 0x00000000cb200000| PB 0x00000000cb200000| Complete  |  0
|  111|0x00000000cb300000, 0x00000000cb400000, 0x00000000cb400000|100%| E|CS|TAMS 0x00000000cb300000| PB 0x00000000cb300000| Complete  |  0
|  112|0x00000000cb400000, 0x00000000cb500000, 0x00000000cb500000|100%| E|CS|TAMS 0x00000000cb400000| PB 0x00000000cb400000| Complete  |  0
|  113|0x00000000cb500000, 0x00000000cb600000, 0x00000000cb600000|100%| E|CS|TAMS 0x00000000cb500000| PB 0x00000000cb500000| Complete  |  0
|  114|0x00000000cb600000, 0x00000000cb700000, 0x00000000cb700000|100%| E|CS|TAMS 0x00000000cb600000| PB 0x00000000cb600000| Complete  |  0
|  954|0x00000000ffe00000, 0x00000000fff00000, 0x00000000fff00000|100%| O|  |TAMS 0x00000000ffe00000| PB 0x00000000ffe00000| Untracked |  0
|  955|0x00000000fff00000, 0x0000000100000000, 0x0000000100000000|100%| E|CS|TAMS 0x00000000fff00000| PB 0x00000000fff00000| Complete  |  0

Card table byte_map: [0x0000019138220000,0x0000019138400000] _byte_map_base: 0x0000019137bfe000
Refinement table byte_map: [0x0000019138400000,0x00000191385e0000] _byte_map_base: 0x0000019137dde000

Marking Bits: (CMBitMap*) 0x000001911fe1ccf0
 Bits: [0x00000191385e0000, 0x00000191394d0000)

Polling page: 0x000001911dc80000

Metaspace:
Metaspace        used 63477K, committed 64064K, reserved 1114112K
 class space     used 8999K, committed 9280K, reserved 1048576K

Usage:
  Non-class:     53.20 MB used.
      Class:      8.79 MB used.
       Both:     61.99 MB used.

Virtual space:
  Non-class space:       64.00 MB reserved,      53.50 MB ( 84%) committed,  1 nodes.
      Class space:        1.00 GB reserved,       9.06 MB ( <1%) committed,  1 nodes.
             Both:        1.06 GB reserved,      62.56 MB (  6%) committed. 

Chunk freelists:
   Non-Class:  9.83 MB
       Class:  6.79 MB
        Both:  16.62 MB

MaxMetaspaceSize: unlimited
CompressedClassSpaceSize: 1.00 GB
Initial GC threshold: 21.00 MB
Current GC threshold: 87.81 MB
CDS: on
 - commit_granule_bytes: 65536.
 - commit_granule_words: 8192.
 - virtual_space_node_default_size: 8388608.
 - enlarge_chunks_in_place: 1.
UseCompressedClassPointers 1, UseCompactObjectHeaders 0
Narrow klass pointer bits 32, Max shift 3
Narrow klass base: 0x0000000030000000, Narrow klass shift: 0
Encoding Range: [0x0000000030000000 - 0x0000000130000000), (4294967296 bytes)
Klass Range:    [0x0000000030000000 - 0x0000000071000000), (1090519040 bytes)
Klass ID Range:  [8 - 1090519033) (1090519025)
Protection zone: [0x0000000030000000 - 0x0000000030010000), (65536 bytes)


Internal statistics:

num_allocs_failed_limit: 9.
num_arena_births: 784.
num_arena_deaths: 0.
num_vsnodes_births: 2.
num_vsnodes_deaths: 0.
num_space_committed: 1001.
num_space_uncommitted: 0.
num_chunks_returned_to_freelist: 9.
num_chunks_taken_from_freelist: 3010.
num_chunk_merges: 9.
num_chunk_splits: 2171.
num_chunks_enlarged: 1765.
num_inconsistent_stats: 0.

CodeHeap 'non-profiled nmethods': size=120064Kb used=2834Kb max_used=2834Kb free=117229Kb
 bounds [0x00000191307d0000, 0x0000019130aa0000, 0x0000019137d10000]
CodeHeap 'profiled nmethods': size=120064Kb used=9704Kb max_used=9704Kb free=110359Kb
 bounds [0x0000019128cf0000, 0x0000019129670000, 0x0000019130230000]
CodeHeap 'non-nmethods': size=5760Kb used=1565Kb max_used=1687Kb free=4194Kb
 bounds [0x0000019130230000, 0x00000191304a0000, 0x00000191307d0000]
CodeCache: size=245888Kb, used=14103Kb, max_used=14225Kb, free=231782Kb
 total_blobs=7230, nmethods=6555, adapters=578, full_count=0
Compilation: enabled, stopped_count=0, restarted_count=0

Compilation events (20 events):
Event: 6159.456 Thread 0x000001913beb7e10 nmethod 7252 0x0000019129667188 code [0x0000019129667280, 0x00000191296673f0]
Event: 6231.975 Thread 0x000001913beb7e10 7254       3       org.apache.catalina.core.StandardHost$MemoryLeakTrackingListener::lifecycleEvent (65 bytes)
Event: 6232.041 Thread 0x000001913beb7e10 nmethod 7254 0x0000019129667488 code [0x0000019129667580, 0x0000019129667ea8]
Event: 6278.537 Thread 0x000001913be920c0 7260       4       org.postgresql.util.ByteConverter::int4 (47 bytes)
Event: 6278.596 Thread 0x000001913be920c0 nmethod 7260 0x0000019130a91088 code [0x0000019130a91180, 0x0000019130a91270]
Event: 6341.135 Thread 0x000001913beb7e10 7261   !   3       java.util.concurrent.locks.LockSupport::park (52 bytes)
Event: 6341.200 Thread 0x000001913beb7e10 nmethod 7261 0x0000019129667f08 code [0x0000019129668000, 0x0000019129668880]
Event: 6398.710 Thread 0x000001913beb7e10 7262       3       org.postgresql.core.v3.QueryExecutorImpl::processDeadPortals (43 bytes)
Event: 6398.734 Thread 0x000001913beb7e10 nmethod 7262 0x0000019129668888 code [0x0000019129668980, 0x0000019129668ef8]
Event: 6398.734 Thread 0x000001913beb7e10 7263       3       org.postgresql.core.v3.QueryExecutorImpl::sendAutomaticSavepoint (29 bytes)
Event: 6398.740 Thread 0x000001913beb7e10 nmethod 7263 0x0000019129668f08 code [0x0000019129669000, 0x00000191296691f8]
Event: 6398.740 Thread 0x000001913beb7e10 7264       3       org.postgresql.core.v3.QueryExecutorImpl::shouldCreateAutomaticSavepoint (55 bytes)
Event: 6398.750 Thread 0x000001913beb7e10 nmethod 7264 0x0000019129669208 code [0x0000019129669300, 0x0000019129669b18]
Event: 6398.750 Thread 0x000001913beb7e10 7265       3       org.postgresql.core.v3.QueryExecutorImpl::sendQuery (189 bytes)
Event: 6398.768 Thread 0x000001913beb7e10 nmethod 7265 0x0000019129669b88 code [0x0000019129669c80, 0x000001912966a2f0]
Event: 6410.612 Thread 0x000001913be920c0 7267       4       jdk.internal.misc.Blocker::begin (38 bytes)
Event: 6410.670 Thread 0x000001913be920c0 nmethod 7267 0x0000019130a91388 code [0x0000019130a91480, 0x0000019130a91540]
Event: 6487.187 Thread 0x000001913be920c0 7268   !   4       sun.nio.ch.SelectorImpl::lockAndDoSelect (87 bytes)
Event: 6487.427 Thread 0x000001913be920c0 nmethod 7268 0x0000019130a91688 code [0x0000019130a91780, 0x0000019130a948b8]
Event: 6488.188 Thread 0x000001913be920c0 7269       4       sun.nio.ch.WEPollSelectorImpl::processEvents (152 bytes)

GC Heap Usage History (20 events):
Event: 2.388 {heap Before GC invocations=22 (full 0):
 garbage-first heap   total reserved 978944K, committed 39936K, used 31321K [0x00000000c4400000, 0x0000000100000000)
  region size 1M, 18 eden (18M), 3 survivor (3M), 9 old (9M), 1 humongous (1M), 8 free (8M)
}
Event: 2.396 {heap After GC invocations=23 (full 0):
 garbage-first heap   total reserved 978944K, committed 39936K, used 14617K [0x00000000c4400000, 0x0000000100000000)
  region size 1M, 0 eden (0M), 2 survivor (2M), 12 old (12M), 1 humongous (1M), 24 free (24M)
}
Event: 2.654 {heap Before GC invocations=23 (full 0):
 garbage-first heap   total reserved 978944K, committed 39936K, used 19737K [0x00000000c4400000, 0x0000000100000000)
  region size 1M, 7 eden (7M), 2 survivor (2M), 12 old (12M), 1 humongous (1M), 17 free (17M)
}
Event: 2.658 {heap After GC invocations=24 (full 0):
 garbage-first heap   total reserved 978944K, committed 39936K, used 15063K [0x00000000c4400000, 0x0000000100000000)
  region size 1M, 0 eden (0M), 2 survivor (2M), 12 old (12M), 1 humongous (1M), 24 free (24M)
}
Event: 3.417 {heap Before GC invocations=25 (full 0):
 garbage-first heap   total reserved 978944K, committed 39936K, used 33495K [0x00000000c4400000, 0x0000000100000000)
  region size 1M, 18 eden (18M), 2 survivor (2M), 12 old (12M), 1 humongous (1M), 6 free (6M)
}
Event: 3.425 {heap After GC invocations=26 (full 0):
 garbage-first heap   total reserved 978944K, committed 39936K, used 17074K [0x00000000c4400000, 0x0000000100000000)
  region size 1M, 0 eden (0M), 3 survivor (3M), 14 old (14M), 1 humongous (1M), 21 free (21M)
}
Event: 3.915 {heap Before GC invocations=26 (full 0):
 garbage-first heap   total reserved 978944K, committed 39936K, used 33458K [0x00000000c4400000, 0x0000000100000000)
  region size 1M, 16 eden (16M), 3 survivor (3M), 14 old (14M), 1 humongous (1M), 5 free (5M)
}
Event: 3.926 {heap After GC invocations=27 (full 0):
 garbage-first heap   total reserved 978944K, committed 39936K, used 18259K [0x00000000c4400000, 0x0000000100000000)
  region size 1M, 0 eden (0M), 2 survivor (2M), 15 old (15M), 1 humongous (1M), 21 free (21M)
}
Event: 4.452 {heap Before GC invocations=27 (full 0):
 garbage-first heap   total reserved 978944K, committed 39936K, used 33619K [0x00000000c4400000, 0x0000000100000000)
  region size 1M, 16 eden (16M), 2 survivor (2M), 15 old (15M), 1 humongous (1M), 5 free (5M)
}
Event: 4.457 {heap After GC invocations=28 (full 0):
 garbage-first heap   total reserved 978944K, committed 39936K, used 19649K [0x00000000c4400000, 0x0000000100000000)
  region size 1M, 0 eden (0M), 2 survivor (2M), 17 old (17M), 1 humongous (1M), 19 free (19M)
}
Event: 4.755 {heap Before GC invocations=28 (full 0):
 garbage-first heap   total reserved 978944K, committed 39936K, used 32961K [0x00000000c4400000, 0x0000000100000000)
  region size 1M, 14 eden (14M), 2 survivor (2M), 17 old (17M), 1 humongous (1M), 5 free (5M)
}
Event: 4.758 {heap After GC invocations=29 (full 0):
 garbage-first heap   total reserved 978944K, committed 39936K, used 21204K [0x00000000c4400000, 0x0000000100000000)
  region size 1M, 0 eden (0M), 2 survivor (2M), 19 old (19M), 1 humongous (1M), 17 free (17M)
}
Event: 5.225 {heap Before GC invocations=30 (full 0):
 garbage-first heap   total reserved 978944K, committed 39936K, used 34516K [0x00000000c4400000, 0x0000000100000000)
  region size 1M, 13 eden (13M), 2 survivor (2M), 19 old (19M), 1 humongous (1M), 4 free (4M)
}
Event: 5.228 {heap After GC invocations=31 (full 0):
 garbage-first heap   total reserved 978944K, committed 119808K, used 21898K [0x00000000c4400000, 0x0000000100000000)
  region size 1M, 0 eden (0M), 1 survivor (1M), 20 old (20M), 1 humongous (1M), 95 free (95M)
}
Event: 7.303 {heap Before GC invocations=31 (full 0):
 garbage-first heap   total reserved 978944K, committed 119808K, used 84362K [0x00000000c4400000, 0x0000000100000000)
  region size 1M, 63 eden (63M), 1 survivor (1M), 20 old (20M), 1 humongous (1M), 32 free (32M)
}
Event: 7.312 {heap After GC invocations=32 (full 0):
 garbage-first heap   total reserved 978944K, committed 119808K, used 26046K [0x00000000c4400000, 0x0000000100000000)
  region size 1M, 0 eden (0M), 6 survivor (6M), 20 old (20M), 1 humongous (1M), 90 free (90M)
}
Event: 7.409 {heap Before GC invocations=32 (full 0):
 garbage-first heap   total reserved 978944K, committed 119808K, used 29118K [0x00000000c4400000, 0x0000000100000000)
  region size 1M, 4 eden (4M), 6 survivor (6M), 20 old (20M), 1 humongous (1M), 86 free (86M)
}
Event: 7.413 {heap After GC invocations=33 (full 0):
 garbage-first heap   total reserved 978944K, committed 119808K, used 26502K [0x00000000c4400000, 0x0000000100000000)
  region size 1M, 0 eden (0M), 5 survivor (5M), 21 old (21M), 1 humongous (1M), 90 free (90M)
}
Event: 436.378 {heap Before GC invocations=34 (full 0):
 garbage-first heap   total reserved 978944K, committed 119808K, used 72582K [0x00000000c4400000, 0x0000000100000000)
  region size 1M, 45 eden (45M), 5 survivor (5M), 21 old (21M), 1 humongous (1M), 45 free (45M)
}
Event: 436.489 {heap After GC invocations=35 (full 0):
 garbage-first heap   total reserved 978944K, committed 119808K, used 29975K [0x00000000c4400000, 0x0000000100000000)
  region size 1M, 0 eden (0M), 4 survivor (4M), 25 old (25M), 1 humongous (1M), 87 free (87M)
}

Metaspace Usage History (20 events):
Event: 2.388 {metaspace Before GC invocations=22 (full 0):
 Metaspace       used 20564K, committed 20800K, reserved 1114112K
  class space    used 2598K, committed 2688K, reserved 1048576K
}
Event: 2.396 {metaspace After GC invocations=23 (full 0):
 Metaspace       used 20564K, committed 20800K, reserved 1114112K
  class space    used 2598K, committed 2688K, reserved 1048576K
}
Event: 2.654 {metaspace Before GC invocations=23 (full 0):
 Metaspace       used 21264K, committed 21504K, reserved 1114112K
  class space    used 2692K, committed 2816K, reserved 1048576K
}
Event: 2.658 {metaspace After GC invocations=24 (full 0):
 Metaspace       used 21264K, committed 21504K, reserved 1114112K
  class space    used 2692K, committed 2816K, reserved 1048576K
}
Event: 3.417 {metaspace Before GC invocations=25 (full 0):
 Metaspace       used 24071K, committed 24448K, reserved 1114112K
  class space    used 3100K, committed 3264K, reserved 1048576K
}
Event: 3.425 {metaspace After GC invocations=26 (full 0):
 Metaspace       used 24071K, committed 24448K, reserved 1114112K
  class space    used 3100K, committed 3264K, reserved 1048576K
}
Event: 3.915 {metaspace Before GC invocations=26 (full 0):
 Metaspace       used 26167K, committed 26560K, reserved 1114112K
  class space    used 3423K, committed 3584K, reserved 1048576K
}
Event: 3.926 {metaspace After GC invocations=27 (full 0):
 Metaspace       used 26167K, committed 26560K, reserved 1114112K
  class space    used 3423K, committed 3584K, reserved 1048576K
}
Event: 4.452 {metaspace Before GC invocations=27 (full 0):
 Metaspace       used 29229K, committed 29632K, reserved 1114112K
  class space    used 3842K, committed 4032K, reserved 1048576K
}
Event: 4.457 {metaspace After GC invocations=28 (full 0):
 Metaspace       used 29229K, committed 29632K, reserved 1114112K
  class space    used 3842K, committed 4032K, reserved 1048576K
}
Event: 4.755 {metaspace Before GC invocations=28 (full 0):
 Metaspace       used 31635K, committed 32000K, reserved 1114112K
  class space    used 4149K, committed 4288K, reserved 1048576K
}
Event: 4.758 {metaspace After GC invocations=29 (full 0):
 Metaspace       used 31635K, committed 32000K, reserved 1114112K
  class space    used 4149K, committed 4288K, reserved 1048576K
}
Event: 5.225 {metaspace Before GC invocations=30 (full 0):
 Metaspace       used 35344K, committed 35776K, reserved 1114112K
  class space    used 4765K, committed 4928K, reserved 1048576K
}
Event: 5.228 {metaspace After GC invocations=31 (full 0):
 Metaspace       used 35344K, committed 35776K, reserved 1114112K
  class space    used 4765K, committed 4928K, reserved 1048576K
}
Event: 7.303 {metaspace Before GC invocations=31 (full 0):
 Metaspace       used 53133K, committed 53568K, reserved 1114112K
  class space    used 7619K, committed 7808K, reserved 1048576K
}
Event: 7.312 {metaspace After GC invocations=32 (full 0):
 Metaspace       used 53133K, committed 53568K, reserved 1114112K
  class space    used 7619K, committed 7808K, reserved 1048576K
}
Event: 7.409 {metaspace Before GC invocations=32 (full 0):
 Metaspace       used 53446K, committed 53888K, reserved 1114112K
  class space    used 7676K, committed 7872K, reserved 1048576K
}
Event: 7.413 {metaspace After GC invocations=33 (full 0):
 Metaspace       used 53446K, committed 53888K, reserved 1114112K
  class space    used 7676K, committed 7872K, reserved 1048576K
}
Event: 436.379 {metaspace Before GC invocations=34 (full 0):
 Metaspace       used 59404K, committed 59904K, reserved 1114112K
  class space    used 8562K, committed 8768K, reserved 1048576K
}
Event: 436.489 {metaspace After GC invocations=35 (full 0):
 Metaspace       used 59404K, committed 59904K, reserved 1114112K
  class space    used 8562K, committed 8768K, reserved 1048576K
}

Dll operation events (18 events):
Event: 0.009 Attempting to load shared library C:\Program Files\Apache NetBeans\jdk\bin\java.dll
Event: 0.010 Loaded shared library C:\Program Files\Apache NetBeans\jdk\bin\java.dll
Event: 0.102 Attempting to load shared library C:\Program Files\Apache NetBeans\jdk\bin\net.dll
Event: 0.102 Loaded shared library C:\Program Files\Apache NetBeans\jdk\bin\net.dll
Event: 0.104 Attempting to load shared library C:\Program Files\Apache NetBeans\jdk\bin\nio.dll
Event: 0.105 Loaded shared library C:\Program Files\Apache NetBeans\jdk\bin\nio.dll
Event: 0.107 Attempting to load shared library C:\Program Files\Apache NetBeans\jdk\bin\zip.dll
Event: 0.108 Loaded shared library C:\Program Files\Apache NetBeans\jdk\bin\zip.dll
Event: 0.245 Attempting to load shared library C:\Program Files\Apache NetBeans\jdk\bin\jimage.dll
Event: 0.245 Loaded shared library C:\Program Files\Apache NetBeans\jdk\bin\jimage.dll
Event: 1.552 Attempting to load shared library C:\Program Files\Apache NetBeans\jdk\bin\sunmscapi.dll
Event: 1.562 Loaded shared library C:\Program Files\Apache NetBeans\jdk\bin\sunmscapi.dll
Event: 4.382 Attempting to load shared library C:\Program Files\Apache NetBeans\jdk\bin\management.dll
Event: 4.384 Loaded shared library C:\Program Files\Apache NetBeans\jdk\bin\management.dll
Event: 4.387 Attempting to load shared library C:\Program Files\Apache NetBeans\jdk\bin\management_ext.dll
Event: 4.388 Loaded shared library C:\Program Files\Apache NetBeans\jdk\bin\management_ext.dll
Event: 5.779 Attempting to load shared library C:\Program Files\Apache NetBeans\jdk\bin\extnet.dll
Event: 5.781 Loaded shared library C:\Program Files\Apache NetBeans\jdk\bin\extnet.dll

Deoptimization events (20 events):
Event: 5388.121 Thread 0x000001914280f180 DEOPT PACKING pc=0x0000019130a8d668 sp=0x0000007626aff400
Event: 5388.121 Thread 0x000001914280f180 DEOPT UNPACKING pc=0x0000019130354082 sp=0x0000007626aff158 mode 2
Event: 5428.836 Thread 0x00000191425403e0 DEOPT PACKING pc=0x0000019129573f54 sp=0x0000007624cfe2f0
Event: 5428.836 Thread 0x00000191425403e0 DEOPT UNPACKING pc=0x0000019130281a02 sp=0x0000007624cfd750 mode 0
Event: 5454.141 Thread 0x000001914253fc10 Uncommon trap: trap_request=0xffffffbe fr.pc=0x0000019130a8dde8 relative=0x00000000000002e8
Event: 5454.141 Thread 0x000001914253fc10 Uncommon trap: reason=profile_predicate action=maybe_recompile pc=0x0000019130a8dde8 method=sun.security.provider.HashDrbg.addBytes([BI[[B)V @ 36 c2
Event: 5454.141 Thread 0x000001914253fc10 DEOPT PACKING pc=0x0000019130a8dde8 sp=0x0000007624cfee90
Event: 5454.141 Thread 0x000001914253fc10 DEOPT UNPACKING pc=0x0000019130354082 sp=0x0000007624cfede0 mode 2
Event: 5454.168 Thread 0x000001914253fc10 Uncommon trap: trap_request=0xffffffbe fr.pc=0x0000019130a8dde8 relative=0x00000000000002e8
Event: 5454.168 Thread 0x000001914253fc10 Uncommon trap: reason=profile_predicate action=maybe_recompile pc=0x0000019130a8dde8 method=sun.security.provider.HashDrbg.addBytes([BI[[B)V @ 36 c2
Event: 5454.168 Thread 0x000001914253fc10 DEOPT PACKING pc=0x0000019130a8dde8 sp=0x0000007624cfe0d0
Event: 5454.168 Thread 0x000001914253fc10 DEOPT UNPACKING pc=0x0000019130354082 sp=0x0000007624cfe020 mode 2
Event: 5454.168 Thread 0x000001914253fc10 Uncommon trap: trap_request=0xffffffbe fr.pc=0x0000019130a8dde8 relative=0x00000000000002e8
Event: 5454.168 Thread 0x000001914253fc10 Uncommon trap: reason=profile_predicate action=maybe_recompile pc=0x0000019130a8dde8 method=sun.security.provider.HashDrbg.addBytes([BI[[B)V @ 36 c2
Event: 5454.168 Thread 0x000001914253fc10 DEOPT PACKING pc=0x0000019130a8dde8 sp=0x0000007624cfe4c0
Event: 5454.168 Thread 0x000001914253fc10 DEOPT UNPACKING pc=0x0000019130354082 sp=0x0000007624cfe410 mode 2
Event: 5454.168 Thread 0x000001914253fc10 Uncommon trap: trap_request=0xffffffbe fr.pc=0x0000019130a8dde8 relative=0x00000000000002e8
Event: 5454.168 Thread 0x000001914253fc10 Uncommon trap: reason=profile_predicate action=maybe_recompile pc=0x0000019130a8dde8 method=sun.security.provider.HashDrbg.addBytes([BI[[B)V @ 36 c2
Event: 5454.168 Thread 0x000001914253fc10 DEOPT PACKING pc=0x0000019130a8dde8 sp=0x0000007624cfe4c0
Event: 5454.168 Thread 0x000001914253fc10 DEOPT UNPACKING pc=0x0000019130354082 sp=0x0000007624cfe410 mode 2

Classes loaded (20 events):
Event: 437.269 Loading class java/util/OptionalDouble
Event: 437.270 Loading class java/util/OptionalDouble done
Event: 437.397 Loading class java/util/AbstractMap$SimpleEntry
Event: 437.397 Loading class java/util/AbstractMap$SimpleEntry done
Event: 437.460 Loading class org/w3c/dom/Node
Event: 437.461 Loading class org/w3c/dom/Node done
Event: 437.461 Loading class org/w3c/dom/Document
Event: 437.463 Loading class org/w3c/dom/Document done
Event: 437.587 Loading class java/util/ArrayDeque$DescendingIterator
Event: 437.587 Loading class java/util/ArrayDeque$DescendingIterator done
Event: 437.605 Loading class sun/nio/cs/ISO_8859_1$Encoder
Event: 437.605 Loading class sun/nio/cs/ISO_8859_1$Encoder done
Event: 437.943 Loading class java/util/ArrayList$SubList$2
Event: 437.943 Loading class java/util/ArrayList$SubList$2 done
Event: 438.020 Loading class java/security/CodeSigner
Event: 438.020 Loading class java/security/CodeSigner done
Event: 3962.182 Loading class java/util/concurrent/locks/AbstractQueuedLongSynchronizer$Node
Event: 3962.212 Loading class java/util/concurrent/locks/AbstractQueuedLongSynchronizer$Node done
Event: 4821.591 Loading class jdk/internal/util/DateTimeHelper
Event: 4821.625 Loading class jdk/internal/util/DateTimeHelper done

Classes unloaded (0 events):
No events

Classes redefined (0 events):
No events

Internal exceptions (20 events):
Event: 8.101 Thread 0x000001911db4d350 Implicit null exception at 0x00000191309b8c70 to 0x00000191309b8dd4
Event: 8.102 Thread 0x000001911db4d350 Implicit null exception at 0x00000191309b5be6 to 0x00000191309b60a8
Event: 8.153 Thread 0x000001911db4d350 Exception <a 'java/lang/IncompatibleClassChangeError'{0x00000000c8de6418}: Found class java.lang.Object, but interface was expected> (0x00000000c8de6418) 
thrown [s\src\hotspot\share\interpreter\linkResolver.cpp, line 871]
Event: 435.115 Thread 0x0000019144f901d0 Exception <a 'java/lang/NoSuchMethodError'{0x00000000c8649978}: 'java.lang.Object java.lang.invoke.DirectMethodHandle$Holder.invokeStatic(java.lang.Object, java.lang.Object, java.lang.Object, int, int)'> (0x00000000c8649978) 
thrown [s\src\hotspot\share\interpreter\linkResolver.cpp, line 804]
Event: 435.150 Thread 0x0000019144f901d0 Exception <a 'java/lang/NoSuchMethodError'{0x00000000c8651900}: 'java.lang.Object java.lang.invoke.DirectMethodHandle$Holder.invokeStaticInit(java.lang.Object, java.lang.Object, java.lang.Object, int, int)'> (0x00000000c8651900) 
thrown [s\src\hotspot\share\interpreter\linkResolver.cpp, line 804]
Event: 436.524 Thread 0x00000191438df670 Exception <a 'java/lang/NoSuchMethodError'{0x00000000fff39ee8}: 'java.lang.Object java.lang.invoke.DirectMethodHandle$Holder.invokeSpecial(java.lang.Object, java.lang.Object, java.lang.Object, java.lang.Object, java.lang.Object, long)'> (0x00000000fff39ee8) 
thrown [s\src\hotspot\share\interpreter\linkResolver.cpp, line 804]
Event: 436.529 Thread 0x00000191438df670 Exception <a 'java/lang/NoSuchMethodError'{0x00000000fff427b0}: 'java.lang.Object java.lang.invoke.DirectMethodHandle$Holder.invokeSpecial(java.lang.Object, java.lang.Object, java.lang.Object, java.lang.Object, java.lang.Object, java.lang.Object, long)'> (0x00000000fff427b0) 
thrown [s\src\hotspot\share\interpreter\linkResolver.cpp, line 804]
Event: 436.532 Thread 0x00000191438df670 Exception <a 'java/lang/NoSuchMethodError'{0x00000000fff4ab50}: 'java.lang.Object java.lang.invoke.DelegatingMethodHandle$Holder.reinvoke_L(java.lang.Object, java.lang.Object, java.lang.Object, java.lang.Object, java.lang.Object, long)'> (0x00000000fff4ab50) 
thrown [s\src\hotspot\share\interpreter\linkResolver.cpp, line 804]
Event: 436.539 Thread 0x00000191438df670 Exception <a 'java/lang/NoSuchMethodError'{0x00000000fffdb108}: 'java.lang.Object java.lang.invoke.Invokers$Holder.linkToTargetMethod(java.lang.Object, java.lang.Object, java.lang.Object, long, java.lang.Object)'> (0x00000000fffdb108) 
thrown [s\src\hotspot\share\interpreter\linkResolver.cpp, line 804]
Event: 436.604 Thread 0x0000019140030ca0 Exception <a 'java/lang/NoSuchMethodError'{0x00000000fff76398}: 'long java.lang.invoke.DirectMethodHandle$Holder.invokeStatic(java.lang.Object, java.lang.Object, java.lang.Object)'> (0x00000000fff76398) 
thrown [s\src\hotspot\share\interpreter\linkResolver.cpp, line 804]
Event: 436.611 Thread 0x0000019140030ca0 Exception <a 'java/lang/NoSuchMethodError'{0x00000000fff85d68}: 'long java.lang.invoke.DirectMethodHandle$Holder.invokeStatic(java.lang.Object, long, long)'> (0x00000000fff85d68) 
thrown [s\src\hotspot\share\interpreter\linkResolver.cpp, line 804]
Event: 437.940 Thread 0x00000191438dcf60 Exception <a 'java/lang/NoSuchMethodError'{0x00000000cb193e00}: 'java.lang.Object java.lang.invoke.DirectMethodHandle$Holder.invokeStatic(java.lang.Object, int, int)'> (0x00000000cb193e00) 
thrown [s\src\hotspot\share\interpreter\linkResolver.cpp, line 804]
Event: 2288.136 Thread 0x00000191425403e0 Implicit null exception at 0x00000191309ad4a0 to 0x00000191309b3b58
Event: 2288.144 Thread 0x00000191425403e0 Implicit null exception at 0x00000191309ba215 to 0x00000191309ba4d0
Event: 2288.153 Thread 0x00000191425403e0 Implicit null exception at 0x00000191309bec10 to 0x00000191309bfc40
Event: 2288.159 Thread 0x00000191425403e0 Implicit null exception at 0x00000191308aa881 to 0x00000191308ab6ec
Event: 5385.132 Thread 0x0000019141e8e400 Implicit null exception at 0x0000019130a8d37e to 0x0000019130a8d64c
Event: 5386.134 Thread 0x0000019141e8e400 Implicit null exception at 0x0000019130a8d37e to 0x0000019130a8d64c
Event: 5387.120 Thread 0x000001914280f180 Implicit null exception at 0x0000019130a8d37e to 0x0000019130a8d64c
Event: 5388.120 Thread 0x000001914280f180 Implicit null exception at 0x0000019130a8d37e to 0x0000019130a8d64c

VM Operations (20 events):
Event: 3156.467 Executing non-safepoint VM operation: HandshakeAllThreads (G1 Java Thread CT swap)
Event: 3156.469 Executing non-safepoint VM operation: HandshakeAllThreads (G1 Java Thread CT swap) done
Event: 3156.469 Executing non-safepoint VM operation: G1RendezvousGCThreads
Event: 3156.469 Executing non-safepoint VM operation: G1RendezvousGCThreads done
Event: 3603.385 Executing non-safepoint VM operation: HandshakeAllThreads (G1 Java Thread CT swap)
Event: 3603.393 Executing non-safepoint VM operation: HandshakeAllThreads (G1 Java Thread CT swap) done
Event: 3603.393 Executing non-safepoint VM operation: G1RendezvousGCThreads
Event: 3603.393 Executing non-safepoint VM operation: G1RendezvousGCThreads done
Event: 4149.113 Executing non-safepoint VM operation: HandshakeAllThreads (G1 Java Thread CT swap)
Event: 4149.116 Executing non-safepoint VM operation: HandshakeAllThreads (G1 Java Thread CT swap) done
Event: 4149.116 Executing non-safepoint VM operation: G1RendezvousGCThreads
Event: 4149.116 Executing non-safepoint VM operation: G1RendezvousGCThreads done
Event: 4819.172 Executing non-safepoint VM operation: HandshakeAllThreads (G1 Java Thread CT swap)
Event: 4819.178 Executing non-safepoint VM operation: HandshakeAllThreads (G1 Java Thread CT swap) done
Event: 4819.178 Executing non-safepoint VM operation: G1RendezvousGCThreads
Event: 4819.178 Executing non-safepoint VM operation: G1RendezvousGCThreads done
Event: 5627.824 Executing non-safepoint VM operation: HandshakeAllThreads (G1 Java Thread CT swap)
Event: 5627.829 Executing non-safepoint VM operation: HandshakeAllThreads (G1 Java Thread CT swap) done
Event: 5627.830 Executing non-safepoint VM operation: G1RendezvousGCThreads
Event: 5627.831 Executing non-safepoint VM operation: G1RendezvousGCThreads done

Memory protections (0 events):
No events

Nmethod flushes (20 events):
Event: 7.436 Thread 0x000001911fe95e80 flushing  nmethod 0x0000019129092588
Event: 7.436 Thread 0x000001911fe95e80 flushing  nmethod 0x00000191290db788
Event: 7.436 Thread 0x000001911fe95e80 flushing  nmethod 0x00000191290dba88
Event: 7.436 Thread 0x000001911fe95e80 flushing  nmethod 0x00000191290f4108
Event: 7.436 Thread 0x000001911fe95e80 flushing  nmethod 0x00000191290f4408
Event: 7.436 Thread 0x000001911fe95e80 flushing  nmethod 0x00000191290f6988
Event: 7.436 Thread 0x000001911fe95e80 flushing  nmethod 0x000001912910d008
Event: 7.436 Thread 0x000001911fe95e80 flushing  nmethod 0x000001912915b208
Event: 7.436 Thread 0x000001911fe95e80 flushing  nmethod 0x000001912915cc88
Event: 7.436 Thread 0x000001911fe95e80 flushing  nmethod 0x0000019129161788
Event: 7.436 Thread 0x000001911fe95e80 flushing  nmethod 0x0000019129277288
Event: 7.436 Thread 0x000001911fe95e80 flushing  nmethod 0x0000019129277f08
Event: 7.436 Thread 0x000001911fe95e80 flushing  nmethod 0x0000019129278f88
Event: 7.436 Thread 0x000001911fe95e80 flushing  nmethod 0x0000019129279988
Event: 7.436 Thread 0x000001911fe95e80 flushing  nmethod 0x00000191293d9688
Event: 7.436 Thread 0x000001911fe95e80 flushing  nmethod 0x00000191293e9588
Event: 7.436 Thread 0x000001911fe95e80 flushing  nmethod 0x00000191293eba88
Event: 7.436 Thread 0x000001911fe95e80 flushing  nmethod 0x000001912940b708
Event: 7.436 Thread 0x000001911fe95e80 flushing  nmethod 0x000001912940ba08
Event: 7.436 Thread 0x000001911fe95e80 flushing  nmethod 0x000001912940de08

Events (20 events):
Event: 5428.764 Thread 0x00000191413b37e0 Thread added: 0x000001914253fc10
Event: 5428.775 Thread 0x000001914253fc10 Thread added: 0x00000191425403e0
Event: 5433.789 Thread 0x000001914253fc10 Thread exited: 0x000001914253fc10
Event: 5433.920 Thread 0x00000191425403e0 Thread exited: 0x00000191425403e0
Event: 5454.134 Thread 0x00000191413b37e0 Thread added: 0x0000019142541380
Event: 5454.138 Thread 0x0000019142541380 Thread added: 0x000001914253fc10
Event: 5462.291 Thread 0x0000019142541380 Thread exited: 0x0000019142541380
Event: 5462.357 Thread 0x000001914253fc10 Thread exited: 0x000001914253fc10
Event: 5467.695 Thread 0x00000191413b37e0 Thread added: 0x0000019142541380
Event: 5467.700 Thread 0x0000019142541380 Thread added: 0x000001914253fc10
Event: 5472.715 Thread 0x0000019142541380 Thread exited: 0x0000019142541380
Event: 5472.793 Thread 0x000001914253fc10 Thread exited: 0x000001914253fc10
Event: 5485.811 Thread 0x00000191413b37e0 Thread added: 0x0000019142542320
Event: 5485.816 Thread 0x0000019142542320 Thread added: 0x0000019142541b50
Event: 5490.832 Thread 0x0000019142542320 Thread exited: 0x0000019142542320
Event: 5490.913 Thread 0x0000019142541b50 Thread exited: 0x0000019142541b50
Event: 5537.475 Thread 0x00000191413b37e0 Thread added: 0x0000019142541380
Event: 5537.508 Thread 0x0000019142541380 Thread added: 0x000001914253fc10
Event: 5542.529 Thread 0x0000019142541380 Thread exited: 0x0000019142541380
Event: 5542.681 Thread 0x000001914253fc10 Thread exited: 0x000001914253fc10


Dynamic libraries:
0x00007ff6ad250000 - 0x00007ff6ad25e000 	C:\Program Files\Apache NetBeans\jdk\bin\java.exe
0x00007ffe9a4c0000 - 0x00007ffe9a727000 	C:\WINDOWS\SYSTEM32\ntdll.dll
0x00007ffe995d0000 - 0x00007ffe9969b000 	C:\WINDOWS\System32\KERNEL32.DLL
0x00007ffe97750000 - 0x00007ffe97b51000 	C:\WINDOWS\System32\KERNELBASE.dll
0x00007ffe97c40000 - 0x00007ffe97d8c000 	C:\WINDOWS\System32\ucrtbase.dll
0x00007ffe83da0000 - 0x00007ffe83dbe000 	C:\Program Files\Apache NetBeans\jdk\bin\VCRUNTIME140.dll
0x00007ffe83c20000 - 0x00007ffe83c37000 	C:\Program Files\Apache NetBeans\jdk\bin\jli.dll
0x00007ffe99810000 - 0x00007ffe999e7000 	C:\WINDOWS\System32\USER32.dll
0x00007ffe97c10000 - 0x00007ffe97c37000 	C:\WINDOWS\System32\win32u.dll
0x00007ffe9a140000 - 0x00007ffe9a16b000 	C:\WINDOWS\System32\GDI32.dll
0x00007ffe97da0000 - 0x00007ffe97ec8000 	C:\WINDOWS\System32\gdi32full.dll
0x00007ffe68ae0000 - 0x00007ffe68d70000 	C:\WINDOWS\WinSxS\amd64_microsoft.windows.common-controls_6595b64144ccf1df_6.0.26100.9549_none_3e0a0396e3330090\COMCTL32.dll
0x00007ffe97b60000 - 0x00007ffe97c03000 	C:\WINDOWS\System32\msvcp_win.dll
0x00007ffe99470000 - 0x00007ffe99519000 	C:\WINDOWS\System32\msvcrt.dll
0x00007ffe9a340000 - 0x00007ffe9a371000 	C:\WINDOWS\System32\IMM32.DLL
0x00007ffe85f40000 - 0x00007ffe85f4c000 	C:\Program Files\Apache NetBeans\jdk\bin\vcruntime140_1.dll
0x00007ffe7b560000 - 0x00007ffe7b5ed000 	C:\Program Files\Apache NetBeans\jdk\bin\msvcp140.dll
0x00007ffe0baf0000 - 0x00007ffe0ca8b000 	C:\Program Files\Apache NetBeans\jdk\bin\server\jvm.dll
0x00007ffe988d0000 - 0x00007ffe9898b000 	C:\WINDOWS\System32\ADVAPI32.dll
0x00007ffe99520000 - 0x00007ffe995c8000 	C:\WINDOWS\System32\sechost.dll
0x00007ffe99b90000 - 0x00007ffe99ca8000 	C:\WINDOWS\System32\RPCRT4.dll
0x00007ffe983a0000 - 0x00007ffe98421000 	C:\WINDOWS\System32\WS2_32.dll
0x00007ffe8c180000 - 0x00007ffe8c1b7000 	C:\WINDOWS\SYSTEM32\WINMM.dll
0x00007ffe71120000 - 0x00007ffe7112b000 	C:\WINDOWS\SYSTEM32\VERSION.dll
0x00007ffe97510000 - 0x00007ffe9756e000 	C:\WINDOWS\SYSTEM32\POWRPROF.dll
0x00007ffe974f0000 - 0x00007ffe97505000 	C:\WINDOWS\SYSTEM32\UMPDC.dll
0x00007ffe96360000 - 0x00007ffe9637b000 	C:\WINDOWS\SYSTEM32\kernel.appcore.dll
0x00007ffe83d90000 - 0x00007ffe83d9a000 	C:\Program Files\Apache NetBeans\jdk\bin\jimage.dll
0x00007ffe943b0000 - 0x00007ffe945fc000 	C:\WINDOWS\SYSTEM32\DBGHELP.DLL
0x00007ffe99cb0000 - 0x00007ffe9a03a000 	C:\WINDOWS\System32\combase.dll
0x00007ffe98260000 - 0x00007ffe98339000 	C:\WINDOWS\System32\OLEAUT32.dll
0x00007ffe8f630000 - 0x00007ffe8f66b000 	C:\WINDOWS\SYSTEM32\dbgcore.DLL
0x00007ffe98060000 - 0x00007ffe9810c000 	C:\WINDOWS\System32\bcryptPrimitives.dll
0x00007ffe83d20000 - 0x00007ffe83d3e000 	C:\Program Files\Apache NetBeans\jdk\bin\java.dll
0x00007ffe999f0000 - 0x00007ffe99b8a000 	C:\WINDOWS\System32\ole32.dll
0x00007ffe98cc0000 - 0x00007ffe9945c000 	C:\WINDOWS\System32\SHELL32.dll
0x00007ffe950d0000 - 0x00007ffe9597d000 	C:\WINDOWS\SYSTEM32\windows.storage.dll
0x00007ffe9a040000 - 0x00007ffe9a139000 	C:\WINDOWS\System32\SHCORE.dll
0x00007ffe9a410000 - 0x00007ffe9a476000 	C:\WINDOWS\System32\shlwapi.dll
0x00007ffe975d0000 - 0x00007ffe975f9000 	C:\WINDOWS\SYSTEM32\profapi.dll
0x00007ffe83920000 - 0x00007ffe83931000 	C:\Program Files\Apache NetBeans\jdk\bin\net.dll
0x00007ffe96920000 - 0x00007ffe9698c000 	C:\WINDOWS\system32\mswsock.dll
0x00007ffe81ac0000 - 0x00007ffe81ad6000 	C:\Program Files\Apache NetBeans\jdk\bin\nio.dll
0x00007ffe839a0000 - 0x00007ffe839b6000 	C:\Program Files\Apache NetBeans\jdk\bin\zip.dll
0x00007ffe81b30000 - 0x00007ffe81b3e000 	C:\Program Files\Apache NetBeans\jdk\bin\sunmscapi.dll
0x00007ffe97ed0000 - 0x00007ffe9804f000 	C:\WINDOWS\System32\CRYPT32.dll
0x00007ffe96e70000 - 0x00007ffe96ea0000 	C:\WINDOWS\SYSTEM32\ncrypt.dll
0x00007ffe96e20000 - 0x00007ffe96e5f000 	C:\WINDOWS\SYSTEM32\NTASN1.dll
0x00007ffe96c10000 - 0x00007ffe96c2b000 	C:\WINDOWS\SYSTEM32\CRYPTSP.dll
0x00007ffe962c0000 - 0x00007ffe962f9000 	C:\WINDOWS\system32\rsaenh.dll
0x00007ffe969d0000 - 0x00007ffe96a04000 	C:\WINDOWS\SYSTEM32\USERENV.dll
0x00007ffe975a0000 - 0x00007ffe975ca000 	C:\WINDOWS\SYSTEM32\bcrypt.dll
0x00007ffe96c30000 - 0x00007ffe96c3c000 	C:\WINDOWS\SYSTEM32\CRYPTBASE.dll
0x00007ffe95da0000 - 0x00007ffe95dd3000 	C:\WINDOWS\SYSTEM32\IPHLPAPI.DLL
0x00007ffe98250000 - 0x00007ffe9825a000 	C:\WINDOWS\System32\NSI.dll
0x00007ffe83af0000 - 0x00007ffe83afa000 	C:\Program Files\Apache NetBeans\jdk\bin\management.dll
0x00007ffe83990000 - 0x00007ffe8399c000 	C:\Program Files\Apache NetBeans\jdk\bin\management_ext.dll
0x00007ffe98430000 - 0x00007ffe98438000 	C:\WINDOWS\System32\PSAPI.DLL
0x00007ffe95de0000 - 0x00007ffe95f38000 	C:\WINDOWS\SYSTEM32\DNSAPI.dll
0x00007ffe96720000 - 0x00007ffe9672d000 	C:\WINDOWS\SYSTEM32\DSPARSE.dll
0x00007ffe84b30000 - 0x00007ffe84b3b000 	C:\Windows\System32\rasadhlp.dll
0x00007ffe860a0000 - 0x00007ffe86126000 	C:\WINDOWS\System32\fwpuclnt.dll
0x00007ffe83cf0000 - 0x00007ffe83cf9000 	C:\Program Files\Apache NetBeans\jdk\bin\extnet.dll
0x00007ffe650d0000 - 0x00007ffe650d8000 	C:\WINDOWS\system32\wshunix.dll

JVMTI agents: none

dbghelp: loaded successfully - version: 4.0.5 - missing functions: none
symbol engine: initialized successfully - sym options: 0x614 - pdb path: .;C:\Program Files\Apache NetBeans\jdk\bin;C:\WINDOWS\SYSTEM32;C:\WINDOWS\WinSxS\amd64_microsoft.windows.common-controls_6595b64144ccf1df_6.0.26100.9549_none_3e0a0396e3330090;C:\Program Files\Apache NetBeans\jdk\bin\server

VM Arguments:
java_command: com.gabicake.api.ApiApplication
java_class_path (initial): C:\Users\Sanara Carvalho\OneDrive\Desktop\Pi-II-2026-2-equipe-4-main\Pi-II-2026-2-equipe-4-main\backend\target\classes;C:\Users\Sanara Carvalho\.m2\repository\org\springframework\boot\spring-boot-starter-webmvc\4.1.1\spring-boot-starter-webmvc-4.1.1.jar;C:\Users\Sanara Carvalho\.m2\repository\org\springframework\boot\spring-boot-starter\4.1.1\spring-boot-starter-4.1.1.jar;C:\Users\Sanara Carvalho\.m2\repository\org\springframework\boot\spring-boot-starter-logging\4.1.1\spring-boot-starter-logging-4.1.1.jar;C:\Users\Sanara Carvalho\.m2\repository\ch\qos\logback\logback-classic\1.5.38\logback-classic-1.5.38.jar;C:\Users\Sanara Carvalho\.m2\repository\ch\qos\logback\logback-core\1.5.38\logback-core-1.5.38.jar;C:\Users\Sanara Carvalho\.m2\repository\org\apache\logging\log4j\log4j-to-slf4j\2.25.5\log4j-to-slf4j-2.25.5.jar;C:\Users\Sanara Carvalho\.m2\repository\org\apache\logging\log4j\log4j-api\2.25.5\log4j-api-2.25.5.jar;C:\Users\Sanara Carvalho\.m2\repository\org\slf4j\jul-to-slf4j\2.0.18\jul-to-slf4j-2.0.18.jar;C:\Users\Sanara Carvalho\.m2\repository\org\springframework\boot\spring-boot-autoconfigure\4.1.1\spring-boot-autoconfigure-4.1.1.jar;C:\Users\Sanara Carvalho\.m2\repository\jakarta\annotation\jakarta.annotation-api\3.0.0\jakarta.annotation-api-3.0.0.jar;C:\Users\Sanara Carvalho\.m2\repository\org\yaml\snakeyaml\2.6\snakeyaml-2.6.jar;C:\Users\Sanara Carvalho\.m2\repository\org\springframework\boot\spring-boot-starter-jackson\4.1.1\spring-boot-starter-jackson-4.1.1.jar;C:\Users\Sanara Carvalho\.m2\repository\org\springframework\boot\spring-boot-jackson\4.1.1\spring-boot-jackson-4.1.1.jar;C:\Users\Sanara Carvalho\.m2\repository\tools\jackson\core\jackson-databind\3.1.5\jackson-databind-3.1.5.jar;C:\Users\Sanara Carvalho\.m2\repository\com\fasterxml\jackson\core\jackson-annotations\2.21\jackson-annotations-2.21.jar;C:\Users\Sanara Carvalho\.m2\repository\tools\jackson\core\jackson-core\3.1.5\jackson-core-3.1.5.jar;C:\Users\Sanara Carvalho\.m2\repository\org\springframework\boot\spring-boot-starter-tomcat\4.1.1\spring-boot-starter-tomcat-4.1.1.jar;C:\Users\Sanara Carvalho\.m2\repository\org\springframework\boot\spring-boot-starter-tomcat-runtime\4.1.1\spring-boot-starter-tomcat-runtime-4.1.1.jar;C:\Users\Sanara Carvalho\.m2\repository\org\springframework\boot\spring-boot-web-server\4.1.1\spring-boot-web-server-4.1.1.jar;C:\Users\Sanara Carvalho\.m2\repository\org\apache\tomcat\embed\tomcat-embed-core\11.0.24\tomcat-embed-core-11.0.24.jar;C:\Users\Sanara Carvalho\.m2\repository\org\apache\tomcat\embed\tomcat-embed-el\11.0.24\tomcat-embed-el-11.0.24.jar;C:\Users\Sanara Carvalho\.m2\repository\org\apache\tomcat\embed\tomcat-embed-websocket\11.0.24\tomcat-embed-websocket-11.0.24.jar;C:\Users\Sanara Carvalho\.m2\repository\org\springframework\boot\spring-boot-tomcat\4.1.1\spring-boot-tomcat-4.1.1.jar;C:\Users\Sanara Carvalho\.m2\repository\org\springframework\boot\spring-boot-http-converter\4.1.1\spring-boot-http-converter-4.1.1.jar;C:\Users\Sanara Carvalho\.m2\repository\org\springframework\boot\spring-boot\4.1.1\spring-boot-4.1.1.jar;C:\Users\Sanara Carvalho\.m2\repository\org\springframework\spring-core\7.0.9\spring-core-7.0.9.jar;C:\Users\Sanara Carvalho\.m2\repository\commons-logging\commons-logging\1.3.6\commons-logging-1.3.6.jar;C:\Users\Sanara Carvalho\.m2\repository\org\springframework\spring-context\7.0.9\spring-context-7.0.9.jar;C:\Users\Sanara Carvalho\.m2\repository\org\springframework\spring-web\7.0.9\spring-web-7.0.9.jar;C:\Users\Sanara Carvalho\.m2\repository\org\springframework\spring-beans\7.0.9\spring-beans-7.0.9.jar;C:\Users\Sanara Carvalho\.m2\repository\org\springframework\boot\spring-boot-webmvc\4.1.1\spring-boot-webmvc-4.1.1.jar;C:\Users\Sanara Carvalho\.m2\repository\org\springframework\boot\spring-boot-servlet\4.1.1\spring-boot-servlet-4.1.1.jar;C:\Users\Sanara Carvalho\.m2\repository\org\springframework\spring-webmvc\7.0.9\spring-webmvc-7.0.9.jar;C:\Users\Sanara Carvalho\.m2\repository\org\springframework\spring-aop\7.0.9\spring-aop-7.0.9.jar;C:\Users\Sanara Carvalho\.m2\repository\org\springframework\spring-expression\7.0.9\spring-expression-7.0.9.jar;C:\Users\Sanara Carvalho\.m2\repository\org\springframework\boot\spring-boot-starter-data-jpa\4.1.1\spring-boot-starter-data-jpa-4.1.1.jar;C:\Users\Sanara Carvalho\.m2\repository\org\springframework\boot\spring-boot-starter-jdbc\4.1.1\spring-boot-starter-jdbc-4.1.1.jar;C:\Users\Sanara Carvalho\.m2\repository\com\zaxxer\HikariCP\7.0.2\HikariCP-7.0.2.jar;C:\Users\Sanara Carvalho\.m2\repository\org\slf4j\slf4j-api\2.0.18\slf4j-api-2.0.18.jar;C:\Users\Sanara Carvalho\.m2\repository\org\springframework\boot\spring-boot-data-jpa\4.1.1\spring-boot-data-jpa-4.1.1.jar;C:\Users\Sanara Carvalho\.m2\repository\org\springframework\boot\spring-boot-data-commons\4.1.1\spring-boot-data-commons-4.1.1.jar;C:\Users\Sanara Carvalho\.m2\repository\org\springframework\boot\spring-boot-persistence\4.1.1\spring-boot-persistence-4.1.1.jar;C:\Users\Sanara Carvalho\.m2\repository\org\springframework\data\spring-data-commons\4.1.1\spring-data-commons-4.1.1.jar;C:\Users\Sanara Carvalho\.m2\repository\org\springframework\boot\spring-boot-hibernate\4.1.1\spring-boot-hibernate-4.1.1.jar;C:\Users\Sanara Carvalho\.m2\repository\org\springframework\boot\spring-boot-jpa\4.1.1\spring-boot-jpa-4.1.1.jar;C:\Users\Sanara Carvalho\.m2\repository\jakarta\persistence\jakarta.persistence-api\3.2.0\jakarta.persistence-api-3.2.0.jar;C:\Users\Sanara Carvalho\.m2\repository\org\hibernate\orm\hibernate-core\7.4.5.Final\hibernate-core-7.4.5.Final.jar;C:\Users\Sanara Carvalho\.m2\repository\jakarta\transaction\jakarta.transaction-api\2.0.1\jakarta.transaction-api-2.0.1.jar;C:\Users\Sanara Carvalho\.m2\repository\org\jboss\logging\jboss-logging\3.6.3.Final\jboss-logging-3.6.3.Final.jar;C:\Users\Sanara Carvalho\.m2\repository\org\hibernate\models\hibernate-models\1.1.1\hibernate-models-1.1.1.jar;C:\Users\Sanara Carvalho\.m2\repository\net\bytebuddy\byte-buddy\1.18.11\byte-buddy-1.18.11.jar;C:\Users\Sanara Carvalho\.m2\repository\jakarta\xml\bind\jakarta.xml.bind-api\4.0.5\jakarta.xml.bind-api-4.0.5.jar;C:\Users\Sanara Carvalho\.m2\repository\jakarta\activation\jakarta.activation-api\2.1.4\jakarta.activation-api-2.1.4.jar;C:\Users\Sanara Carvalho\.m2\repository\org\glassfish\jaxb\jaxb-runtime\4.0.9\jaxb-runtime-4.0.9.jar;C:\Users\Sanara Carvalho\.m2\repository\org\glassfish\jaxb\jaxb-core\4.0.9\jaxb-core-4.0.9.jar;C:\Users\Sanara Carvalho\.m2\repository\org\eclipse\angus\angus-activation\2.0.3\angus-activation-2.0.3.jar;C:\Users\Sanara Carvalho\.m2\repository\org\glassfish\jaxb\txw2\4.0.9\txw2-4.0.9.jar;C:\Users\Sanara Carvalho\.m2\repository\com\sun\istack\istack-commons-runtime\4.1.2\istack-commons-runtime-4.1.2.jar;C:\Users\Sanara Carvalho\.m2\repository\jakarta\inject\jakarta.inject-api\2.0.1\jakarta.inject-api-2.0.1.jar;C:\Users\Sanara Carvalho\.m2\repository\org\springframework\spring-orm\7.0.9\spring-orm-7.0.9.jar;C:\Users\Sanara Carvalho\.m2\repository\org\springframework\data\spring-data-jpa\4.1.1\spring-data-jpa-4.1.1.jar;C:\Users\Sanara Carvalho\.m2\repository\org\springframework\spring-tx\7.0.9\spring-tx-7.0.9.jar;C:\Users\Sanara Carvalho\.m2\repository\org\antlr\antlr4-runtime\4.13.2\antlr4-runtime-4.13.2.jar;C:\Users\Sanara Carvalho\.m2\repository\org\springframework\spring-aspects\7.0.9\spring-aspects-7.0.9.jar;C:\Users\Sanara Carvalho\.m2\repository\org\aspectj\aspectjweaver\1.9.25.1\aspectjweaver-1.9.25.1.jar;C:\Users\Sanara Carvalho\.m2\repository\org\springframework\boot\spring-boot-jdbc\4.1.1\spring-boot-jdbc-4.1.1.jar;C:\Users\Sanara Carvalho\.m2\repository\org\springframework\boot\spring-boot-sql\4.1.1\spring-boot-sql-4.1.1.jar;C:\Users\Sanara Carvalho\.m2\repository\org\springframework\boot\spring-boot-transaction\4.1.1\spring-boot-transaction-4.1.1.jar;C:\Users\Sanara Carvalho\.m2\repository\org\springframework\spring-jdbc\7.0.9\spring-jdbc-7.0.9.jar;C:\Users\Sanara Carvalho\.m2\repository\org\springframework\boot\spring-boot-starter-actuator\4.1.1\spring-boot-starter-actuator-4.1.1.jar;C:\Users\Sanara Carvalho\.m2\repository\org\springframework\boot\spring-boot-starter-micrometer-metrics\4.1.1\spring-boot-starter-micrometer-metrics-4.1.1.jar;C:\Users\Sanara Carvalho\.m2\repository\org\springframework\boot\spring-boot-micrometer-metrics\4.1.1\spring-boot-micrometer-metrics-4.1.1.jar;C:\Users\Sanara Carvalho\.m2\repository\org\springframework\boot\spring-boot-micrometer-observation\4.1.1\spring-boot-micrometer-observation-4.1.1.jar;C:\Users\Sanara Carvalho\.m2\repository\org\springframework\boot\spring-boot-actuator-autoconfigure\4.1.1\spring-boot-actuator-autoconfigure-4.1.1.jar;C:\Users\Sanara Carvalho\.m2\repository\org\springframework\boot\spring-boot-actuator\4.1.1\spring-boot-actuator-4.1.1.jar;C:\Users\Sanara Carvalho\.m2\repository\org\springframework\boot\spring-boot-health\4.1.1\spring-boot-health-4.1.1.jar;C:\Users\Sanara Carvalho\.m2\repository\io\micrometer\micrometer-observation\1.17.1\micrometer-observation-1.17.1.jar;C:\Users\Sanara Carvalho\.m2\repository\org\jspecify\jspecify\1.0.1\jspecify-1.0.1.jar;C:\Users\Sanara Carvalho\.m2\repository\io\micrometer\micrometer-commons\1.17.1\micrometer-commons-1.17.1.jar;C:\Users\Sanara Carvalho\.m2\repository\io\micrometer\micrometer-jakarta9\1.17.1\micrometer-jakarta9-1.17.1.jar;C:\Users\Sanara Carvalho\.m2\repository\io\micrometer\micrometer-core\1.17.1\micrometer-core-1.17.1.jar;C:\Users\Sanara Carvalho\.m2\repository\org\hdrhistogram\HdrHistogram\2.2.2\HdrHistogram-2.2.2.jar;C:\Users\Sanara Carvalho\.m2\repository\org\postgresql\postgresql\42.7.13\postgresql-42.7.13.jar;C:\Users\Sanara Carvalho\.m2\repository\org\checkerframework\checker-qual\3.55.1\checker-qual-3.55.1.jar
Launcher Type: SUN_STANDARD

[Global flags]
     bool AOTAdapterCaching                        = false                                  {diagnostic} {ergonomic}
     bool AOTInvokeDynamicLinking                  = false                                  {diagnostic} {ergonomic}
     bool AOTRecordTraining                        = false                                  {diagnostic} {ergonomic}
     bool AOTReplayTraining                        = false                                  {diagnostic} {ergonomic}
     bool AOTStubCaching                           = false                                  {diagnostic} {ergonomic}
     intx CICompilerCount                          = 4                                         {product} {ergonomic}
     uint ConcGCThreads                            = 2                                         {product} {ergonomic}
     uint G1ConcRefinementThreads                  = 8                                         {product} {ergonomic}
     uint G1EagerReclaimRemSetThreshold            = 10                                   {experimental} {ergonomic}
   size_t G1HeapRegionSize                         = 1048576                                   {product} {ergonomic}
     uint G1RemSetArrayOfCardsEntries              = 10                                   {experimental} {ergonomic}
     uint G1RemSetHowlMaxNumBuckets                = 8                                    {experimental} {ergonomic}
     uint G1RemSetHowlNumBuckets                   = 4                                    {experimental} {ergonomic}
   size_t InitialHeapSize                          = 8388608                                   {product} {ergonomic}
     bool IntelJccErratumMitigation                = false                             {ARCH diagnostic} {ergonomic}
   size_t MarkStackSize                            = 4194304                                   {product} {ergonomic}
   size_t MarkStackSizeMax                         = 536870912                                 {product} {ergonomic}
   size_t MaxHeapSize                              = 1002438656                                {product} {ergonomic}
   size_t MaxNewSize                               = 600834048                                 {product} {ergonomic}
 uint64_t MaxRAM                                   = 4006076416                                {product} {ergonomic}
   size_t MinHeapDeltaBytes                        = 1048576                                   {product} {ergonomic}
   size_t MinHeapSize                              = 8388608                                   {product} {ergonomic}
   size_t NonNMethodCodeHeapSize                   = 5898240                                {pd product} {ergonomic}
   size_t NonProfiledCodeHeapSize                  = 122945536                              {pd product} {ergonomic}
   size_t ProfiledCodeHeapSize                     = 122945536                              {pd product} {ergonomic}
   size_t ReservedCodeCacheSize                    = 251789312                              {pd product} {ergonomic}
     bool SegmentedCodeCache                       = true                                      {product} {ergonomic}
   size_t SoftMaxHeapSize                          = 1002438656                             {manageable} {ergonomic}
     bool UseCompressedOops                        = true                           {product lp64_product} {ergonomic}
     bool UseCondCardMark                          = true                                      {product} {ergonomic}
     bool UseFastUnorderedTimeStamps               = true                                 {experimental} {ergonomic}
     bool UseG1GC                                  = true                                      {product} {ergonomic}
     bool UseLargePagesIndividualAllocation        = false                                  {pd product} {ergonomic}
      int X86ICacheSync                            = 3                                 {ARCH diagnostic} {ergonomic}

Logging:
Log output configuration:
 #0: stdout all=warning uptime,level,tags foldmultilines=false
 #1: stderr all=off uptime,level,tags foldmultilines=false

Release file:
IMPLEMENTOR="Eclipse Adoptium" 
IMPLEMENTOR_VERSION="Temurin-26.0.2+10" 
JAVA_RUNTIME_VERSION="26.0.2+10" 
JAVA_VERSION="26.0.2" 
JAVA_VERSION_DATE="2026-07-21" 
LIBC="default" 
MODULES="java.base java.compiler java.datatransfer java.xml java.prefs java.desktop java.instrument java.logging java.management java.security.sasl java.naming java.rmi java.management.rmi java.net.http java.scripting java.security.jgss java.transaction.xa java.sql java.sql.rowset java.xml.crypto java.se java.smartcardio jdk.accessibility jdk.internal.jvmstat jdk.attach jdk.charsets jdk.internal.opt jdk.zipfs jdk.compiler jdk.crypto.cryptoki jdk.crypto.ec jdk.crypto.mscapi jdk.dynalink jdk.internal.ed jdk.editpad jdk.internal.vm.ci jdk.graal.compiler jdk.graal.compiler.management jdk.hotspot.agent jdk.httpserver jdk.incubator.vector jdk.internal.le jdk.internal.md jdk.jartool jdk.javadoc jdk.jcmd jdk.management jdk.management.agent jdk.jconsole jdk.jdeps jdk.jdwp.agent jdk.jdi jdk.jfr jdk.jlink jdk.jpackage jdk.jshell jdk.jstatd jdk.localedata jdk.management.jfr jdk.naming.dns jdk.naming.rmi jdk.net jdk.nio.mapmode jdk.sctp jdk.security.auth jdk.security.jgss jdk.unsupported jdk.unsupported.desktop jdk.xml.dom" 
OS_ARCH="x86_64" 
OS_NAME="Windows" 
SOURCE=".:git:8ef08853c5a2" 
BUILD_SOURCE="git:e6ba7dec3d07654074559310376a3ae89da5f4ac"
BUILD_SOURCE_REPO="https://github.com/adoptium/temurin-build.git"
SOURCE_REPO="https://github.com/adoptium/jdk26u.git"
FULL_VERSION="26.0.2+10"
SEMANTIC_VERSION="26.0.2+10"
BUILD_INFO="OS: Windows Server 2022 Version: 10.0"
JVM_VARIANT="Hotspot"
JVM_VERSION="26.0.2+10"
IMAGE_TYPE="JDK"

Environment Variables:
JAVA_HOME=C:\Program Files\Apache NetBeans\jdk
PATH=C:\Program Files\Eclipse Adoptium\jdk-21.0.12.101-hotspot\bin;C:\msys64\mingw64\bin;C:\msys64\ucrt64\bin;C:\WINDOWS\system32;C:\WINDOWS;C:\WINDOWS\System32\Wbem;C:\winlibs-x86_64-posix-seh-gcc-15.1.0-mingw-w64ucrt-13.0.0-r2\mingw64\bin;C:\Program Files\Git\cmd;C:\Windows\System32\WindowsPowerShell\v1.0\;C:\src\flutter\bin;C:\msys64\mingw64\bin;C:\msys64\ucrt64\bin;C:\Users\Sanara Carvalho\AppData\Local\Programs\Microsoft VS Code\bin;C:\msys64\ucrt64\bin;;C:\Users\Sanara Carvalho\AppData\Local\Programs\DockerDesktop\resources\bin;C:\Program Files\Apache NetBeans\bin\
USERNAME=Sanara Carvalho
OS=Windows_NT
PROCESSOR_IDENTIFIER=Intel64 Family 6 Model 154 Stepping 4, GenuineIntel
TMP=C:\WINDOWS\TEMP
TEMP=C:\WINDOWS\TEMP




Compilation memory statistics disabled.

Periodic native trim disabled

---------------  S Y S T E M  ---------------

OS:
 Windows 11 , 64 bit Build 26100 (10.0.26100.9549)
OS uptime: 1 days 8:12 hours
Hyper-V role detected

CPU: total 8 (initial active 8) (hybrid) family 6 model 154 stepping 4 microcode 0x435, cx8, cmov, fxsr, ht, mmx, 3dnowpref, sse, sse2, sse3, ssse3, sse4.1, sse4.2, popcnt, lzcnt, tsc, tscinvbit, avx, avx2, aes, erms, clmul, bmi1, bmi2, adx, sha, fma, vzeroupper, clflush, clflushopt, clwb, hv, serialize, rdtscp, rdpid, fsrm, gfni, f16c, cet_ibt, cet_ss, hybrid
Processor Information for processor 0
  Max Mhz: 1200, Current Mhz: 1200, Mhz Limit: 1200
Processor Information for processor 1
  Max Mhz: 1200, Current Mhz: 1200, Mhz Limit: 1200
Processor Information for processor 2
  Max Mhz: 1200, Current Mhz: 1200, Mhz Limit: 1200
Processor Information for processor 3
  Max Mhz: 1200, Current Mhz: 1200, Mhz Limit: 1200
Processor Information for processor 4
  Max Mhz: 900, Current Mhz: 900, Mhz Limit: 900
Processor Information for processor 5
  Max Mhz: 900, Current Mhz: 900, Mhz Limit: 900
Processor Information for processor 6
  Max Mhz: 900, Current Mhz: 900, Mhz Limit: 900
Processor Information for processor 7
  Max Mhz: 900, Current Mhz: 900, Mhz Limit: 900

Memory: 4k page, system-wide physical 3820M (66M free)
TotalPageFile size 15596M (AvailPageFile size 0M)
current process WorkingSet (physical memory assigned to process): 22M, peak: 238M
current process commit charge ("private bytes"): 318M, peak: 357M

vm_info: OpenJDK 64-Bit Server VM (26.0.2+10) for windows-amd64 JRE (26.0.2+10), built on 2026-07-21T00:00:00Z with MS VC++ 17.12 (VS2022)

END.
